{
  "Entries": [
    {
      "RequestUri": "/subscriptions/0661b131-4a11-479b-96bf-2f95acca2f73/resourcegroups/ps6500?api-version=2016-09-01",
      "EncodedRequestUri": "L3N1YnNjcmlwdGlvbnMvMDY2MWIxMzEtNGExMS00NzliLTk2YmYtMmY5NWFjY2EyZjczL3Jlc291cmNlZ3JvdXBzL3BzNjUwMD9hcGktdmVyc2lvbj0yMDE2LTA5LTAx",
      "RequestMethod": "PUT",
      "RequestBody": "{\r\n  \"location\": \"westcentralus\"\r\n}",
      "RequestHeaders": {
        "x-ms-client-request-id": [
          "ad1b6df2-5227-46d7-a550-77ab7ef9072b"
        ],
        "Accept-Language": [
          "en-US"
        ],
        "User-Agent": [
          "FxVersion/4.6.27019.06",
          "OSName/Windows",
          "OSVersion/Microsoft.Windows.10.0.17134.",
          "Microsoft.Azure.Management.Internal.Resources.ResourceManagementClient/1.3.1"
        ],
        "Content-Type": [
          "application/json; charset=utf-8"
        ],
        "Content-Length": [
          "35"
        ]
      },
      "ResponseHeaders": {
        "Cache-Control": [
          "no-cache"
        ],
        "Pragma": [
          "no-cache"
        ],
        "x-ms-ratelimit-remaining-subscription-writes": [
          "1199"
        ],
        "x-ms-request-id": [
          "aeecc50c-aa40-4ec7-9cee-1b1d980ac665"
        ],
        "x-ms-correlation-request-id": [
          "aeecc50c-aa40-4ec7-9cee-1b1d980ac665"
        ],
        "x-ms-routing-request-id": [
          "WESTEUROPE:20190717T131012Z:aeecc50c-aa40-4ec7-9cee-1b1d980ac665"
        ],
        "Strict-Transport-Security": [
          "max-age=31536000; includeSubDomains"
        ],
        "X-Content-Type-Options": [
          "nosniff"
        ],
        "Date": [
          "Wed, 17 Jul 2019 13:10:11 GMT"
        ],
        "Content-Length": [
          "172"
        ],
        "Content-Type": [
          "application/json; charset=utf-8"
        ],
        "Expires": [
          "-1"
        ]
      },
      "ResponseBody": "{\r\n  \"id\": \"/subscriptions/0661b131-4a11-479b-96bf-2f95acca2f73/resourceGroups/ps6500\",\r\n  \"name\": \"ps6500\",\r\n  \"location\": \"westcentralus\",\r\n  \"properties\": {\r\n    \"provisioningState\": \"Succeeded\"\r\n  }\r\n}",
      "StatusCode": 201
    },
    {
      "RequestUri": "/subscriptions/0661b131-4a11-479b-96bf-2f95acca2f73/resourceGroups/ps6500/providers/Microsoft.Network/virtualNetworks/ps6500-vnet?api-version=2019-04-01",
      "EncodedRequestUri": "L3N1YnNjcmlwdGlvbnMvMDY2MWIxMzEtNGExMS00NzliLTk2YmYtMmY5NWFjY2EyZjczL3Jlc291cmNlR3JvdXBzL3BzNjUwMC9wcm92aWRlcnMvTWljcm9zb2Z0Lk5ldHdvcmsvdmlydHVhbE5ldHdvcmtzL3BzNjUwMC12bmV0P2FwaS12ZXJzaW9uPTIwMTktMDQtMDE=",
      "RequestMethod": "GET",
      "RequestBody": "",
      "RequestHeaders": {
        "x-ms-client-request-id": [
          "27ae532e-66fd-4f89-b307-7de8e3de0db5"
        ],
        "Accept-Language": [
          "en-US"
        ],
        "User-Agent": [
          "FxVersion/4.6.27019.06",
          "OSName/Windows",
          "OSVersion/Microsoft.Windows.10.0.17134.",
          "Microsoft.Azure.Management.Network.NetworkManagementClient/19.12.0.0"
        ]
      },
      "ResponseHeaders": {
        "Cache-Control": [
          "no-cache"
        ],
        "Pragma": [
          "no-cache"
        ],
        "x-ms-failure-cause": [
          "gateway"
        ],
        "x-ms-request-id": [
          "9a569bb2-fd72-467a-aa8b-9401cbc4ab50"
        ],
        "x-ms-correlation-request-id": [
          "9a569bb2-fd72-467a-aa8b-9401cbc4ab50"
        ],
        "x-ms-routing-request-id": [
          "WESTEUROPE:20190717T131013Z:9a569bb2-fd72-467a-aa8b-9401cbc4ab50"
        ],
        "Strict-Transport-Security": [
          "max-age=31536000; includeSubDomains"
        ],
        "X-Content-Type-Options": [
          "nosniff"
        ],
        "Date": [
          "Wed, 17 Jul 2019 13:10:13 GMT"
        ],
        "Content-Type": [
          "application/json; charset=utf-8"
        ],
        "Expires": [
          "-1"
        ],
        "Content-Length": [
          "155"
        ]
      },
      "ResponseBody": "{\r\n  \"error\": {\r\n    \"code\": \"ResourceNotFound\",\r\n    \"message\": \"The Resource 'Microsoft.Network/virtualNetworks/ps6500-vnet' under resource group 'ps6500' was not found.\"\r\n  }\r\n}",
      "StatusCode": 404
    },
    {
      "RequestUri": "/subscriptions/0661b131-4a11-479b-96bf-2f95acca2f73/resourceGroups/ps6500/providers/Microsoft.Network/virtualNetworks/ps6500-vnet?api-version=2019-04-01",
      "EncodedRequestUri": "L3N1YnNjcmlwdGlvbnMvMDY2MWIxMzEtNGExMS00NzliLTk2YmYtMmY5NWFjY2EyZjczL3Jlc291cmNlR3JvdXBzL3BzNjUwMC9wcm92aWRlcnMvTWljcm9zb2Z0Lk5ldHdvcmsvdmlydHVhbE5ldHdvcmtzL3BzNjUwMC12bmV0P2FwaS12ZXJzaW9uPTIwMTktMDQtMDE=",
      "RequestMethod": "GET",
      "RequestBody": "",
      "RequestHeaders": {
        "User-Agent": [
          "FxVersion/4.6.27019.06",
          "OSName/Windows",
          "OSVersion/Microsoft.Windows.10.0.17134.",
          "Microsoft.Azure.Management.Network.NetworkManagementClient/19.12.0.0"
        ]
      },
      "ResponseHeaders": {
        "Cache-Control": [
          "no-cache"
        ],
        "Pragma": [
          "no-cache"
        ],
        "ETag": [
          "W/\"f625dddf-0886-4b86-bc66-edf86074b2f0\""
        ],
        "x-ms-request-id": [
          "fd2f4dcb-d058-4d80-9849-947c05bf3463"
        ],
        "x-ms-correlation-request-id": [
          "bd8c7f69-1df3-48e3-9100-0ecaa66fc120"
        ],
        "x-ms-arm-service-request-id": [
          "c6355e19-6e53-4bc1-affd-22fe1adbaaa7"
        ],
        "Strict-Transport-Security": [
          "max-age=31536000; includeSubDomains"
        ],
        "Server": [
          "Microsoft-HTTPAPI/2.0",
          "Microsoft-HTTPAPI/2.0"
        ],
        "x-ms-ratelimit-remaining-subscription-reads": [
          "11997"
        ],
        "x-ms-routing-request-id": [
          "WESTEUROPE:20190717T131021Z:bd8c7f69-1df3-48e3-9100-0ecaa66fc120"
        ],
        "X-Content-Type-Options": [
          "nosniff"
        ],
        "Date": [
          "Wed, 17 Jul 2019 13:10:21 GMT"
        ],
        "Content-Length": [
          "648"
        ],
        "Content-Type": [
          "application/json; charset=utf-8"
        ],
        "Expires": [
          "-1"
        ]
      },
      "ResponseBody": "{\r\n  \"name\": \"ps6500-vnet\",\r\n  \"id\": \"/subscriptions/0661b131-4a11-479b-96bf-2f95acca2f73/resourceGroups/ps6500/providers/Microsoft.Network/virtualNetworks/ps6500-vnet\",\r\n  \"etag\": \"W/\\\"f625dddf-0886-4b86-bc66-edf86074b2f0\\\"\",\r\n  \"type\": \"Microsoft.Network/virtualNetworks\",\r\n  \"location\": \"westcentralus\",\r\n  \"properties\": {\r\n    \"provisioningState\": \"Succeeded\",\r\n    \"resourceGuid\": \"f87d89e6-5c76-4788-b1fd-56e558a7e628\",\r\n    \"addressSpace\": {\r\n      \"addressPrefixes\": [\r\n        \"10.0.0.0/16\"\r\n      ]\r\n    },\r\n    \"subnets\": [],\r\n    \"virtualNetworkPeerings\": [],\r\n    \"enableDdosProtection\": false,\r\n    \"enableVmProtection\": false\r\n  }\r\n}",
      "StatusCode": 200
    },
    {
      "RequestUri": "/subscriptions/0661b131-4a11-479b-96bf-2f95acca2f73/resourceGroups/ps6500/providers/Microsoft.Network/virtualNetworks/ps6500-vnet?api-version=2019-04-01",
      "EncodedRequestUri": "L3N1YnNjcmlwdGlvbnMvMDY2MWIxMzEtNGExMS00NzliLTk2YmYtMmY5NWFjY2EyZjczL3Jlc291cmNlR3JvdXBzL3BzNjUwMC9wcm92aWRlcnMvTWljcm9zb2Z0Lk5ldHdvcmsvdmlydHVhbE5ldHdvcmtzL3BzNjUwMC12bmV0P2FwaS12ZXJzaW9uPTIwMTktMDQtMDE=",
      "RequestMethod": "GET",
      "RequestBody": "",
      "RequestHeaders": {
        "x-ms-client-request-id": [
          "d658c593-24fc-4db9-9b5e-0e172da0ade4"
        ],
        "Accept-Language": [
          "en-US"
        ],
        "User-Agent": [
          "FxVersion/4.6.27019.06",
          "OSName/Windows",
          "OSVersion/Microsoft.Windows.10.0.17134.",
          "Microsoft.Azure.Management.Network.NetworkManagementClient/19.12.0.0"
        ]
      },
      "ResponseHeaders": {
        "Cache-Control": [
          "no-cache"
        ],
        "Pragma": [
          "no-cache"
        ],
        "ETag": [
          "W/\"f625dddf-0886-4b86-bc66-edf86074b2f0\""
        ],
        "x-ms-request-id": [
          "58a95df4-0d3f-4acc-b20b-cf5cf70a545e"
        ],
        "x-ms-correlation-request-id": [
          "c641e2df-db7c-4852-83b1-f104a314174c"
        ],
        "x-ms-arm-service-request-id": [
          "5efe9e8a-ccf9-4a08-9496-34cc64f478b1"
        ],
        "Strict-Transport-Security": [
          "max-age=31536000; includeSubDomains"
        ],
        "Server": [
          "Microsoft-HTTPAPI/2.0",
          "Microsoft-HTTPAPI/2.0"
        ],
        "x-ms-ratelimit-remaining-subscription-reads": [
          "11996"
        ],
        "x-ms-routing-request-id": [
          "WESTEUROPE:20190717T131021Z:c641e2df-db7c-4852-83b1-f104a314174c"
        ],
        "X-Content-Type-Options": [
          "nosniff"
        ],
        "Date": [
          "Wed, 17 Jul 2019 13:10:21 GMT"
        ],
        "Content-Length": [
          "648"
        ],
        "Content-Type": [
          "application/json; charset=utf-8"
        ],
        "Expires": [
          "-1"
        ]
      },
      "ResponseBody": "{\r\n  \"name\": \"ps6500-vnet\",\r\n  \"id\": \"/subscriptions/0661b131-4a11-479b-96bf-2f95acca2f73/resourceGroups/ps6500/providers/Microsoft.Network/virtualNetworks/ps6500-vnet\",\r\n  \"etag\": \"W/\\\"f625dddf-0886-4b86-bc66-edf86074b2f0\\\"\",\r\n  \"type\": \"Microsoft.Network/virtualNetworks\",\r\n  \"location\": \"westcentralus\",\r\n  \"properties\": {\r\n    \"provisioningState\": \"Succeeded\",\r\n    \"resourceGuid\": \"f87d89e6-5c76-4788-b1fd-56e558a7e628\",\r\n    \"addressSpace\": {\r\n      \"addressPrefixes\": [\r\n        \"10.0.0.0/16\"\r\n      ]\r\n    },\r\n    \"subnets\": [],\r\n    \"virtualNetworkPeerings\": [],\r\n    \"enableDdosProtection\": false,\r\n    \"enableVmProtection\": false\r\n  }\r\n}",
      "StatusCode": 200
    },
    {
      "RequestUri": "/subscriptions/0661b131-4a11-479b-96bf-2f95acca2f73/resourceGroups/ps6500/providers/Microsoft.Network/virtualNetworks/ps6500-vnet?api-version=2019-04-01",
      "EncodedRequestUri": "L3N1YnNjcmlwdGlvbnMvMDY2MWIxMzEtNGExMS00NzliLTk2YmYtMmY5NWFjY2EyZjczL3Jlc291cmNlR3JvdXBzL3BzNjUwMC9wcm92aWRlcnMvTWljcm9zb2Z0Lk5ldHdvcmsvdmlydHVhbE5ldHdvcmtzL3BzNjUwMC12bmV0P2FwaS12ZXJzaW9uPTIwMTktMDQtMDE=",
      "RequestMethod": "GET",
      "RequestBody": "",
      "RequestHeaders": {
        "x-ms-client-request-id": [
          "90cae71d-6d91-4c55-af4a-944b5872f327"
        ],
        "Accept-Language": [
          "en-US"
        ],
        "User-Agent": [
          "FxVersion/4.6.27019.06",
          "OSName/Windows",
          "OSVersion/Microsoft.Windows.10.0.17134.",
          "Microsoft.Azure.Management.Network.NetworkManagementClient/19.12.0.0"
        ]
      },
      "ResponseHeaders": {
        "Cache-Control": [
          "no-cache"
        ],
        "Pragma": [
          "no-cache"
        ],
        "ETag": [
          "W/\"f625dddf-0886-4b86-bc66-edf86074b2f0\""
        ],
        "x-ms-request-id": [
          "f44141a1-df7d-4e83-b168-def169de1deb"
        ],
        "x-ms-correlation-request-id": [
          "caa20ad4-e43f-43a4-9b4f-d8192c87bd70"
        ],
        "x-ms-arm-service-request-id": [
          "d402eba0-f0f6-4670-bfcb-238fc06fa98d"
        ],
        "Strict-Transport-Security": [
          "max-age=31536000; includeSubDomains"
        ],
        "Server": [
          "Microsoft-HTTPAPI/2.0",
          "Microsoft-HTTPAPI/2.0"
        ],
        "x-ms-ratelimit-remaining-subscription-reads": [
          "11995"
        ],
        "x-ms-routing-request-id": [
          "WESTEUROPE:20190717T131022Z:caa20ad4-e43f-43a4-9b4f-d8192c87bd70"
        ],
        "X-Content-Type-Options": [
          "nosniff"
        ],
        "Date": [
          "Wed, 17 Jul 2019 13:10:21 GMT"
        ],
        "Content-Length": [
          "648"
        ],
        "Content-Type": [
          "application/json; charset=utf-8"
        ],
        "Expires": [
          "-1"
        ]
      },
      "ResponseBody": "{\r\n  \"name\": \"ps6500-vnet\",\r\n  \"id\": \"/subscriptions/0661b131-4a11-479b-96bf-2f95acca2f73/resourceGroups/ps6500/providers/Microsoft.Network/virtualNetworks/ps6500-vnet\",\r\n  \"etag\": \"W/\\\"f625dddf-0886-4b86-bc66-edf86074b2f0\\\"\",\r\n  \"type\": \"Microsoft.Network/virtualNetworks\",\r\n  \"location\": \"westcentralus\",\r\n  \"properties\": {\r\n    \"provisioningState\": \"Succeeded\",\r\n    \"resourceGuid\": \"f87d89e6-5c76-4788-b1fd-56e558a7e628\",\r\n    \"addressSpace\": {\r\n      \"addressPrefixes\": [\r\n        \"10.0.0.0/16\"\r\n      ]\r\n    },\r\n    \"subnets\": [],\r\n    \"virtualNetworkPeerings\": [],\r\n    \"enableDdosProtection\": false,\r\n    \"enableVmProtection\": false\r\n  }\r\n}",
      "StatusCode": 200
    },
    {
      "RequestUri": "/subscriptions/0661b131-4a11-479b-96bf-2f95acca2f73/resourceGroups/ps6500/providers/Microsoft.Network/virtualNetworks/ps6500-vnet?api-version=2019-04-01",
      "EncodedRequestUri": "L3N1YnNjcmlwdGlvbnMvMDY2MWIxMzEtNGExMS00NzliLTk2YmYtMmY5NWFjY2EyZjczL3Jlc291cmNlR3JvdXBzL3BzNjUwMC9wcm92aWRlcnMvTWljcm9zb2Z0Lk5ldHdvcmsvdmlydHVhbE5ldHdvcmtzL3BzNjUwMC12bmV0P2FwaS12ZXJzaW9uPTIwMTktMDQtMDE=",
      "RequestMethod": "GET",
      "RequestBody": "",
      "RequestHeaders": {
        "User-Agent": [
          "FxVersion/4.6.27019.06",
          "OSName/Windows",
          "OSVersion/Microsoft.Windows.10.0.17134.",
          "Microsoft.Azure.Management.Network.NetworkManagementClient/19.12.0.0"
        ]
      },
      "ResponseHeaders": {
        "Cache-Control": [
          "no-cache"
        ],
        "Pragma": [
          "no-cache"
        ],
        "ETag": [
          "W/\"2de6c28f-c3e4-47db-8997-b873166d0797\""
        ],
        "x-ms-request-id": [
          "eecbf406-f43f-4c45-9bd8-37bfcc41fbd9"
        ],
        "x-ms-correlation-request-id": [
          "3aed7fc4-e361-4feb-a755-34efc0c0bb29"
        ],
        "x-ms-arm-service-request-id": [
          "5e93d5be-ea67-43f2-9400-70e5c78e05b6"
        ],
        "Strict-Transport-Security": [
          "max-age=31536000; includeSubDomains"
        ],
        "Server": [
          "Microsoft-HTTPAPI/2.0",
          "Microsoft-HTTPAPI/2.0"
        ],
        "x-ms-ratelimit-remaining-subscription-reads": [
          "11993"
        ],
        "x-ms-routing-request-id": [
          "WESTEUROPE:20190717T131026Z:3aed7fc4-e361-4feb-a755-34efc0c0bb29"
        ],
        "X-Content-Type-Options": [
          "nosniff"
        ],
        "Date": [
          "Wed, 17 Jul 2019 13:10:25 GMT"
        ],
        "Content-Length": [
          "2157"
        ],
        "Content-Type": [
          "application/json; charset=utf-8"
        ],
        "Expires": [
          "-1"
        ]
      },
      "ResponseBody": "{\r\n  \"name\": \"ps6500-vnet\",\r\n  \"id\": \"/subscriptions/0661b131-4a11-479b-96bf-2f95acca2f73/resourceGroups/ps6500/providers/Microsoft.Network/virtualNetworks/ps6500-vnet\",\r\n  \"etag\": \"W/\\\"2de6c28f-c3e4-47db-8997-b873166d0797\\\"\",\r\n  \"type\": \"Microsoft.Network/virtualNetworks\",\r\n  \"location\": \"westcentralus\",\r\n  \"properties\": {\r\n    \"provisioningState\": \"Succeeded\",\r\n    \"resourceGuid\": \"f87d89e6-5c76-4788-b1fd-56e558a7e628\",\r\n    \"addressSpace\": {\r\n      \"addressPrefixes\": [\r\n        \"10.0.0.0/16\"\r\n      ]\r\n    },\r\n    \"dhcpOptions\": {\r\n      \"dnsServers\": []\r\n    },\r\n    \"subnets\": [\r\n      {\r\n        \"name\": \"default\",\r\n        \"id\": \"/subscriptions/0661b131-4a11-479b-96bf-2f95acca2f73/resourceGroups/ps6500/providers/Microsoft.Network/virtualNetworks/ps6500-vnet/subnets/default\",\r\n        \"etag\": \"W/\\\"2de6c28f-c3e4-47db-8997-b873166d0797\\\"\",\r\n        \"properties\": {\r\n          \"provisioningState\": \"Succeeded\",\r\n          \"addressPrefix\": \"10.0.1.0/24\",\r\n          \"serviceEndpoints\": [],\r\n          \"delegations\": [\r\n            {\r\n              \"name\": \"netAppVolumes\",\r\n              \"id\": \"/subscriptions/0661b131-4a11-479b-96bf-2f95acca2f73/resourceGroups/ps6500/providers/Microsoft.Network/virtualNetworks/ps6500-vnet/subnets/default/delegations/netAppVolumes\",\r\n              \"etag\": \"W/\\\"2de6c28f-c3e4-47db-8997-b873166d0797\\\"\",\r\n              \"properties\": {\r\n                \"provisioningState\": \"Succeeded\",\r\n                \"serviceName\": \"Microsoft.Netapp/volumes\",\r\n                \"actions\": [\r\n                  \"Microsoft.Network/networkinterfaces/*\",\r\n                  \"Microsoft.Network/virtualNetworks/subnets/join/action\"\r\n                ]\r\n              },\r\n              \"type\": \"Microsoft.Network/virtualNetworks/subnets/delegations\"\r\n            }\r\n          ],\r\n          \"purpose\": \"HostedWorkloads\",\r\n          \"privateEndpointNetworkPolicies\": \"Enabled\",\r\n          \"privateLinkServiceNetworkPolicies\": \"Enabled\"\r\n        },\r\n        \"type\": \"Microsoft.Network/virtualNetworks/subnets\"\r\n      }\r\n    ],\r\n    \"virtualNetworkPeerings\": [],\r\n    \"enableDdosProtection\": false,\r\n    \"enableVmProtection\": false\r\n  }\r\n}",
      "StatusCode": 200
    },
    {
      "RequestUri": "/subscriptions/0661b131-4a11-479b-96bf-2f95acca2f73/resourceGroups/ps6500/providers/Microsoft.Network/virtualNetworks/ps6500-vnet?api-version=2019-04-01",
      "EncodedRequestUri": "L3N1YnNjcmlwdGlvbnMvMDY2MWIxMzEtNGExMS00NzliLTk2YmYtMmY5NWFjY2EyZjczL3Jlc291cmNlR3JvdXBzL3BzNjUwMC9wcm92aWRlcnMvTWljcm9zb2Z0Lk5ldHdvcmsvdmlydHVhbE5ldHdvcmtzL3BzNjUwMC12bmV0P2FwaS12ZXJzaW9uPTIwMTktMDQtMDE=",
      "RequestMethod": "GET",
      "RequestBody": "",
      "RequestHeaders": {
        "x-ms-client-request-id": [
          "0ae3dff9-135e-49e0-8ee4-1c458aa6eb1a"
        ],
        "Accept-Language": [
          "en-US"
        ],
        "User-Agent": [
          "FxVersion/4.6.27019.06",
          "OSName/Windows",
          "OSVersion/Microsoft.Windows.10.0.17134.",
          "Microsoft.Azure.Management.Network.NetworkManagementClient/19.12.0.0"
        ]
      },
      "ResponseHeaders": {
        "Cache-Control": [
          "no-cache"
        ],
        "Pragma": [
          "no-cache"
        ],
        "ETag": [
          "W/\"2de6c28f-c3e4-47db-8997-b873166d0797\""
        ],
        "x-ms-request-id": [
          "88e7d6a8-0287-4597-b569-32237d06f8eb"
        ],
        "x-ms-correlation-request-id": [
          "2acc0eef-0302-4679-9120-a77eb01d30c4"
        ],
        "x-ms-arm-service-request-id": [
          "854923d9-a5c2-446e-a0b3-1806a40322e9"
        ],
        "Strict-Transport-Security": [
          "max-age=31536000; includeSubDomains"
        ],
        "Server": [
          "Microsoft-HTTPAPI/2.0",
          "Microsoft-HTTPAPI/2.0"
        ],
        "x-ms-ratelimit-remaining-subscription-reads": [
          "11992"
        ],
        "x-ms-routing-request-id": [
          "WESTEUROPE:20190717T131026Z:2acc0eef-0302-4679-9120-a77eb01d30c4"
        ],
        "X-Content-Type-Options": [
          "nosniff"
        ],
        "Date": [
          "Wed, 17 Jul 2019 13:10:25 GMT"
        ],
        "Content-Length": [
          "2157"
        ],
        "Content-Type": [
          "application/json; charset=utf-8"
        ],
        "Expires": [
          "-1"
        ]
      },
      "ResponseBody": "{\r\n  \"name\": \"ps6500-vnet\",\r\n  \"id\": \"/subscriptions/0661b131-4a11-479b-96bf-2f95acca2f73/resourceGroups/ps6500/providers/Microsoft.Network/virtualNetworks/ps6500-vnet\",\r\n  \"etag\": \"W/\\\"2de6c28f-c3e4-47db-8997-b873166d0797\\\"\",\r\n  \"type\": \"Microsoft.Network/virtualNetworks\",\r\n  \"location\": \"westcentralus\",\r\n  \"properties\": {\r\n    \"provisioningState\": \"Succeeded\",\r\n    \"resourceGuid\": \"f87d89e6-5c76-4788-b1fd-56e558a7e628\",\r\n    \"addressSpace\": {\r\n      \"addressPrefixes\": [\r\n        \"10.0.0.0/16\"\r\n      ]\r\n    },\r\n    \"dhcpOptions\": {\r\n      \"dnsServers\": []\r\n    },\r\n    \"subnets\": [\r\n      {\r\n        \"name\": \"default\",\r\n        \"id\": \"/subscriptions/0661b131-4a11-479b-96bf-2f95acca2f73/resourceGroups/ps6500/providers/Microsoft.Network/virtualNetworks/ps6500-vnet/subnets/default\",\r\n        \"etag\": \"W/\\\"2de6c28f-c3e4-47db-8997-b873166d0797\\\"\",\r\n        \"properties\": {\r\n          \"provisioningState\": \"Succeeded\",\r\n          \"addressPrefix\": \"10.0.1.0/24\",\r\n          \"serviceEndpoints\": [],\r\n          \"delegations\": [\r\n            {\r\n              \"name\": \"netAppVolumes\",\r\n              \"id\": \"/subscriptions/0661b131-4a11-479b-96bf-2f95acca2f73/resourceGroups/ps6500/providers/Microsoft.Network/virtualNetworks/ps6500-vnet/subnets/default/delegations/netAppVolumes\",\r\n              \"etag\": \"W/\\\"2de6c28f-c3e4-47db-8997-b873166d0797\\\"\",\r\n              \"properties\": {\r\n                \"provisioningState\": \"Succeeded\",\r\n                \"serviceName\": \"Microsoft.Netapp/volumes\",\r\n                \"actions\": [\r\n                  \"Microsoft.Network/networkinterfaces/*\",\r\n                  \"Microsoft.Network/virtualNetworks/subnets/join/action\"\r\n                ]\r\n              },\r\n              \"type\": \"Microsoft.Network/virtualNetworks/subnets/delegations\"\r\n            }\r\n          ],\r\n          \"purpose\": \"HostedWorkloads\",\r\n          \"privateEndpointNetworkPolicies\": \"Enabled\",\r\n          \"privateLinkServiceNetworkPolicies\": \"Enabled\"\r\n        },\r\n        \"type\": \"Microsoft.Network/virtualNetworks/subnets\"\r\n      }\r\n    ],\r\n    \"virtualNetworkPeerings\": [],\r\n    \"enableDdosProtection\": false,\r\n    \"enableVmProtection\": false\r\n  }\r\n}",
      "StatusCode": 200
    },
    {
      "RequestUri": "/subscriptions/0661b131-4a11-479b-96bf-2f95acca2f73/resourceGroups/ps6500/providers/Microsoft.Network/virtualNetworks/ps6500-vnet?api-version=2019-04-01",
      "EncodedRequestUri": "L3N1YnNjcmlwdGlvbnMvMDY2MWIxMzEtNGExMS00NzliLTk2YmYtMmY5NWFjY2EyZjczL3Jlc291cmNlR3JvdXBzL3BzNjUwMC9wcm92aWRlcnMvTWljcm9zb2Z0Lk5ldHdvcmsvdmlydHVhbE5ldHdvcmtzL3BzNjUwMC12bmV0P2FwaS12ZXJzaW9uPTIwMTktMDQtMDE=",
      "RequestMethod": "PUT",
      "RequestBody": "{\r\n  \"properties\": {\r\n    \"addressSpace\": {\r\n      \"addressPrefixes\": [\r\n        \"10.0.0.0/16\"\r\n      ]\r\n    },\r\n    \"subnets\": [],\r\n    \"virtualNetworkPeerings\": [],\r\n    \"enableDdosProtection\": false\r\n  },\r\n  \"location\": \"westcentralus\"\r\n}",
      "RequestHeaders": {
        "x-ms-client-request-id": [
          "a06ee71f-f7be-416b-b1bf-6d0d303451ae"
        ],
        "Accept-Language": [
          "en-US"
        ],
        "User-Agent": [
          "FxVersion/4.6.27019.06",
          "OSName/Windows",
          "OSVersion/Microsoft.Windows.10.0.17134.",
          "Microsoft.Azure.Management.Network.NetworkManagementClient/19.12.0.0"
        ],
        "Content-Type": [
          "application/json; charset=utf-8"
        ],
        "Content-Length": [
          "241"
        ]
      },
      "ResponseHeaders": {
        "Cache-Control": [
          "no-cache"
        ],
        "Pragma": [
          "no-cache"
        ],
        "Retry-After": [
          "3"
        ],
        "x-ms-request-id": [
          "a1526cc5-9213-482b-a5c6-cc1736838ea7"
        ],
        "Azure-AsyncOperation": [
          "https://management.azure.com/subscriptions/0661b131-4a11-479b-96bf-2f95acca2f73/providers/Microsoft.Network/locations/westcentralus/operations/a1526cc5-9213-482b-a5c6-cc1736838ea7?api-version=2019-04-01"
        ],
        "x-ms-correlation-request-id": [
          "56d92eac-193d-466f-8709-2a4e598adeb8"
        ],
        "x-ms-arm-service-request-id": [
          "dfae6787-da71-4c2f-9488-6ee379ba9749"
        ],
        "Strict-Transport-Security": [
          "max-age=31536000; includeSubDomains"
        ],
        "Server": [
          "Microsoft-HTTPAPI/2.0",
          "Microsoft-HTTPAPI/2.0"
        ],
        "x-ms-ratelimit-remaining-subscription-writes": [
          "1199"
        ],
        "x-ms-routing-request-id": [
          "WESTEUROPE:20190717T131017Z:56d92eac-193d-466f-8709-2a4e598adeb8"
        ],
        "X-Content-Type-Options": [
          "nosniff"
        ],
        "Date": [
          "Wed, 17 Jul 2019 13:10:17 GMT"
        ],
        "Content-Length": [
          "647"
        ],
        "Content-Type": [
          "application/json; charset=utf-8"
        ],
        "Expires": [
          "-1"
        ]
      },
      "ResponseBody": "{\r\n  \"name\": \"ps6500-vnet\",\r\n  \"id\": \"/subscriptions/0661b131-4a11-479b-96bf-2f95acca2f73/resourceGroups/ps6500/providers/Microsoft.Network/virtualNetworks/ps6500-vnet\",\r\n  \"etag\": \"W/\\\"0533af60-82bf-44f8-86a5-2597db6dafaa\\\"\",\r\n  \"type\": \"Microsoft.Network/virtualNetworks\",\r\n  \"location\": \"westcentralus\",\r\n  \"properties\": {\r\n    \"provisioningState\": \"Updating\",\r\n    \"resourceGuid\": \"f87d89e6-5c76-4788-b1fd-56e558a7e628\",\r\n    \"addressSpace\": {\r\n      \"addressPrefixes\": [\r\n        \"10.0.0.0/16\"\r\n      ]\r\n    },\r\n    \"subnets\": [],\r\n    \"virtualNetworkPeerings\": [],\r\n    \"enableDdosProtection\": false,\r\n    \"enableVmProtection\": false\r\n  }\r\n}",
      "StatusCode": 201
    },
    {
      "RequestUri": "/subscriptions/0661b131-4a11-479b-96bf-2f95acca2f73/resourceGroups/ps6500/providers/Microsoft.Network/virtualNetworks/ps6500-vnet?api-version=2019-04-01",
      "EncodedRequestUri": "L3N1YnNjcmlwdGlvbnMvMDY2MWIxMzEtNGExMS00NzliLTk2YmYtMmY5NWFjY2EyZjczL3Jlc291cmNlR3JvdXBzL3BzNjUwMC9wcm92aWRlcnMvTWljcm9zb2Z0Lk5ldHdvcmsvdmlydHVhbE5ldHdvcmtzL3BzNjUwMC12bmV0P2FwaS12ZXJzaW9uPTIwMTktMDQtMDE=",
      "RequestMethod": "PUT",
      "RequestBody": "{\r\n  \"properties\": {\r\n    \"addressSpace\": {\r\n      \"addressPrefixes\": [\r\n        \"10.0.0.0/16\"\r\n      ]\r\n    },\r\n    \"dhcpOptions\": {\r\n      \"dnsServers\": []\r\n    },\r\n    \"subnets\": [\r\n      {\r\n        \"properties\": {\r\n          \"addressPrefix\": \"10.0.1.0/24\",\r\n          \"addressPrefixes\": [],\r\n          \"serviceEndpoints\": [],\r\n          \"serviceEndpointPolicies\": [],\r\n          \"resourceNavigationLinks\": [],\r\n          \"serviceAssociationLinks\": [],\r\n          \"delegations\": [\r\n            {\r\n              \"properties\": {\r\n                \"serviceName\": \"Microsoft.Netapp/volumes\",\r\n                \"actions\": []\r\n              },\r\n              \"name\": \"netAppVolumes\"\r\n            }\r\n          ]\r\n        },\r\n        \"name\": \"default\"\r\n      }\r\n    ],\r\n    \"virtualNetworkPeerings\": [],\r\n    \"resourceGuid\": \"f87d89e6-5c76-4788-b1fd-56e558a7e628\",\r\n    \"provisioningState\": \"Succeeded\",\r\n    \"enableDdosProtection\": false\r\n  },\r\n  \"etag\": \"W/\\\"f625dddf-0886-4b86-bc66-edf86074b2f0\\\"\",\r\n  \"id\": \"/subscriptions/0661b131-4a11-479b-96bf-2f95acca2f73/resourceGroups/ps6500/providers/Microsoft.Network/virtualNetworks/ps6500-vnet\",\r\n  \"location\": \"westcentralus\"\r\n}",
      "RequestHeaders": {
        "x-ms-client-request-id": [
          "37d250a0-6f6c-4923-a42f-8991426423b4"
        ],
        "Accept-Language": [
          "en-US"
        ],
        "User-Agent": [
          "FxVersion/4.6.27019.06",
          "OSName/Windows",
          "OSVersion/Microsoft.Windows.10.0.17134.",
          "Microsoft.Azure.Management.Network.NetworkManagementClient/19.12.0.0"
        ],
        "Content-Type": [
          "application/json; charset=utf-8"
        ],
        "Content-Length": [
          "1170"
        ]
      },
      "ResponseHeaders": {
        "Cache-Control": [
          "no-cache"
        ],
        "Pragma": [
          "no-cache"
        ],
        "Retry-After": [
          "3"
        ],
        "x-ms-request-id": [
          "907bab34-f233-410f-964d-fb9a49099ab0"
        ],
        "Azure-AsyncOperation": [
          "https://management.azure.com/subscriptions/0661b131-4a11-479b-96bf-2f95acca2f73/providers/Microsoft.Network/locations/westcentralus/operations/907bab34-f233-410f-964d-fb9a49099ab0?api-version=2019-04-01"
        ],
        "x-ms-correlation-request-id": [
          "8c7f396f-0853-48c2-a265-4497545d5350"
        ],
        "x-ms-arm-service-request-id": [
          "3e6d4e69-760d-4041-84c2-f310125a23f2"
        ],
        "Strict-Transport-Security": [
          "max-age=31536000; includeSubDomains"
        ],
        "Server": [
          "Microsoft-HTTPAPI/2.0",
          "Microsoft-HTTPAPI/2.0"
        ],
        "x-ms-ratelimit-remaining-subscription-writes": [
          "1198"
        ],
        "x-ms-routing-request-id": [
          "WESTEUROPE:20190717T131022Z:8c7f396f-0853-48c2-a265-4497545d5350"
        ],
        "X-Content-Type-Options": [
          "nosniff"
        ],
        "Date": [
          "Wed, 17 Jul 2019 13:10:22 GMT"
        ],
        "Content-Length": [
          "2155"
        ],
        "Content-Type": [
          "application/json; charset=utf-8"
        ],
        "Expires": [
          "-1"
        ]
      },
      "ResponseBody": "{\r\n  \"name\": \"ps6500-vnet\",\r\n  \"id\": \"/subscriptions/0661b131-4a11-479b-96bf-2f95acca2f73/resourceGroups/ps6500/providers/Microsoft.Network/virtualNetworks/ps6500-vnet\",\r\n  \"etag\": \"W/\\\"649f808b-9250-492b-a559-0f89956a1dff\\\"\",\r\n  \"type\": \"Microsoft.Network/virtualNetworks\",\r\n  \"location\": \"westcentralus\",\r\n  \"properties\": {\r\n    \"provisioningState\": \"Updating\",\r\n    \"resourceGuid\": \"f87d89e6-5c76-4788-b1fd-56e558a7e628\",\r\n    \"addressSpace\": {\r\n      \"addressPrefixes\": [\r\n        \"10.0.0.0/16\"\r\n      ]\r\n    },\r\n    \"dhcpOptions\": {\r\n      \"dnsServers\": []\r\n    },\r\n    \"subnets\": [\r\n      {\r\n        \"name\": \"default\",\r\n        \"id\": \"/subscriptions/0661b131-4a11-479b-96bf-2f95acca2f73/resourceGroups/ps6500/providers/Microsoft.Network/virtualNetworks/ps6500-vnet/subnets/default\",\r\n        \"etag\": \"W/\\\"649f808b-9250-492b-a559-0f89956a1dff\\\"\",\r\n        \"properties\": {\r\n          \"provisioningState\": \"Updating\",\r\n          \"addressPrefix\": \"10.0.1.0/24\",\r\n          \"serviceEndpoints\": [],\r\n          \"delegations\": [\r\n            {\r\n              \"name\": \"netAppVolumes\",\r\n              \"id\": \"/subscriptions/0661b131-4a11-479b-96bf-2f95acca2f73/resourceGroups/ps6500/providers/Microsoft.Network/virtualNetworks/ps6500-vnet/subnets/default/delegations/netAppVolumes\",\r\n              \"etag\": \"W/\\\"649f808b-9250-492b-a559-0f89956a1dff\\\"\",\r\n              \"properties\": {\r\n                \"provisioningState\": \"Succeeded\",\r\n                \"serviceName\": \"Microsoft.Netapp/volumes\",\r\n                \"actions\": [\r\n                  \"Microsoft.Network/networkinterfaces/*\",\r\n                  \"Microsoft.Network/virtualNetworks/subnets/join/action\"\r\n                ]\r\n              },\r\n              \"type\": \"Microsoft.Network/virtualNetworks/subnets/delegations\"\r\n            }\r\n          ],\r\n          \"purpose\": \"HostedWorkloads\",\r\n          \"privateEndpointNetworkPolicies\": \"Enabled\",\r\n          \"privateLinkServiceNetworkPolicies\": \"Enabled\"\r\n        },\r\n        \"type\": \"Microsoft.Network/virtualNetworks/subnets\"\r\n      }\r\n    ],\r\n    \"virtualNetworkPeerings\": [],\r\n    \"enableDdosProtection\": false,\r\n    \"enableVmProtection\": false\r\n  }\r\n}",
      "StatusCode": 200
    },
    {
      "RequestUri": "/subscriptions/0661b131-4a11-479b-96bf-2f95acca2f73/providers/Microsoft.Network/locations/westcentralus/operations/a1526cc5-9213-482b-a5c6-cc1736838ea7?api-version=2019-04-01",
      "EncodedRequestUri": "L3N1YnNjcmlwdGlvbnMvMDY2MWIxMzEtNGExMS00NzliLTk2YmYtMmY5NWFjY2EyZjczL3Byb3ZpZGVycy9NaWNyb3NvZnQuTmV0d29yay9sb2NhdGlvbnMvd2VzdGNlbnRyYWx1cy9vcGVyYXRpb25zL2ExNTI2Y2M1LTkyMTMtNDgyYi1hNWM2LWNjMTczNjgzOGVhNz9hcGktdmVyc2lvbj0yMDE5LTA0LTAx",
      "RequestMethod": "GET",
      "RequestBody": "",
      "RequestHeaders": {
        "User-Agent": [
          "FxVersion/4.6.27019.06",
          "OSName/Windows",
          "OSVersion/Microsoft.Windows.10.0.17134.",
          "Microsoft.Azure.Management.Network.NetworkManagementClient/19.12.0.0"
        ]
      },
      "ResponseHeaders": {
        "Cache-Control": [
          "no-cache"
        ],
        "Pragma": [
          "no-cache"
        ],
        "x-ms-request-id": [
          "41984a71-3561-4695-b858-14683eec408e"
        ],
        "x-ms-correlation-request-id": [
          "4794cf4f-54d5-4126-bbc6-ae3ca8a89c78"
        ],
        "x-ms-arm-service-request-id": [
          "5e7e3d2f-3f21-44fa-89d8-426dfe9d8213"
        ],
        "Strict-Transport-Security": [
          "max-age=31536000; includeSubDomains"
        ],
        "Server": [
          "Microsoft-HTTPAPI/2.0",
          "Microsoft-HTTPAPI/2.0"
        ],
        "x-ms-ratelimit-remaining-subscription-reads": [
          "11998"
        ],
        "x-ms-routing-request-id": [
          "WESTEUROPE:20190717T131021Z:4794cf4f-54d5-4126-bbc6-ae3ca8a89c78"
        ],
        "X-Content-Type-Options": [
          "nosniff"
        ],
        "Date": [
          "Wed, 17 Jul 2019 13:10:21 GMT"
        ],
        "Content-Length": [
          "29"
        ],
        "Content-Type": [
          "application/json; charset=utf-8"
        ],
        "Expires": [
          "-1"
        ]
      },
      "ResponseBody": "{\r\n  \"status\": \"Succeeded\"\r\n}",
      "StatusCode": 200
    },
    {
      "RequestUri": "/subscriptions/0661b131-4a11-479b-96bf-2f95acca2f73/providers/Microsoft.Network/locations/westcentralus/operations/907bab34-f233-410f-964d-fb9a49099ab0?api-version=2019-04-01",
      "EncodedRequestUri": "L3N1YnNjcmlwdGlvbnMvMDY2MWIxMzEtNGExMS00NzliLTk2YmYtMmY5NWFjY2EyZjczL3Byb3ZpZGVycy9NaWNyb3NvZnQuTmV0d29yay9sb2NhdGlvbnMvd2VzdGNlbnRyYWx1cy9vcGVyYXRpb25zLzkwN2JhYjM0LWYyMzMtNDEwZi05NjRkLWZiOWE0OTA5OWFiMD9hcGktdmVyc2lvbj0yMDE5LTA0LTAx",
      "RequestMethod": "GET",
      "RequestBody": "",
      "RequestHeaders": {
        "User-Agent": [
          "FxVersion/4.6.27019.06",
          "OSName/Windows",
          "OSVersion/Microsoft.Windows.10.0.17134.",
          "Microsoft.Azure.Management.Network.NetworkManagementClient/19.12.0.0"
        ]
      },
      "ResponseHeaders": {
        "Cache-Control": [
          "no-cache"
        ],
        "Pragma": [
          "no-cache"
        ],
        "x-ms-request-id": [
          "b8f0dfae-3540-4c13-841d-064c3bbbad9c"
        ],
        "x-ms-correlation-request-id": [
          "987d79ae-ea4f-4f9b-9c48-0b554462561b"
        ],
        "x-ms-arm-service-request-id": [
          "586fd07d-779b-4735-bd6a-dcfc9b8d52b9"
        ],
        "Strict-Transport-Security": [
          "max-age=31536000; includeSubDomains"
        ],
        "Server": [
          "Microsoft-HTTPAPI/2.0",
          "Microsoft-HTTPAPI/2.0"
        ],
        "x-ms-ratelimit-remaining-subscription-reads": [
          "11994"
        ],
        "x-ms-routing-request-id": [
          "WESTEUROPE:20190717T131025Z:987d79ae-ea4f-4f9b-9c48-0b554462561b"
        ],
        "X-Content-Type-Options": [
          "nosniff"
        ],
        "Date": [
          "Wed, 17 Jul 2019 13:10:25 GMT"
        ],
        "Content-Length": [
          "29"
        ],
        "Content-Type": [
          "application/json; charset=utf-8"
        ],
        "Expires": [
          "-1"
        ]
      },
      "ResponseBody": "{\r\n  \"status\": \"Succeeded\"\r\n}",
      "StatusCode": 200
    },
    {
      "RequestUri": "/subscriptions/0661b131-4a11-479b-96bf-2f95acca2f73/resourceGroups/ps6500/providers/Microsoft.NetApp/netAppAccounts/ps3235?api-version=2019-06-01",
      "EncodedRequestUri": "L3N1YnNjcmlwdGlvbnMvMDY2MWIxMzEtNGExMS00NzliLTk2YmYtMmY5NWFjY2EyZjczL3Jlc291cmNlR3JvdXBzL3BzNjUwMC9wcm92aWRlcnMvTWljcm9zb2Z0Lk5ldEFwcC9uZXRBcHBBY2NvdW50cy9wczMyMzU/YXBpLXZlcnNpb249MjAxOS0wNi0wMQ==",
      "RequestMethod": "PUT",
      "RequestBody": "{\r\n  \"location\": \"westcentralus\"\r\n}",
      "RequestHeaders": {
        "x-ms-client-request-id": [
          "adcdca63-bdff-4a10-b541-1636a2466405"
        ],
        "Accept-Language": [
          "en-US"
        ],
        "User-Agent": [
          "FxVersion/4.6.27019.06",
          "OSName/Windows",
          "OSVersion/Microsoft.Windows.10.0.17134.",
          "Microsoft.Azure.Management.NetApp.AzureNetAppFilesManagementClient/1.0.0.0"
        ],
        "Content-Type": [
          "application/json; charset=utf-8"
        ],
        "Content-Length": [
          "35"
        ]
      },
      "ResponseHeaders": {
        "Cache-Control": [
          "no-cache"
        ],
        "Pragma": [
          "no-cache"
        ],
        "ETag": [
          "W/\"datetime'2019-07-17T13%3A10%3A29.5760412Z'\""
        ],
        "x-ms-request-id": [
          "f2bdf79f-1bce-422d-8b6f-4e030830eb49"
        ],
        "Azure-AsyncOperation": [
          "https://management.azure.com/subscriptions/0661b131-4a11-479b-96bf-2f95acca2f73/providers/Microsoft.NetApp/locations/westcentralus/operationResults/94e6359b-e56c-4cd2-a549-1bdfabc1a159?api-version=2019-06-01"
        ],
        "Request-Context": [
          "appId=cid-v1:2c4cb680-0a1f-424d-bb8d-8e650ba68d53"
        ],
        "Access-Control-Expose-Headers": [
          "Request-Context"
        ],
        "Server": [
          "Microsoft-IIS/10.0"
        ],
        "X-Powered-By": [
          "ASP.NET"
        ],
        "x-ms-ratelimit-remaining-subscription-writes": [
          "1199"
        ],
        "x-ms-correlation-request-id": [
          "8e6c0569-d565-4733-a4d1-d90c4e40806b"
        ],
        "x-ms-routing-request-id": [
          "WESTEUROPE:20190717T131030Z:8e6c0569-d565-4733-a4d1-d90c4e40806b"
        ],
        "Strict-Transport-Security": [
          "max-age=31536000; includeSubDomains"
        ],
        "X-Content-Type-Options": [
          "nosniff"
        ],
        "Date": [
          "Wed, 17 Jul 2019 13:10:29 GMT"
        ],
        "Content-Length": [
          "336"
        ],
        "Content-Type": [
          "application/json; charset=utf-8"
        ],
        "Expires": [
          "-1"
        ]
      },
      "ResponseBody": "{\r\n  \"id\": \"/subscriptions/0661b131-4a11-479b-96bf-2f95acca2f73/resourceGroups/ps6500/providers/Microsoft.NetApp/netAppAccounts/ps3235\",\r\n  \"name\": \"ps3235\",\r\n  \"type\": \"Microsoft.NetApp/netAppAccounts\",\r\n  \"etag\": \"W/\\\"datetime'2019-07-17T13%3A10%3A29.5760412Z'\\\"\",\r\n  \"location\": \"westcentralus\",\r\n  \"properties\": {\r\n    \"provisioningState\": \"Succeeded\",\r\n    \"name\": \"ps3235\"\r\n  }\r\n}",
      "StatusCode": 201
    },
    {
      "RequestUri": "/subscriptions/0661b131-4a11-479b-96bf-2f95acca2f73/resourceGroups/ps6500/providers/Microsoft.NetApp/netAppAccounts/ps3235?api-version=2019-06-01",
      "EncodedRequestUri": "L3N1YnNjcmlwdGlvbnMvMDY2MWIxMzEtNGExMS00NzliLTk2YmYtMmY5NWFjY2EyZjczL3Jlc291cmNlR3JvdXBzL3BzNjUwMC9wcm92aWRlcnMvTWljcm9zb2Z0Lk5ldEFwcC9uZXRBcHBBY2NvdW50cy9wczMyMzU/YXBpLXZlcnNpb249MjAxOS0wNi0wMQ==",
      "RequestMethod": "GET",
      "RequestBody": "",
      "RequestHeaders": {
        "User-Agent": [
          "FxVersion/4.6.27019.06",
          "OSName/Windows",
          "OSVersion/Microsoft.Windows.10.0.17134.",
          "Microsoft.Azure.Management.NetApp.AzureNetAppFilesManagementClient/1.0.0.0"
        ]
      },
      "ResponseHeaders": {
        "Cache-Control": [
          "no-cache"
        ],
        "Pragma": [
          "no-cache"
        ],
        "ETag": [
          "W/\"datetime'2019-07-17T13%3A10%3A29.6991265Z'\""
        ],
        "x-ms-request-id": [
          "85e95722-cad5-4de7-b4c2-97f9d94dc16b"
        ],
        "Request-Context": [
          "appId=cid-v1:2c4cb680-0a1f-424d-bb8d-8e650ba68d53"
        ],
        "Access-Control-Expose-Headers": [
          "Request-Context"
        ],
        "Server": [
          "Microsoft-IIS/10.0"
        ],
        "X-Powered-By": [
          "ASP.NET"
        ],
        "x-ms-ratelimit-remaining-subscription-reads": [
          "11999"
        ],
        "x-ms-correlation-request-id": [
          "93223370-cb18-457b-94a0-8e35a663a704"
        ],
        "x-ms-routing-request-id": [
          "WESTEUROPE:20190717T131030Z:93223370-cb18-457b-94a0-8e35a663a704"
        ],
        "Strict-Transport-Security": [
          "max-age=31536000; includeSubDomains"
        ],
        "X-Content-Type-Options": [
          "nosniff"
        ],
        "Date": [
          "Wed, 17 Jul 2019 13:10:30 GMT"
        ],
        "Content-Length": [
          "336"
        ],
        "Content-Type": [
          "application/json; charset=utf-8"
        ],
        "Expires": [
          "-1"
        ]
      },
      "ResponseBody": "{\r\n  \"id\": \"/subscriptions/0661b131-4a11-479b-96bf-2f95acca2f73/resourceGroups/ps6500/providers/Microsoft.NetApp/netAppAccounts/ps3235\",\r\n  \"name\": \"ps3235\",\r\n  \"type\": \"Microsoft.NetApp/netAppAccounts\",\r\n  \"etag\": \"W/\\\"datetime'2019-07-17T13%3A10%3A29.6991265Z'\\\"\",\r\n  \"location\": \"westcentralus\",\r\n  \"properties\": {\r\n    \"provisioningState\": \"Succeeded\",\r\n    \"name\": \"ps3235\"\r\n  }\r\n}",
      "StatusCode": 200
    },
    {
      "RequestUri": "/subscriptions/0661b131-4a11-479b-96bf-2f95acca2f73/resourceGroups/ps6500/providers/Microsoft.NetApp/netAppAccounts/ps3235/capacityPools/ps4590?api-version=2019-06-01",
      "EncodedRequestUri": "L3N1YnNjcmlwdGlvbnMvMDY2MWIxMzEtNGExMS00NzliLTk2YmYtMmY5NWFjY2EyZjczL3Jlc291cmNlR3JvdXBzL3BzNjUwMC9wcm92aWRlcnMvTWljcm9zb2Z0Lk5ldEFwcC9uZXRBcHBBY2NvdW50cy9wczMyMzUvY2FwYWNpdHlQb29scy9wczQ1OTA/YXBpLXZlcnNpb249MjAxOS0wNi0wMQ==",
      "RequestMethod": "PUT",
      "RequestBody": "{\r\n  \"location\": \"westcentralus\",\r\n  \"properties\": {\r\n    \"size\": 4398046511104,\r\n    \"serviceLevel\": \"Premium\"\r\n  }\r\n}",
      "RequestHeaders": {
        "x-ms-client-request-id": [
          "7cc61e90-a7fc-4053-8e80-464c3c9dea6d"
        ],
        "Accept-Language": [
          "en-US"
        ],
        "User-Agent": [
          "FxVersion/4.6.27019.06",
          "OSName/Windows",
          "OSVersion/Microsoft.Windows.10.0.17134.",
          "Microsoft.Azure.Management.NetApp.AzureNetAppFilesManagementClient/1.0.0.0"
        ],
        "Content-Type": [
          "application/json; charset=utf-8"
        ],
        "Content-Length": [
          "119"
        ]
      },
      "ResponseHeaders": {
        "Cache-Control": [
          "no-cache"
        ],
        "Pragma": [
          "no-cache"
        ],
        "ETag": [
          "W/\"datetime'2019-07-17T13%3A10%3A31.9657072Z'\""
        ],
        "x-ms-request-id": [
          "43014e7a-9a13-4a70-8143-af213bcd6d9e"
        ],
        "Azure-AsyncOperation": [
          "https://management.azure.com/subscriptions/0661b131-4a11-479b-96bf-2f95acca2f73/providers/Microsoft.NetApp/locations/westcentralus/operationResults/5c7043b0-eb87-44aa-9b49-9145b1cca4b8?api-version=2019-06-01"
        ],
        "Request-Context": [
          "appId=cid-v1:2c4cb680-0a1f-424d-bb8d-8e650ba68d53"
        ],
        "Access-Control-Expose-Headers": [
          "Request-Context"
        ],
        "Server": [
          "Microsoft-IIS/10.0"
        ],
        "X-Powered-By": [
          "ASP.NET"
        ],
        "x-ms-ratelimit-remaining-subscription-writes": [
          "1198"
        ],
        "x-ms-correlation-request-id": [
          "76d6bc35-d912-4f95-a85f-40e651e7e81c"
        ],
        "x-ms-routing-request-id": [
          "WESTEUROPE:20190717T131032Z:76d6bc35-d912-4f95-a85f-40e651e7e81c"
        ],
        "Strict-Transport-Security": [
          "max-age=31536000; includeSubDomains"
        ],
        "X-Content-Type-Options": [
          "nosniff"
        ],
        "Date": [
          "Wed, 17 Jul 2019 13:10:32 GMT"
        ],
        "Content-Length": [
          "407"
        ],
        "Content-Type": [
          "application/json; charset=utf-8"
        ],
        "Expires": [
          "-1"
        ]
      },
      "ResponseBody": "{\r\n  \"id\": \"/subscriptions/0661b131-4a11-479b-96bf-2f95acca2f73/resourceGroups/ps6500/providers/Microsoft.NetApp/netAppAccounts/ps3235/capacityPools/ps4590\",\r\n  \"name\": \"ps3235/ps4590\",\r\n  \"type\": \"Microsoft.NetApp/netAppAccounts/capacityPools\",\r\n  \"etag\": \"W/\\\"datetime'2019-07-17T13%3A10%3A31.9657072Z'\\\"\",\r\n  \"location\": \"westcentralus\",\r\n  \"properties\": {\r\n    \"serviceLevel\": \"Premium\",\r\n    \"size\": 4398046511104,\r\n    \"provisioningState\": \"Creating\"\r\n  }\r\n}",
      "StatusCode": 201
    },
    {
      "RequestUri": "/subscriptions/0661b131-4a11-479b-96bf-2f95acca2f73/providers/Microsoft.NetApp/locations/westcentralus/operationResults/5c7043b0-eb87-44aa-9b49-9145b1cca4b8?api-version=2019-06-01",
      "EncodedRequestUri": "L3N1YnNjcmlwdGlvbnMvMDY2MWIxMzEtNGExMS00NzliLTk2YmYtMmY5NWFjY2EyZjczL3Byb3ZpZGVycy9NaWNyb3NvZnQuTmV0QXBwL2xvY2F0aW9ucy93ZXN0Y2VudHJhbHVzL29wZXJhdGlvblJlc3VsdHMvNWM3MDQzYjAtZWI4Ny00NGFhLTliNDktOTE0NWIxY2NhNGI4P2FwaS12ZXJzaW9uPTIwMTktMDYtMDE=",
      "RequestMethod": "GET",
      "RequestBody": "",
      "RequestHeaders": {
        "User-Agent": [
          "FxVersion/4.6.27019.06",
          "OSName/Windows",
          "OSVersion/Microsoft.Windows.10.0.17134.",
          "Microsoft.Azure.Management.NetApp.AzureNetAppFilesManagementClient/1.0.0.0"
        ]
      },
      "ResponseHeaders": {
        "Cache-Control": [
          "no-cache"
        ],
        "Pragma": [
          "no-cache"
        ],
        "x-ms-request-id": [
          "4cdeaf5e-dd2e-4764-9327-6c88dae8c440"
        ],
        "Request-Context": [
          "appId=cid-v1:2c4cb680-0a1f-424d-bb8d-8e650ba68d53"
        ],
        "Access-Control-Expose-Headers": [
          "Request-Context"
        ],
        "Server": [
          "Microsoft-IIS/10.0"
        ],
        "X-Powered-By": [
          "ASP.NET"
        ],
        "x-ms-ratelimit-remaining-subscription-reads": [
          "11998"
        ],
        "x-ms-correlation-request-id": [
          "a795f086-4ad5-4632-b75f-b381c840164d"
        ],
        "x-ms-routing-request-id": [
          "WESTEUROPE:20190717T131102Z:a795f086-4ad5-4632-b75f-b381c840164d"
        ],
        "Strict-Transport-Security": [
          "max-age=31536000; includeSubDomains"
        ],
        "X-Content-Type-Options": [
          "nosniff"
        ],
        "Date": [
          "Wed, 17 Jul 2019 13:11:02 GMT"
        ],
        "Content-Length": [
          "515"
        ],
        "Content-Type": [
          "application/json; charset=utf-8"
        ],
        "Expires": [
          "-1"
        ]
      },
      "ResponseBody": "{\r\n  \"id\": \"/subscriptions/0661b131-4a11-479b-96bf-2f95acca2f73/providers/Microsoft.NetApp/locations/westcentralus/operationResults/5c7043b0-eb87-44aa-9b49-9145b1cca4b8\",\r\n  \"name\": \"5c7043b0-eb87-44aa-9b49-9145b1cca4b8\",\r\n  \"status\": \"Succeeded\",\r\n  \"startTime\": \"2019-07-17T13:10:31.830169Z\",\r\n  \"endTime\": \"2019-07-17T13:10:32.4082911Z\",\r\n  \"percentComplete\": 100.0,\r\n  \"properties\": {\r\n    \"resourceName\": \"/subscriptions/0661b131-4a11-479b-96bf-2f95acca2f73/resourceGroups/ps6500/providers/Microsoft.NetApp/netAppAccounts/ps3235/capacityPools/ps4590\"\r\n  }\r\n}",
      "StatusCode": 200
    },
    {
      "RequestUri": "/subscriptions/0661b131-4a11-479b-96bf-2f95acca2f73/resourceGroups/ps6500/providers/Microsoft.NetApp/netAppAccounts/ps3235/capacityPools/ps4590?api-version=2019-06-01",
      "EncodedRequestUri": "L3N1YnNjcmlwdGlvbnMvMDY2MWIxMzEtNGExMS00NzliLTk2YmYtMmY5NWFjY2EyZjczL3Jlc291cmNlR3JvdXBzL3BzNjUwMC9wcm92aWRlcnMvTWljcm9zb2Z0Lk5ldEFwcC9uZXRBcHBBY2NvdW50cy9wczMyMzUvY2FwYWNpdHlQb29scy9wczQ1OTA/YXBpLXZlcnNpb249MjAxOS0wNi0wMQ==",
      "RequestMethod": "GET",
      "RequestBody": "",
      "RequestHeaders": {
        "User-Agent": [
          "FxVersion/4.6.27019.06",
          "OSName/Windows",
          "OSVersion/Microsoft.Windows.10.0.17134.",
          "Microsoft.Azure.Management.NetApp.AzureNetAppFilesManagementClient/1.0.0.0"
        ]
      },
      "ResponseHeaders": {
        "Cache-Control": [
          "no-cache"
        ],
        "Pragma": [
          "no-cache"
        ],
        "ETag": [
          "W/\"datetime'2019-07-17T13%3A10%3A32.4050154Z'\""
        ],
        "x-ms-request-id": [
          "0884b169-96cd-41e6-9789-8ea472a8c4f1"
        ],
        "Request-Context": [
          "appId=cid-v1:2c4cb680-0a1f-424d-bb8d-8e650ba68d53"
        ],
        "Access-Control-Expose-Headers": [
          "Request-Context"
        ],
        "Server": [
          "Microsoft-IIS/10.0"
        ],
        "X-Powered-By": [
          "ASP.NET"
        ],
        "x-ms-ratelimit-remaining-subscription-reads": [
          "11997"
        ],
        "x-ms-correlation-request-id": [
          "78fc0b5e-f657-4392-be2c-7c0f33a45fe5"
        ],
        "x-ms-routing-request-id": [
          "WESTEUROPE:20190717T131103Z:78fc0b5e-f657-4392-be2c-7c0f33a45fe5"
        ],
        "Strict-Transport-Security": [
          "max-age=31536000; includeSubDomains"
        ],
        "X-Content-Type-Options": [
          "nosniff"
        ],
        "Date": [
          "Wed, 17 Jul 2019 13:11:02 GMT"
        ],
        "Content-Length": [
          "479"
        ],
        "Content-Type": [
          "application/json; charset=utf-8"
        ],
        "Expires": [
          "-1"
        ]
      },
      "ResponseBody": "{\r\n  \"id\": \"/subscriptions/0661b131-4a11-479b-96bf-2f95acca2f73/resourceGroups/ps6500/providers/Microsoft.NetApp/netAppAccounts/ps3235/capacityPools/ps4590\",\r\n  \"name\": \"ps3235/ps4590\",\r\n  \"type\": \"Microsoft.NetApp/netAppAccounts/capacityPools\",\r\n  \"etag\": \"W/\\\"datetime'2019-07-17T13%3A10%3A32.4050154Z'\\\"\",\r\n  \"location\": \"westcentralus\",\r\n  \"properties\": {\r\n    \"poolId\": \"c7212d14-5660-a8fc-56f8-3e0382143a8c\",\r\n    \"name\": \"ps3235/ps4590\",\r\n    \"serviceLevel\": \"Premium\",\r\n    \"size\": 4398046511104,\r\n    \"provisioningState\": \"Succeeded\"\r\n  }\r\n}",
      "StatusCode": 200
    },
    {
      "RequestUri": "/subscriptions/0661b131-4a11-479b-96bf-2f95acca2f73/resourceGroups/ps6500/providers/Microsoft.NetApp/netAppAccounts/ps3235/capacityPools/ps4590/volumes/ps7450?api-version=2019-06-01",
      "EncodedRequestUri": "L3N1YnNjcmlwdGlvbnMvMDY2MWIxMzEtNGExMS00NzliLTk2YmYtMmY5NWFjY2EyZjczL3Jlc291cmNlR3JvdXBzL3BzNjUwMC9wcm92aWRlcnMvTWljcm9zb2Z0Lk5ldEFwcC9uZXRBcHBBY2NvdW50cy9wczMyMzUvY2FwYWNpdHlQb29scy9wczQ1OTAvdm9sdW1lcy9wczc0NTA/YXBpLXZlcnNpb249MjAxOS0wNi0wMQ==",
      "RequestMethod": "PUT",
      "RequestBody": "{\r\n  \"location\": \"westcentralus\",\r\n  \"properties\": {\r\n    \"creationToken\": \"ps7450\",\r\n    \"serviceLevel\": \"Premium\",\r\n    \"usageThreshold\": 107374182400,\r\n    \"subnetId\": \"/subscriptions/0661b131-4a11-479b-96bf-2f95acca2f73/resourceGroups/ps6500/providers/Microsoft.Network/virtualNetworks/ps6500-vnet/subnets/default\"\r\n  }\r\n}",
      "RequestHeaders": {
        "x-ms-client-request-id": [
          "c34eedcd-aa6e-424a-b6d3-8f1b5848a4c6"
        ],
        "Accept-Language": [
          "en-US"
        ],
        "User-Agent": [
          "FxVersion/4.6.27019.06",
          "OSName/Windows",
          "OSVersion/Microsoft.Windows.10.0.17134.",
          "Microsoft.Azure.Management.NetApp.AzureNetAppFilesManagementClient/1.0.0.0"
        ],
        "Content-Type": [
          "application/json; charset=utf-8"
        ],
        "Content-Length": [
          "326"
        ]
      },
      "ResponseHeaders": {
        "Cache-Control": [
          "no-cache"
        ],
        "Pragma": [
          "no-cache"
        ],
        "ETag": [
          "W/\"datetime'2019-07-17T13%3A11%3A05.2469582Z'\""
        ],
        "x-ms-request-id": [
          "408cf2a7-43ba-452e-b94c-824bf6de21f9"
        ],
        "Azure-AsyncOperation": [
          "https://management.azure.com/subscriptions/0661b131-4a11-479b-96bf-2f95acca2f73/providers/Microsoft.NetApp/locations/westcentralus/operationResults/f13bdd9f-1c30-4eb8-879b-50833f854a77?api-version=2019-06-01"
        ],
        "Request-Context": [
          "appId=cid-v1:2c4cb680-0a1f-424d-bb8d-8e650ba68d53"
        ],
        "Access-Control-Expose-Headers": [
          "Request-Context"
        ],
        "Server": [
          "Microsoft-IIS/10.0"
        ],
        "X-Powered-By": [
          "ASP.NET"
        ],
        "x-ms-ratelimit-remaining-subscription-writes": [
          "1197"
        ],
        "x-ms-correlation-request-id": [
          "272c981a-39c3-4d32-8134-d27ff0871c15"
        ],
        "x-ms-routing-request-id": [
          "WESTEUROPE:20190717T131105Z:272c981a-39c3-4d32-8134-d27ff0871c15"
        ],
        "Strict-Transport-Security": [
          "max-age=31536000; includeSubDomains"
        ],
        "X-Content-Type-Options": [
          "nosniff"
        ],
        "Date": [
          "Wed, 17 Jul 2019 13:11:04 GMT"
        ],
        "Content-Length": [
          "630"
        ],
        "Content-Type": [
          "application/json; charset=utf-8"
        ],
        "Expires": [
          "-1"
        ]
      },
      "ResponseBody": "{\r\n  \"id\": \"/subscriptions/0661b131-4a11-479b-96bf-2f95acca2f73/resourceGroups/ps6500/providers/Microsoft.NetApp/netAppAccounts/ps3235/capacityPools/ps4590/volumes/ps7450\",\r\n  \"name\": \"ps3235/ps4590/ps7450\",\r\n  \"type\": \"Microsoft.NetApp/netAppAccounts/capacityPools/volumes\",\r\n  \"etag\": \"W/\\\"datetime'2019-07-17T13%3A11%3A05.2469582Z'\\\"\",\r\n  \"location\": \"westcentralus\",\r\n  \"properties\": {\r\n    \"serviceLevel\": \"Premium\",\r\n    \"creationToken\": \"ps7450\",\r\n    \"usageThreshold\": 107374182400,\r\n    \"subnetId\": \"/subscriptions/0661b131-4a11-479b-96bf-2f95acca2f73/resourceGroups/ps6500/providers/Microsoft.Network/virtualNetworks/ps6500-vnet/subnets/default\",\r\n    \"provisioningState\": \"Creating\"\r\n  }\r\n}",
      "StatusCode": 201
    },
    {
      "RequestUri": "/subscriptions/0661b131-4a11-479b-96bf-2f95acca2f73/providers/Microsoft.NetApp/locations/westcentralus/operationResults/f13bdd9f-1c30-4eb8-879b-50833f854a77?api-version=2019-06-01",
      "EncodedRequestUri": "L3N1YnNjcmlwdGlvbnMvMDY2MWIxMzEtNGExMS00NzliLTk2YmYtMmY5NWFjY2EyZjczL3Byb3ZpZGVycy9NaWNyb3NvZnQuTmV0QXBwL2xvY2F0aW9ucy93ZXN0Y2VudHJhbHVzL29wZXJhdGlvblJlc3VsdHMvZjEzYmRkOWYtMWMzMC00ZWI4LTg3OWItNTA4MzNmODU0YTc3P2FwaS12ZXJzaW9uPTIwMTktMDYtMDE=",
      "RequestMethod": "GET",
      "RequestBody": "",
      "RequestHeaders": {
        "User-Agent": [
          "FxVersion/4.6.27019.06",
          "OSName/Windows",
          "OSVersion/Microsoft.Windows.10.0.17134.",
          "Microsoft.Azure.Management.NetApp.AzureNetAppFilesManagementClient/1.0.0.0"
        ]
      },
      "ResponseHeaders": {
        "Cache-Control": [
          "no-cache"
        ],
        "Pragma": [
          "no-cache"
        ],
        "x-ms-request-id": [
          "83a92c12-9e3c-488b-b7f3-7e60088d1805"
        ],
        "Request-Context": [
          "appId=cid-v1:2c4cb680-0a1f-424d-bb8d-8e650ba68d53"
        ],
        "Access-Control-Expose-Headers": [
          "Request-Context"
        ],
        "x-ms-ratelimit-remaining-subscription-reads": [
          "11996"
        ],
        "Server": [
          "Microsoft-IIS/10.0"
        ],
        "X-Powered-By": [
          "ASP.NET"
        ],
        "x-ms-correlation-request-id": [
          "57aad92e-100f-464a-8aed-3d82b676b1f1"
        ],
        "x-ms-routing-request-id": [
          "WESTEUROPE:20190717T131136Z:57aad92e-100f-464a-8aed-3d82b676b1f1"
        ],
        "Strict-Transport-Security": [
          "max-age=31536000; includeSubDomains"
        ],
        "X-Content-Type-Options": [
          "nosniff"
        ],
        "Date": [
          "Wed, 17 Jul 2019 13:11:35 GMT"
        ],
        "Content-Length": [
          "520"
        ],
        "Content-Type": [
          "application/json; charset=utf-8"
        ],
        "Expires": [
          "-1"
        ]
      },
      "ResponseBody": "{\r\n  \"id\": \"/subscriptions/0661b131-4a11-479b-96bf-2f95acca2f73/providers/Microsoft.NetApp/locations/westcentralus/operationResults/f13bdd9f-1c30-4eb8-879b-50833f854a77\",\r\n  \"name\": \"f13bdd9f-1c30-4eb8-879b-50833f854a77\",\r\n  \"status\": \"Creating\",\r\n  \"startTime\": \"2019-07-17T13:11:05.1021867Z\",\r\n  \"endTime\": \"0001-01-01T00:00:00Z\",\r\n  \"percentComplete\": 0.0,\r\n  \"properties\": {\r\n    \"resourceName\": \"/subscriptions/0661b131-4a11-479b-96bf-2f95acca2f73/resourceGroups/ps6500/providers/Microsoft.NetApp/netAppAccounts/ps3235/capacityPools/ps4590/volumes/ps7450\"\r\n  }\r\n}",
      "StatusCode": 200
    },
    {
      "RequestUri": "/subscriptions/0661b131-4a11-479b-96bf-2f95acca2f73/providers/Microsoft.NetApp/locations/westcentralus/operationResults/f13bdd9f-1c30-4eb8-879b-50833f854a77?api-version=2019-06-01",
      "EncodedRequestUri": "L3N1YnNjcmlwdGlvbnMvMDY2MWIxMzEtNGExMS00NzliLTk2YmYtMmY5NWFjY2EyZjczL3Byb3ZpZGVycy9NaWNyb3NvZnQuTmV0QXBwL2xvY2F0aW9ucy93ZXN0Y2VudHJhbHVzL29wZXJhdGlvblJlc3VsdHMvZjEzYmRkOWYtMWMzMC00ZWI4LTg3OWItNTA4MzNmODU0YTc3P2FwaS12ZXJzaW9uPTIwMTktMDYtMDE=",
      "RequestMethod": "GET",
      "RequestBody": "",
      "RequestHeaders": {
        "User-Agent": [
          "FxVersion/4.6.27019.06",
          "OSName/Windows",
          "OSVersion/Microsoft.Windows.10.0.17134.",
          "Microsoft.Azure.Management.NetApp.AzureNetAppFilesManagementClient/1.0.0.0"
        ]
      },
      "ResponseHeaders": {
        "Cache-Control": [
          "no-cache"
        ],
        "Pragma": [
          "no-cache"
        ],
        "x-ms-request-id": [
          "472e9c72-9827-4d43-a486-7f306e6ca0c3"
        ],
        "Request-Context": [
          "appId=cid-v1:2c4cb680-0a1f-424d-bb8d-8e650ba68d53"
        ],
        "Access-Control-Expose-Headers": [
          "Request-Context"
        ],
        "Server": [
          "Microsoft-IIS/10.0"
        ],
        "X-Powered-By": [
          "ASP.NET"
        ],
        "x-ms-ratelimit-remaining-subscription-reads": [
          "11995"
        ],
        "x-ms-correlation-request-id": [
          "2916b131-5bf0-4d46-9671-dc92159f0a1e"
        ],
        "x-ms-routing-request-id": [
          "WESTEUROPE:20190717T131207Z:2916b131-5bf0-4d46-9671-dc92159f0a1e"
        ],
        "Strict-Transport-Security": [
          "max-age=31536000; includeSubDomains"
        ],
        "X-Content-Type-Options": [
          "nosniff"
        ],
        "Date": [
          "Wed, 17 Jul 2019 13:12:06 GMT"
        ],
        "Content-Length": [
          "520"
        ],
        "Content-Type": [
          "application/json; charset=utf-8"
        ],
        "Expires": [
          "-1"
        ]
      },
      "ResponseBody": "{\r\n  \"id\": \"/subscriptions/0661b131-4a11-479b-96bf-2f95acca2f73/providers/Microsoft.NetApp/locations/westcentralus/operationResults/f13bdd9f-1c30-4eb8-879b-50833f854a77\",\r\n  \"name\": \"f13bdd9f-1c30-4eb8-879b-50833f854a77\",\r\n  \"status\": \"Creating\",\r\n  \"startTime\": \"2019-07-17T13:11:05.1021867Z\",\r\n  \"endTime\": \"0001-01-01T00:00:00Z\",\r\n  \"percentComplete\": 0.0,\r\n  \"properties\": {\r\n    \"resourceName\": \"/subscriptions/0661b131-4a11-479b-96bf-2f95acca2f73/resourceGroups/ps6500/providers/Microsoft.NetApp/netAppAccounts/ps3235/capacityPools/ps4590/volumes/ps7450\"\r\n  }\r\n}",
      "StatusCode": 200
    },
    {
      "RequestUri": "/subscriptions/0661b131-4a11-479b-96bf-2f95acca2f73/providers/Microsoft.NetApp/locations/westcentralus/operationResults/f13bdd9f-1c30-4eb8-879b-50833f854a77?api-version=2019-06-01",
      "EncodedRequestUri": "L3N1YnNjcmlwdGlvbnMvMDY2MWIxMzEtNGExMS00NzliLTk2YmYtMmY5NWFjY2EyZjczL3Byb3ZpZGVycy9NaWNyb3NvZnQuTmV0QXBwL2xvY2F0aW9ucy93ZXN0Y2VudHJhbHVzL29wZXJhdGlvblJlc3VsdHMvZjEzYmRkOWYtMWMzMC00ZWI4LTg3OWItNTA4MzNmODU0YTc3P2FwaS12ZXJzaW9uPTIwMTktMDYtMDE=",
      "RequestMethod": "GET",
      "RequestBody": "",
      "RequestHeaders": {
        "User-Agent": [
          "FxVersion/4.6.27019.06",
          "OSName/Windows",
          "OSVersion/Microsoft.Windows.10.0.17134.",
          "Microsoft.Azure.Management.NetApp.AzureNetAppFilesManagementClient/1.0.0.0"
        ]
      },
      "ResponseHeaders": {
        "Cache-Control": [
          "no-cache"
        ],
        "Pragma": [
          "no-cache"
        ],
        "x-ms-request-id": [
          "bc983829-e8da-46e1-94ff-9d706fa86db7"
        ],
        "Request-Context": [
          "appId=cid-v1:2c4cb680-0a1f-424d-bb8d-8e650ba68d53"
        ],
        "Access-Control-Expose-Headers": [
          "Request-Context"
        ],
        "Server": [
          "Microsoft-IIS/10.0"
        ],
        "X-Powered-By": [
          "ASP.NET"
        ],
        "x-ms-ratelimit-remaining-subscription-reads": [
          "11994"
        ],
        "x-ms-correlation-request-id": [
          "14640052-c5b3-444d-a7e0-20a450c3ebf3"
        ],
        "x-ms-routing-request-id": [
          "WESTEUROPE:20190717T131237Z:14640052-c5b3-444d-a7e0-20a450c3ebf3"
        ],
        "Strict-Transport-Security": [
          "max-age=31536000; includeSubDomains"
        ],
        "X-Content-Type-Options": [
          "nosniff"
        ],
        "Date": [
          "Wed, 17 Jul 2019 13:12:36 GMT"
        ],
        "Content-Length": [
          "520"
        ],
        "Content-Type": [
          "application/json; charset=utf-8"
        ],
        "Expires": [
          "-1"
        ]
      },
      "ResponseBody": "{\r\n  \"id\": \"/subscriptions/0661b131-4a11-479b-96bf-2f95acca2f73/providers/Microsoft.NetApp/locations/westcentralus/operationResults/f13bdd9f-1c30-4eb8-879b-50833f854a77\",\r\n  \"name\": \"f13bdd9f-1c30-4eb8-879b-50833f854a77\",\r\n  \"status\": \"Creating\",\r\n  \"startTime\": \"2019-07-17T13:11:05.1021867Z\",\r\n  \"endTime\": \"0001-01-01T00:00:00Z\",\r\n  \"percentComplete\": 0.0,\r\n  \"properties\": {\r\n    \"resourceName\": \"/subscriptions/0661b131-4a11-479b-96bf-2f95acca2f73/resourceGroups/ps6500/providers/Microsoft.NetApp/netAppAccounts/ps3235/capacityPools/ps4590/volumes/ps7450\"\r\n  }\r\n}",
      "StatusCode": 200
    },
    {
      "RequestUri": "/subscriptions/0661b131-4a11-479b-96bf-2f95acca2f73/providers/Microsoft.NetApp/locations/westcentralus/operationResults/f13bdd9f-1c30-4eb8-879b-50833f854a77?api-version=2019-06-01",
      "EncodedRequestUri": "L3N1YnNjcmlwdGlvbnMvMDY2MWIxMzEtNGExMS00NzliLTk2YmYtMmY5NWFjY2EyZjczL3Byb3ZpZGVycy9NaWNyb3NvZnQuTmV0QXBwL2xvY2F0aW9ucy93ZXN0Y2VudHJhbHVzL29wZXJhdGlvblJlc3VsdHMvZjEzYmRkOWYtMWMzMC00ZWI4LTg3OWItNTA4MzNmODU0YTc3P2FwaS12ZXJzaW9uPTIwMTktMDYtMDE=",
      "RequestMethod": "GET",
      "RequestBody": "",
      "RequestHeaders": {
        "User-Agent": [
          "FxVersion/4.6.27019.06",
          "OSName/Windows",
          "OSVersion/Microsoft.Windows.10.0.17134.",
          "Microsoft.Azure.Management.NetApp.AzureNetAppFilesManagementClient/1.0.0.0"
        ]
      },
      "ResponseHeaders": {
        "Cache-Control": [
          "no-cache"
        ],
        "Pragma": [
          "no-cache"
        ],
        "x-ms-request-id": [
          "7bff1e4e-259c-48d1-9bc5-55e375402532"
        ],
        "Request-Context": [
          "appId=cid-v1:2c4cb680-0a1f-424d-bb8d-8e650ba68d53"
        ],
        "Access-Control-Expose-Headers": [
          "Request-Context"
        ],
        "Server": [
          "Microsoft-IIS/10.0"
        ],
        "X-Powered-By": [
          "ASP.NET"
        ],
        "x-ms-ratelimit-remaining-subscription-reads": [
          "11993"
        ],
        "x-ms-correlation-request-id": [
          "01e1b0fe-e1b7-4be9-bb03-95982713bac9"
        ],
        "x-ms-routing-request-id": [
          "WESTEUROPE:20190717T131307Z:01e1b0fe-e1b7-4be9-bb03-95982713bac9"
        ],
        "Strict-Transport-Security": [
          "max-age=31536000; includeSubDomains"
        ],
        "X-Content-Type-Options": [
          "nosniff"
        ],
        "Date": [
          "Wed, 17 Jul 2019 13:13:07 GMT"
        ],
        "Content-Length": [
          "520"
        ],
        "Content-Type": [
          "application/json; charset=utf-8"
        ],
        "Expires": [
          "-1"
        ]
      },
      "ResponseBody": "{\r\n  \"id\": \"/subscriptions/0661b131-4a11-479b-96bf-2f95acca2f73/providers/Microsoft.NetApp/locations/westcentralus/operationResults/f13bdd9f-1c30-4eb8-879b-50833f854a77\",\r\n  \"name\": \"f13bdd9f-1c30-4eb8-879b-50833f854a77\",\r\n  \"status\": \"Creating\",\r\n  \"startTime\": \"2019-07-17T13:11:05.1021867Z\",\r\n  \"endTime\": \"0001-01-01T00:00:00Z\",\r\n  \"percentComplete\": 0.0,\r\n  \"properties\": {\r\n    \"resourceName\": \"/subscriptions/0661b131-4a11-479b-96bf-2f95acca2f73/resourceGroups/ps6500/providers/Microsoft.NetApp/netAppAccounts/ps3235/capacityPools/ps4590/volumes/ps7450\"\r\n  }\r\n}",
      "StatusCode": 200
    },
    {
      "RequestUri": "/subscriptions/0661b131-4a11-479b-96bf-2f95acca2f73/providers/Microsoft.NetApp/locations/westcentralus/operationResults/f13bdd9f-1c30-4eb8-879b-50833f854a77?api-version=2019-06-01",
      "EncodedRequestUri": "L3N1YnNjcmlwdGlvbnMvMDY2MWIxMzEtNGExMS00NzliLTk2YmYtMmY5NWFjY2EyZjczL3Byb3ZpZGVycy9NaWNyb3NvZnQuTmV0QXBwL2xvY2F0aW9ucy93ZXN0Y2VudHJhbHVzL29wZXJhdGlvblJlc3VsdHMvZjEzYmRkOWYtMWMzMC00ZWI4LTg3OWItNTA4MzNmODU0YTc3P2FwaS12ZXJzaW9uPTIwMTktMDYtMDE=",
      "RequestMethod": "GET",
      "RequestBody": "",
      "RequestHeaders": {
        "User-Agent": [
          "FxVersion/4.6.27019.06",
          "OSName/Windows",
          "OSVersion/Microsoft.Windows.10.0.17134.",
          "Microsoft.Azure.Management.NetApp.AzureNetAppFilesManagementClient/1.0.0.0"
        ]
      },
      "ResponseHeaders": {
        "Cache-Control": [
          "no-cache"
        ],
        "Pragma": [
          "no-cache"
        ],
        "x-ms-request-id": [
          "0c9192c0-d4f7-48ba-97c2-b519630ae920"
        ],
        "Request-Context": [
          "appId=cid-v1:2c4cb680-0a1f-424d-bb8d-8e650ba68d53"
        ],
        "Access-Control-Expose-Headers": [
          "Request-Context"
        ],
        "x-ms-ratelimit-remaining-subscription-reads": [
          "11992"
        ],
        "Server": [
          "Microsoft-IIS/10.0"
        ],
        "X-Powered-By": [
          "ASP.NET"
        ],
        "x-ms-correlation-request-id": [
          "e36ff89c-8ef7-4828-b25c-50b8fcdf5c70"
        ],
        "x-ms-routing-request-id": [
          "WESTEUROPE:20190717T131337Z:e36ff89c-8ef7-4828-b25c-50b8fcdf5c70"
        ],
        "Strict-Transport-Security": [
          "max-age=31536000; includeSubDomains"
        ],
        "X-Content-Type-Options": [
          "nosniff"
        ],
        "Date": [
          "Wed, 17 Jul 2019 13:13:37 GMT"
        ],
        "Content-Length": [
          "520"
        ],
        "Content-Type": [
          "application/json; charset=utf-8"
        ],
        "Expires": [
          "-1"
        ]
      },
      "ResponseBody": "{\r\n  \"id\": \"/subscriptions/0661b131-4a11-479b-96bf-2f95acca2f73/providers/Microsoft.NetApp/locations/westcentralus/operationResults/f13bdd9f-1c30-4eb8-879b-50833f854a77\",\r\n  \"name\": \"f13bdd9f-1c30-4eb8-879b-50833f854a77\",\r\n  \"status\": \"Creating\",\r\n  \"startTime\": \"2019-07-17T13:11:05.1021867Z\",\r\n  \"endTime\": \"0001-01-01T00:00:00Z\",\r\n  \"percentComplete\": 0.0,\r\n  \"properties\": {\r\n    \"resourceName\": \"/subscriptions/0661b131-4a11-479b-96bf-2f95acca2f73/resourceGroups/ps6500/providers/Microsoft.NetApp/netAppAccounts/ps3235/capacityPools/ps4590/volumes/ps7450\"\r\n  }\r\n}",
      "StatusCode": 200
    },
    {
      "RequestUri": "/subscriptions/0661b131-4a11-479b-96bf-2f95acca2f73/providers/Microsoft.NetApp/locations/westcentralus/operationResults/f13bdd9f-1c30-4eb8-879b-50833f854a77?api-version=2019-06-01",
      "EncodedRequestUri": "L3N1YnNjcmlwdGlvbnMvMDY2MWIxMzEtNGExMS00NzliLTk2YmYtMmY5NWFjY2EyZjczL3Byb3ZpZGVycy9NaWNyb3NvZnQuTmV0QXBwL2xvY2F0aW9ucy93ZXN0Y2VudHJhbHVzL29wZXJhdGlvblJlc3VsdHMvZjEzYmRkOWYtMWMzMC00ZWI4LTg3OWItNTA4MzNmODU0YTc3P2FwaS12ZXJzaW9uPTIwMTktMDYtMDE=",
      "RequestMethod": "GET",
      "RequestBody": "",
      "RequestHeaders": {
        "User-Agent": [
          "FxVersion/4.6.27019.06",
          "OSName/Windows",
          "OSVersion/Microsoft.Windows.10.0.17134.",
          "Microsoft.Azure.Management.NetApp.AzureNetAppFilesManagementClient/1.0.0.0"
        ]
      },
      "ResponseHeaders": {
        "Cache-Control": [
          "no-cache"
        ],
        "Pragma": [
          "no-cache"
        ],
        "x-ms-request-id": [
          "d569cab1-4711-4512-b54c-dd0dae8c245b"
        ],
        "Request-Context": [
          "appId=cid-v1:2c4cb680-0a1f-424d-bb8d-8e650ba68d53"
        ],
        "Access-Control-Expose-Headers": [
          "Request-Context"
        ],
        "Server": [
          "Microsoft-IIS/10.0"
        ],
        "X-Powered-By": [
          "ASP.NET"
        ],
        "x-ms-ratelimit-remaining-subscription-reads": [
          "11991"
        ],
        "x-ms-correlation-request-id": [
          "89e6d93a-b10f-4ba2-9fd3-448c2476f8fe"
        ],
        "x-ms-routing-request-id": [
          "WESTEUROPE:20190717T131408Z:89e6d93a-b10f-4ba2-9fd3-448c2476f8fe"
        ],
        "Strict-Transport-Security": [
          "max-age=31536000; includeSubDomains"
        ],
        "X-Content-Type-Options": [
          "nosniff"
        ],
        "Date": [
          "Wed, 17 Jul 2019 13:14:07 GMT"
        ],
        "Content-Length": [
          "531"
        ],
        "Content-Type": [
          "application/json; charset=utf-8"
        ],
        "Expires": [
          "-1"
        ]
      },
      "ResponseBody": "{\r\n  \"id\": \"/subscriptions/0661b131-4a11-479b-96bf-2f95acca2f73/providers/Microsoft.NetApp/locations/westcentralus/operationResults/f13bdd9f-1c30-4eb8-879b-50833f854a77\",\r\n  \"name\": \"f13bdd9f-1c30-4eb8-879b-50833f854a77\",\r\n  \"status\": \"Succeeded\",\r\n  \"startTime\": \"2019-07-17T13:11:05.1021867Z\",\r\n  \"endTime\": \"2019-07-17T13:13:53.5077783Z\",\r\n  \"percentComplete\": 100.0,\r\n  \"properties\": {\r\n    \"resourceName\": \"/subscriptions/0661b131-4a11-479b-96bf-2f95acca2f73/resourceGroups/ps6500/providers/Microsoft.NetApp/netAppAccounts/ps3235/capacityPools/ps4590/volumes/ps7450\"\r\n  }\r\n}",
      "StatusCode": 200
    },
    {
      "RequestUri": "/subscriptions/0661b131-4a11-479b-96bf-2f95acca2f73/resourceGroups/ps6500/providers/Microsoft.NetApp/netAppAccounts/ps3235/capacityPools/ps4590/volumes/ps7450?api-version=2019-06-01",
      "EncodedRequestUri": "L3N1YnNjcmlwdGlvbnMvMDY2MWIxMzEtNGExMS00NzliLTk2YmYtMmY5NWFjY2EyZjczL3Jlc291cmNlR3JvdXBzL3BzNjUwMC9wcm92aWRlcnMvTWljcm9zb2Z0Lk5ldEFwcC9uZXRBcHBBY2NvdW50cy9wczMyMzUvY2FwYWNpdHlQb29scy9wczQ1OTAvdm9sdW1lcy9wczc0NTA/YXBpLXZlcnNpb249MjAxOS0wNi0wMQ==",
      "RequestMethod": "GET",
      "RequestBody": "",
      "RequestHeaders": {
        "User-Agent": [
          "FxVersion/4.6.27019.06",
          "OSName/Windows",
          "OSVersion/Microsoft.Windows.10.0.17134.",
          "Microsoft.Azure.Management.NetApp.AzureNetAppFilesManagementClient/1.0.0.0"
        ]
      },
      "ResponseHeaders": {
        "Cache-Control": [
          "no-cache"
        ],
        "Pragma": [
          "no-cache"
        ],
        "ETag": [
          "W/\"datetime'2019-07-17T13%3A13%3A53.4961203Z'\""
        ],
        "x-ms-request-id": [
          "2b9da6b7-c748-4777-973c-722de22fc88b"
        ],
        "Request-Context": [
          "appId=cid-v1:2c4cb680-0a1f-424d-bb8d-8e650ba68d53"
        ],
        "Access-Control-Expose-Headers": [
          "Request-Context"
        ],
        "Server": [
          "Microsoft-IIS/10.0"
        ],
        "X-Powered-By": [
          "ASP.NET"
        ],
        "x-ms-ratelimit-remaining-subscription-reads": [
          "11990"
        ],
        "x-ms-correlation-request-id": [
          "21a49c27-2950-4058-8677-ff46c66e0f09"
        ],
        "x-ms-routing-request-id": [
          "WESTEUROPE:20190717T131413Z:21a49c27-2950-4058-8677-ff46c66e0f09"
        ],
        "Strict-Transport-Security": [
          "max-age=31536000; includeSubDomains"
        ],
        "X-Content-Type-Options": [
          "nosniff"
        ],
        "Date": [
          "Wed, 17 Jul 2019 13:14:12 GMT"
        ],
        "Content-Length": [
          "1284"
        ],
        "Content-Type": [
          "application/json; charset=utf-8"
        ],
        "Expires": [
          "-1"
        ]
      },
      "ResponseBody": "{\r\n  \"id\": \"/subscriptions/0661b131-4a11-479b-96bf-2f95acca2f73/resourceGroups/ps6500/providers/Microsoft.NetApp/netAppAccounts/ps3235/capacityPools/ps4590/volumes/ps7450\",\r\n  \"name\": \"ps3235/ps4590/ps7450\",\r\n  \"type\": \"Microsoft.NetApp/netAppAccounts/capacityPools/volumes\",\r\n  \"etag\": \"W/\\\"datetime'2019-07-17T13%3A13%3A53.4961203Z'\\\"\",\r\n  \"location\": \"westcentralus\",\r\n  \"properties\": {\r\n    \"provisioningState\": \"Succeeded\",\r\n    \"fileSystemId\": \"6d249270-13a0-b2f0-f704-d05393e31a65\",\r\n    \"name\": \"ps7450\",\r\n    \"serviceLevel\": \"Premium\",\r\n    \"creationToken\": \"ps7450\",\r\n    \"usageThreshold\": 107374182400,\r\n    \"usedBytes\": 0,\r\n    \"snapshotPolicy\": {\r\n      \"enabled\": false\r\n    },\r\n    \"exportPolicy\": {\r\n      \"rules\": [\r\n        {\r\n          \"ruleIndex\": 1,\r\n          \"unixReadOnly\": false,\r\n          \"unixReadWrite\": true,\r\n          \"cifs\": false,\r\n          \"nfsv3\": true,\r\n          \"nfsv4\": false,\r\n          \"allowedClients\": \"0.0.0.0/0\"\r\n        }\r\n      ]\r\n    },\r\n    \"protocolTypes\": [\r\n      \"NFSv3\"\r\n    ],\r\n    \"baremetalTenantId\": \"baremetalTenant_svm_220be37a7ff14b84ba2fc1aed33a19b9_7e652f47\",\r\n    \"subnetId\": \"/subscriptions/0661b131-4a11-479b-96bf-2f95acca2f73/resourceGroups/ps6500/providers/Microsoft.Network/virtualNetworks/ps6500-vnet/subnets/default\",\r\n    \"mountTargets\": [\r\n      {\r\n        \"provisioningState\": \"Succeeded\",\r\n        \"mountTargetId\": \"6b65a1fc-af0e-dc19-b697-b236581df7d2\",\r\n        \"fileSystemId\": \"6d249270-13a0-b2f0-f704-d05393e31a65\",\r\n        \"startIp\": \"10.0.1.4\",\r\n        \"endIp\": \"10.0.1.4\",\r\n        \"gateway\": \"10.0.1.1\",\r\n        \"netmask\": \"255.255.255.0\",\r\n        \"ipAddress\": \"10.0.1.4\"\r\n      }\r\n    ]\r\n  }\r\n}",
      "StatusCode": 200
    },
    {
      "RequestUri": "/subscriptions/0661b131-4a11-479b-96bf-2f95acca2f73/resourceGroups/ps6500/providers/Microsoft.NetApp/netAppAccounts/ps3235/capacityPools/ps4590/volumes/ps7450/snapshots/ps1517?api-version=2019-06-01",
      "EncodedRequestUri": "L3N1YnNjcmlwdGlvbnMvMDY2MWIxMzEtNGExMS00NzliLTk2YmYtMmY5NWFjY2EyZjczL3Jlc291cmNlR3JvdXBzL3BzNjUwMC9wcm92aWRlcnMvTWljcm9zb2Z0Lk5ldEFwcC9uZXRBcHBBY2NvdW50cy9wczMyMzUvY2FwYWNpdHlQb29scy9wczQ1OTAvdm9sdW1lcy9wczc0NTAvc25hcHNob3RzL3BzMTUxNz9hcGktdmVyc2lvbj0yMDE5LTA2LTAx",
      "RequestMethod": "PUT",
      "RequestBody": "{\r\n  \"location\": \"westcentralus\",\r\n  \"properties\": {\r\n    \"fileSystemId\": \"6d249270-13a0-b2f0-f704-d05393e31a65\"\r\n  }\r\n}",
      "RequestHeaders": {
        "x-ms-client-request-id": [
          "f788b207-546d-4d01-bac4-6dd017f99ff6"
        ],
        "Accept-Language": [
          "en-US"
        ],
        "User-Agent": [
          "FxVersion/4.6.27019.06",
          "OSName/Windows",
          "OSVersion/Microsoft.Windows.10.0.17134.",
          "Microsoft.Azure.Management.NetApp.AzureNetAppFilesManagementClient/1.0.0.0"
        ],
        "Content-Type": [
          "application/json; charset=utf-8"
        ],
        "Content-Length": [
          "120"
        ]
      },
      "ResponseHeaders": {
        "Cache-Control": [
          "no-cache"
        ],
        "Pragma": [
          "no-cache"
        ],
        "Location": [
          "https://management.azure.com/subscriptions/0661b131-4a11-479b-96bf-2f95acca2f73/providers/Microsoft.NetApp/locations/westcentralus/operationResults/d74b9565-021b-4384-abdc-4917053a3bed?api-version=2019-06-01&operationResultResponseType=Location"
        ],
        "x-ms-request-id": [
          "dae24d71-211c-4890-934e-10639e770faf"
        ],
        "Azure-AsyncOperation": [
          "https://management.azure.com/subscriptions/0661b131-4a11-479b-96bf-2f95acca2f73/providers/Microsoft.NetApp/locations/westcentralus/operationResults/d74b9565-021b-4384-abdc-4917053a3bed?api-version=2019-06-01"
        ],
        "Request-Context": [
          "appId=cid-v1:2c4cb680-0a1f-424d-bb8d-8e650ba68d53"
        ],
        "Access-Control-Expose-Headers": [
          "Request-Context"
        ],
        "Server": [
          "Microsoft-IIS/10.0"
        ],
        "X-Powered-By": [
          "ASP.NET"
        ],
        "x-ms-ratelimit-remaining-subscription-writes": [
          "1196"
        ],
        "x-ms-correlation-request-id": [
          "226d55b1-6878-4f23-b2ea-da1fc4425cad"
        ],
        "x-ms-routing-request-id": [
          "WESTEUROPE:20190717T131416Z:226d55b1-6878-4f23-b2ea-da1fc4425cad"
        ],
        "Strict-Transport-Security": [
          "max-age=31536000; includeSubDomains"
        ],
        "X-Content-Type-Options": [
          "nosniff"
        ],
        "Date": [
          "Wed, 17 Jul 2019 13:14:16 GMT"
        ],
        "Content-Length": [
          "437"
        ],
        "Content-Type": [
          "application/json; charset=utf-8"
        ],
        "Expires": [
          "-1"
        ]
      },
      "ResponseBody": "{\r\n  \"id\": \"/subscriptions/0661b131-4a11-479b-96bf-2f95acca2f73/resourceGroups/ps6500/providers/Microsoft.NetApp/netAppAccounts/ps3235/capacityPools/ps4590/volumes/ps7450/snapshots/ps1517\",\r\n  \"name\": \"ps3235/ps4590/ps7450/ps1517\",\r\n  \"type\": \"Microsoft.NetApp/netAppAccounts/capacityPools/volumes/snapshots\",\r\n  \"location\": \"westcentralus\",\r\n  \"properties\": {\r\n    \"provisioningState\": \"Creating\",\r\n    \"fileSystemId\": \"6d249270-13a0-b2f0-f704-d05393e31a65\",\r\n    \"name\": \"ps1517\"\r\n  }\r\n}",
      "StatusCode": 201
    },
    {
      "RequestUri": "/subscriptions/0661b131-4a11-479b-96bf-2f95acca2f73/providers/Microsoft.NetApp/locations/westcentralus/operationResults/d74b9565-021b-4384-abdc-4917053a3bed?api-version=2019-06-01",
      "EncodedRequestUri": "L3N1YnNjcmlwdGlvbnMvMDY2MWIxMzEtNGExMS00NzliLTk2YmYtMmY5NWFjY2EyZjczL3Byb3ZpZGVycy9NaWNyb3NvZnQuTmV0QXBwL2xvY2F0aW9ucy93ZXN0Y2VudHJhbHVzL29wZXJhdGlvblJlc3VsdHMvZDc0Yjk1NjUtMDIxYi00Mzg0LWFiZGMtNDkxNzA1M2EzYmVkP2FwaS12ZXJzaW9uPTIwMTktMDYtMDE=",
      "RequestMethod": "GET",
      "RequestBody": "",
      "RequestHeaders": {
        "User-Agent": [
          "FxVersion/4.6.27019.06",
          "OSName/Windows",
          "OSVersion/Microsoft.Windows.10.0.17134.",
          "Microsoft.Azure.Management.NetApp.AzureNetAppFilesManagementClient/1.0.0.0"
        ]
      },
      "ResponseHeaders": {
        "Cache-Control": [
          "no-cache"
        ],
        "Pragma": [
          "no-cache"
        ],
        "x-ms-request-id": [
          "238565c0-9c89-4e2d-8468-d261e615ef5c"
        ],
        "Request-Context": [
          "appId=cid-v1:2c4cb680-0a1f-424d-bb8d-8e650ba68d53"
        ],
        "Access-Control-Expose-Headers": [
          "Request-Context"
        ],
        "Server": [
          "Microsoft-IIS/10.0"
        ],
        "X-Powered-By": [
          "ASP.NET"
        ],
        "x-ms-ratelimit-remaining-subscription-reads": [
          "11989"
        ],
        "x-ms-correlation-request-id": [
          "a8228fea-7b46-4046-a002-4a9d649a6c35"
        ],
        "x-ms-routing-request-id": [
          "WESTEUROPE:20190717T131446Z:a8228fea-7b46-4046-a002-4a9d649a6c35"
        ],
        "Strict-Transport-Security": [
          "max-age=31536000; includeSubDomains"
        ],
        "X-Content-Type-Options": [
          "nosniff"
        ],
        "Date": [
          "Wed, 17 Jul 2019 13:14:46 GMT"
        ],
        "Content-Length": [
          "548"
        ],
        "Content-Type": [
          "application/json; charset=utf-8"
        ],
        "Expires": [
          "-1"
        ]
      },
      "ResponseBody": "{\r\n  \"id\": \"/subscriptions/0661b131-4a11-479b-96bf-2f95acca2f73/providers/Microsoft.NetApp/locations/westcentralus/operationResults/d74b9565-021b-4384-abdc-4917053a3bed\",\r\n  \"name\": \"d74b9565-021b-4384-abdc-4917053a3bed\",\r\n  \"status\": \"Succeeded\",\r\n  \"startTime\": \"2019-07-17T13:14:15.8999845Z\",\r\n  \"endTime\": \"2019-07-17T13:14:18.5110363Z\",\r\n  \"percentComplete\": 100.0,\r\n  \"properties\": {\r\n    \"resourceName\": \"/subscriptions/0661b131-4a11-479b-96bf-2f95acca2f73/resourceGroups/ps6500/providers/Microsoft.NetApp/netAppAccounts/ps3235/capacityPools/ps4590/volumes/ps7450/snapshots/ps1517\"\r\n  }\r\n}",
      "StatusCode": 200
    },
    {
      "RequestUri": "/subscriptions/0661b131-4a11-479b-96bf-2f95acca2f73/resourceGroups/ps6500/providers/Microsoft.NetApp/netAppAccounts/ps3235/capacityPools/ps4590/volumes/ps7450/snapshots/ps1517?api-version=2019-06-01",
      "EncodedRequestUri": "L3N1YnNjcmlwdGlvbnMvMDY2MWIxMzEtNGExMS00NzliLTk2YmYtMmY5NWFjY2EyZjczL3Jlc291cmNlR3JvdXBzL3BzNjUwMC9wcm92aWRlcnMvTWljcm9zb2Z0Lk5ldEFwcC9uZXRBcHBBY2NvdW50cy9wczMyMzUvY2FwYWNpdHlQb29scy9wczQ1OTAvdm9sdW1lcy9wczc0NTAvc25hcHNob3RzL3BzMTUxNz9hcGktdmVyc2lvbj0yMDE5LTA2LTAx",
      "RequestMethod": "GET",
      "RequestBody": "",
      "RequestHeaders": {
        "User-Agent": [
          "FxVersion/4.6.27019.06",
          "OSName/Windows",
          "OSVersion/Microsoft.Windows.10.0.17134.",
          "Microsoft.Azure.Management.NetApp.AzureNetAppFilesManagementClient/1.0.0.0"
        ]
      },
      "ResponseHeaders": {
        "Cache-Control": [
          "no-cache"
        ],
        "Pragma": [
          "no-cache"
        ],
        "x-ms-request-id": [
          "5b256088-1ab1-466a-b344-f718cc4f9e69"
        ],
        "Request-Context": [
          "appId=cid-v1:2c4cb680-0a1f-424d-bb8d-8e650ba68d53"
        ],
        "Access-Control-Expose-Headers": [
          "Request-Context"
        ],
        "Server": [
          "Microsoft-IIS/10.0"
        ],
        "X-Powered-By": [
          "ASP.NET"
        ],
        "x-ms-ratelimit-remaining-subscription-reads": [
          "11988"
        ],
        "x-ms-correlation-request-id": [
          "c8e58fe4-f931-4cf8-a7ce-7ee24b45ed9a"
        ],
        "x-ms-routing-request-id": [
          "WESTEUROPE:20190717T131447Z:c8e58fe4-f931-4cf8-a7ce-7ee24b45ed9a"
        ],
        "Strict-Transport-Security": [
          "max-age=31536000; includeSubDomains"
        ],
        "X-Content-Type-Options": [
          "nosniff"
        ],
        "Date": [
          "Wed, 17 Jul 2019 13:14:46 GMT"
        ],
        "Content-Length": [
          "523"
        ],
        "Content-Type": [
          "application/json; charset=utf-8"
        ],
        "Expires": [
          "-1"
        ]
      },
      "ResponseBody": "{\r\n  \"id\": \"/subscriptions/0661b131-4a11-479b-96bf-2f95acca2f73/resourceGroups/ps6500/providers/Microsoft.NetApp/netAppAccounts/ps3235/capacityPools/ps4590/volumes/ps7450/snapshots/ps1517\",\r\n  \"name\": \"ps3235/ps4590/ps7450/ps1517\",\r\n  \"type\": \"Microsoft.NetApp/netAppAccounts/capacityPools/volumes/snapshots\",\r\n  \"location\": \"westcentralus\",\r\n  \"properties\": {\r\n    \"provisioningState\": \"Succeeded\",\r\n    \"snapshotId\": \"09eb9681-fe3b-27ec-a632-66d989185e1a\",\r\n    \"fileSystemId\": \"6d249270-13a0-b2f0-f704-d05393e31a65\",\r\n    \"name\": \"ps1517\",\r\n    \"created\": \"2019-07-17T13:14:16Z\"\r\n  }\r\n}",
      "StatusCode": 200
    },
    {
      "RequestUri": "/subscriptions/0661b131-4a11-479b-96bf-2f95acca2f73/resourceGroups/ps6500/providers/Microsoft.NetApp/netAppAccounts/ps3235/capacityPools/ps4590/volumes/ps7450/snapshots/ps1517?api-version=2019-06-01",
      "EncodedRequestUri": "L3N1YnNjcmlwdGlvbnMvMDY2MWIxMzEtNGExMS00NzliLTk2YmYtMmY5NWFjY2EyZjczL3Jlc291cmNlR3JvdXBzL3BzNjUwMC9wcm92aWRlcnMvTWljcm9zb2Z0Lk5ldEFwcC9uZXRBcHBBY2NvdW50cy9wczMyMzUvY2FwYWNpdHlQb29scy9wczQ1OTAvdm9sdW1lcy9wczc0NTAvc25hcHNob3RzL3BzMTUxNz9hcGktdmVyc2lvbj0yMDE5LTA2LTAx",
      "RequestMethod": "GET",
      "RequestBody": "",
      "RequestHeaders": {
        "x-ms-client-request-id": [
          "f4808056-70db-4478-ae7d-df5d84292387"
        ],
        "Accept-Language": [
          "en-US"
        ],
        "User-Agent": [
          "FxVersion/4.6.27019.06",
          "OSName/Windows",
          "OSVersion/Microsoft.Windows.10.0.17134.",
          "Microsoft.Azure.Management.NetApp.AzureNetAppFilesManagementClient/1.0.0.0"
        ]
      },
      "ResponseHeaders": {
        "Cache-Control": [
          "no-cache"
        ],
        "Pragma": [
          "no-cache"
        ],
        "x-ms-request-id": [
          "834241d1-3e2a-4a42-a491-94863c77dea5"
        ],
        "Request-Context": [
          "appId=cid-v1:2c4cb680-0a1f-424d-bb8d-8e650ba68d53"
        ],
        "Access-Control-Expose-Headers": [
          "Request-Context"
        ],
        "Server": [
          "Microsoft-IIS/10.0"
        ],
        "X-Powered-By": [
          "ASP.NET"
        ],
        "x-ms-ratelimit-remaining-subscription-reads": [
          "11984"
        ],
        "x-ms-correlation-request-id": [
          "58929d5a-b8e4-4eae-9c47-2aed8261c06c"
        ],
        "x-ms-routing-request-id": [
          "WESTEUROPE:20190717T131522Z:58929d5a-b8e4-4eae-9c47-2aed8261c06c"
        ],
        "Strict-Transport-Security": [
          "max-age=31536000; includeSubDomains"
        ],
        "X-Content-Type-Options": [
          "nosniff"
        ],
        "Date": [
          "Wed, 17 Jul 2019 13:15:21 GMT"
        ],
        "Content-Length": [
          "523"
        ],
        "Content-Type": [
          "application/json; charset=utf-8"
        ],
        "Expires": [
          "-1"
        ]
      },
      "ResponseBody": "{\r\n  \"id\": \"/subscriptions/0661b131-4a11-479b-96bf-2f95acca2f73/resourceGroups/ps6500/providers/Microsoft.NetApp/netAppAccounts/ps3235/capacityPools/ps4590/volumes/ps7450/snapshots/ps1517\",\r\n  \"name\": \"ps3235/ps4590/ps7450/ps1517\",\r\n  \"type\": \"Microsoft.NetApp/netAppAccounts/capacityPools/volumes/snapshots\",\r\n  \"location\": \"westcentralus\",\r\n  \"properties\": {\r\n    \"provisioningState\": \"Succeeded\",\r\n    \"snapshotId\": \"09eb9681-fe3b-27ec-a632-66d989185e1a\",\r\n    \"fileSystemId\": \"6d249270-13a0-b2f0-f704-d05393e31a65\",\r\n    \"name\": \"ps1517\",\r\n    \"created\": \"2019-07-17T13:14:16Z\"\r\n  }\r\n}",
      "StatusCode": 200
    },
    {
      "RequestUri": "/subscriptions/0661b131-4a11-479b-96bf-2f95acca2f73/resourceGroups/ps6500/providers/Microsoft.NetApp/netAppAccounts/ps3235/capacityPools/ps4590/volumes/ps7450/snapshots/ps1517?api-version=2019-06-01",
      "EncodedRequestUri": "L3N1YnNjcmlwdGlvbnMvMDY2MWIxMzEtNGExMS00NzliLTk2YmYtMmY5NWFjY2EyZjczL3Jlc291cmNlR3JvdXBzL3BzNjUwMC9wcm92aWRlcnMvTWljcm9zb2Z0Lk5ldEFwcC9uZXRBcHBBY2NvdW50cy9wczMyMzUvY2FwYWNpdHlQb29scy9wczQ1OTAvdm9sdW1lcy9wczc0NTAvc25hcHNob3RzL3BzMTUxNz9hcGktdmVyc2lvbj0yMDE5LTA2LTAx",
      "RequestMethod": "GET",
      "RequestBody": "",
      "RequestHeaders": {
        "x-ms-client-request-id": [
          "3788019e-2d0d-4b9f-9a05-a2ccdf2b213d"
        ],
        "Accept-Language": [
          "en-US"
        ],
        "User-Agent": [
          "FxVersion/4.6.27019.06",
          "OSName/Windows",
          "OSVersion/Microsoft.Windows.10.0.17134.",
          "Microsoft.Azure.Management.NetApp.AzureNetAppFilesManagementClient/1.0.0.0"
        ]
      },
      "ResponseHeaders": {
        "Cache-Control": [
          "no-cache"
        ],
        "Pragma": [
          "no-cache"
        ],
        "x-ms-request-id": [
          "1d83e3cf-bae1-4e7e-aca7-255973f9d860"
        ],
        "Request-Context": [
          "appId=cid-v1:2c4cb680-0a1f-424d-bb8d-8e650ba68d53"
        ],
        "Access-Control-Expose-Headers": [
          "Request-Context"
        ],
        "Server": [
          "Microsoft-IIS/10.0"
        ],
        "X-Powered-By": [
          "ASP.NET"
        ],
        "x-ms-ratelimit-remaining-subscription-reads": [
          "11983"
        ],
        "x-ms-correlation-request-id": [
          "4393e4a8-47a9-4520-917c-a7313e59c18c"
        ],
        "x-ms-routing-request-id": [
          "WESTEUROPE:20190717T131523Z:4393e4a8-47a9-4520-917c-a7313e59c18c"
        ],
        "Strict-Transport-Security": [
          "max-age=31536000; includeSubDomains"
        ],
        "X-Content-Type-Options": [
          "nosniff"
        ],
        "Date": [
          "Wed, 17 Jul 2019 13:15:22 GMT"
        ],
        "Content-Length": [
          "523"
        ],
        "Content-Type": [
          "application/json; charset=utf-8"
        ],
        "Expires": [
          "-1"
        ]
      },
      "ResponseBody": "{\r\n  \"id\": \"/subscriptions/0661b131-4a11-479b-96bf-2f95acca2f73/resourceGroups/ps6500/providers/Microsoft.NetApp/netAppAccounts/ps3235/capacityPools/ps4590/volumes/ps7450/snapshots/ps1517\",\r\n  \"name\": \"ps3235/ps4590/ps7450/ps1517\",\r\n  \"type\": \"Microsoft.NetApp/netAppAccounts/capacityPools/volumes/snapshots\",\r\n  \"location\": \"westcentralus\",\r\n  \"properties\": {\r\n    \"provisioningState\": \"Succeeded\",\r\n    \"snapshotId\": \"09eb9681-fe3b-27ec-a632-66d989185e1a\",\r\n    \"fileSystemId\": \"6d249270-13a0-b2f0-f704-d05393e31a65\",\r\n    \"name\": \"ps1517\",\r\n    \"created\": \"2019-07-17T13:14:16Z\"\r\n  }\r\n}",
      "StatusCode": 200
    },
    {
      "RequestUri": "/subscriptions/0661b131-4a11-479b-96bf-2f95acca2f73/resourceGroups/ps6500/providers/Microsoft.NetApp/netAppAccounts/ps3235/capacityPools/ps4590/volumes/ps7450/snapshots/ps1249?api-version=2019-06-01",
      "EncodedRequestUri": "L3N1YnNjcmlwdGlvbnMvMDY2MWIxMzEtNGExMS00NzliLTk2YmYtMmY5NWFjY2EyZjczL3Jlc291cmNlR3JvdXBzL3BzNjUwMC9wcm92aWRlcnMvTWljcm9zb2Z0Lk5ldEFwcC9uZXRBcHBBY2NvdW50cy9wczMyMzUvY2FwYWNpdHlQb29scy9wczQ1OTAvdm9sdW1lcy9wczc0NTAvc25hcHNob3RzL3BzMTI0OT9hcGktdmVyc2lvbj0yMDE5LTA2LTAx",
      "RequestMethod": "PUT",
      "RequestBody": "{\r\n  \"location\": \"westcentralus\"\r\n}",
      "RequestHeaders": {
        "x-ms-client-request-id": [
          "78ef9676-67ac-448c-8cb2-08369268a47f"
        ],
        "Accept-Language": [
          "en-US"
        ],
        "User-Agent": [
          "FxVersion/4.6.27019.06",
          "OSName/Windows",
          "OSVersion/Microsoft.Windows.10.0.17134.",
          "Microsoft.Azure.Management.NetApp.AzureNetAppFilesManagementClient/1.0.0.0"
        ],
        "Content-Type": [
          "application/json; charset=utf-8"
        ],
        "Content-Length": [
          "35"
        ]
      },
      "ResponseHeaders": {
        "Cache-Control": [
          "no-cache"
        ],
        "Pragma": [
          "no-cache"
        ],
        "Location": [
          "https://management.azure.com/subscriptions/0661b131-4a11-479b-96bf-2f95acca2f73/providers/Microsoft.NetApp/locations/westcentralus/operationResults/2181f7bb-669e-4d95-a136-cea4b5bbc648?api-version=2019-06-01&operationResultResponseType=Location"
        ],
        "x-ms-request-id": [
          "dc59dafc-b038-4e20-9d53-37f3e490f31f"
        ],
        "Azure-AsyncOperation": [
          "https://management.azure.com/subscriptions/0661b131-4a11-479b-96bf-2f95acca2f73/providers/Microsoft.NetApp/locations/westcentralus/operationResults/2181f7bb-669e-4d95-a136-cea4b5bbc648?api-version=2019-06-01"
        ],
        "Request-Context": [
          "appId=cid-v1:2c4cb680-0a1f-424d-bb8d-8e650ba68d53"
        ],
        "Access-Control-Expose-Headers": [
          "Request-Context"
        ],
        "Server": [
          "Microsoft-IIS/10.0"
        ],
        "X-Powered-By": [
          "ASP.NET"
        ],
        "x-ms-ratelimit-remaining-subscription-writes": [
          "1195"
        ],
        "x-ms-correlation-request-id": [
          "3a517232-96e7-4cb0-be68-1b72c7746c25"
        ],
        "x-ms-routing-request-id": [
          "WESTEUROPE:20190717T131449Z:3a517232-96e7-4cb0-be68-1b72c7746c25"
        ],
        "Strict-Transport-Security": [
          "max-age=31536000; includeSubDomains"
        ],
        "X-Content-Type-Options": [
          "nosniff"
        ],
        "Date": [
          "Wed, 17 Jul 2019 13:14:49 GMT"
        ],
        "Content-Length": [
          "437"
        ],
        "Content-Type": [
          "application/json; charset=utf-8"
        ],
        "Expires": [
          "-1"
        ]
      },
      "ResponseBody": "{\r\n  \"id\": \"/subscriptions/0661b131-4a11-479b-96bf-2f95acca2f73/resourceGroups/ps6500/providers/Microsoft.NetApp/netAppAccounts/ps3235/capacityPools/ps4590/volumes/ps7450/snapshots/ps1249\",\r\n  \"name\": \"ps3235/ps4590/ps7450/ps1249\",\r\n  \"type\": \"Microsoft.NetApp/netAppAccounts/capacityPools/volumes/snapshots\",\r\n  \"location\": \"westcentralus\",\r\n  \"properties\": {\r\n    \"provisioningState\": \"Creating\",\r\n    \"fileSystemId\": \"6d249270-13a0-b2f0-f704-d05393e31a65\",\r\n    \"name\": \"ps1249\"\r\n  }\r\n}",
      "StatusCode": 201
    },
    {
      "RequestUri": "/subscriptions/0661b131-4a11-479b-96bf-2f95acca2f73/providers/Microsoft.NetApp/locations/westcentralus/operationResults/2181f7bb-669e-4d95-a136-cea4b5bbc648?api-version=2019-06-01",
      "EncodedRequestUri": "L3N1YnNjcmlwdGlvbnMvMDY2MWIxMzEtNGExMS00NzliLTk2YmYtMmY5NWFjY2EyZjczL3Byb3ZpZGVycy9NaWNyb3NvZnQuTmV0QXBwL2xvY2F0aW9ucy93ZXN0Y2VudHJhbHVzL29wZXJhdGlvblJlc3VsdHMvMjE4MWY3YmItNjY5ZS00ZDk1LWExMzYtY2VhNGI1YmJjNjQ4P2FwaS12ZXJzaW9uPTIwMTktMDYtMDE=",
      "RequestMethod": "GET",
      "RequestBody": "",
      "RequestHeaders": {
        "User-Agent": [
          "FxVersion/4.6.27019.06",
          "OSName/Windows",
          "OSVersion/Microsoft.Windows.10.0.17134.",
          "Microsoft.Azure.Management.NetApp.AzureNetAppFilesManagementClient/1.0.0.0"
        ]
      },
      "ResponseHeaders": {
        "Cache-Control": [
          "no-cache"
        ],
        "Pragma": [
          "no-cache"
        ],
        "x-ms-request-id": [
          "74d52028-f179-42c5-ba74-dc5523b3924a"
        ],
        "Request-Context": [
          "appId=cid-v1:2c4cb680-0a1f-424d-bb8d-8e650ba68d53"
        ],
        "Access-Control-Expose-Headers": [
          "Request-Context"
        ],
        "x-ms-ratelimit-remaining-subscription-reads": [
          "11987"
        ],
        "Server": [
          "Microsoft-IIS/10.0"
        ],
        "X-Powered-By": [
          "ASP.NET"
        ],
        "x-ms-correlation-request-id": [
          "38168301-b190-4785-a84c-e940e36f78cd"
        ],
        "x-ms-routing-request-id": [
          "WESTEUROPE:20190717T131520Z:38168301-b190-4785-a84c-e940e36f78cd"
        ],
        "Strict-Transport-Security": [
          "max-age=31536000; includeSubDomains"
        ],
        "X-Content-Type-Options": [
          "nosniff"
        ],
        "Date": [
          "Wed, 17 Jul 2019 13:15:19 GMT"
        ],
        "Content-Length": [
          "548"
        ],
        "Content-Type": [
          "application/json; charset=utf-8"
        ],
        "Expires": [
          "-1"
        ]
      },
      "ResponseBody": "{\r\n  \"id\": \"/subscriptions/0661b131-4a11-479b-96bf-2f95acca2f73/providers/Microsoft.NetApp/locations/westcentralus/operationResults/2181f7bb-669e-4d95-a136-cea4b5bbc648\",\r\n  \"name\": \"2181f7bb-669e-4d95-a136-cea4b5bbc648\",\r\n  \"status\": \"Succeeded\",\r\n  \"startTime\": \"2019-07-17T13:14:49.1308467Z\",\r\n  \"endTime\": \"2019-07-17T13:14:52.1933895Z\",\r\n  \"percentComplete\": 100.0,\r\n  \"properties\": {\r\n    \"resourceName\": \"/subscriptions/0661b131-4a11-479b-96bf-2f95acca2f73/resourceGroups/ps6500/providers/Microsoft.NetApp/netAppAccounts/ps3235/capacityPools/ps4590/volumes/ps7450/snapshots/ps1249\"\r\n  }\r\n}",
      "StatusCode": 200
    },
    {
      "RequestUri": "/subscriptions/0661b131-4a11-479b-96bf-2f95acca2f73/resourceGroups/ps6500/providers/Microsoft.NetApp/netAppAccounts/ps3235/capacityPools/ps4590/volumes/ps7450/snapshots/ps1249?api-version=2019-06-01",
      "EncodedRequestUri": "L3N1YnNjcmlwdGlvbnMvMDY2MWIxMzEtNGExMS00NzliLTk2YmYtMmY5NWFjY2EyZjczL3Jlc291cmNlR3JvdXBzL3BzNjUwMC9wcm92aWRlcnMvTWljcm9zb2Z0Lk5ldEFwcC9uZXRBcHBBY2NvdW50cy9wczMyMzUvY2FwYWNpdHlQb29scy9wczQ1OTAvdm9sdW1lcy9wczc0NTAvc25hcHNob3RzL3BzMTI0OT9hcGktdmVyc2lvbj0yMDE5LTA2LTAx",
      "RequestMethod": "GET",
      "RequestBody": "",
      "RequestHeaders": {
        "User-Agent": [
          "FxVersion/4.6.27019.06",
          "OSName/Windows",
          "OSVersion/Microsoft.Windows.10.0.17134.",
          "Microsoft.Azure.Management.NetApp.AzureNetAppFilesManagementClient/1.0.0.0"
        ]
      },
      "ResponseHeaders": {
        "Cache-Control": [
          "no-cache"
        ],
        "Pragma": [
          "no-cache"
        ],
        "x-ms-request-id": [
          "5df4a646-869f-4f3e-94cf-767f39748ebe"
        ],
        "Request-Context": [
          "appId=cid-v1:2c4cb680-0a1f-424d-bb8d-8e650ba68d53"
        ],
        "Access-Control-Expose-Headers": [
          "Request-Context"
        ],
        "Server": [
          "Microsoft-IIS/10.0"
        ],
        "X-Powered-By": [
          "ASP.NET"
        ],
        "x-ms-ratelimit-remaining-subscription-reads": [
          "11986"
        ],
        "x-ms-correlation-request-id": [
          "27bf78a8-ea6e-4770-9ee3-f14ef978c432"
        ],
        "x-ms-routing-request-id": [
          "WESTEUROPE:20190717T131521Z:27bf78a8-ea6e-4770-9ee3-f14ef978c432"
        ],
        "Strict-Transport-Security": [
          "max-age=31536000; includeSubDomains"
        ],
        "X-Content-Type-Options": [
          "nosniff"
        ],
        "Date": [
          "Wed, 17 Jul 2019 13:15:20 GMT"
        ],
        "Content-Length": [
          "523"
        ],
        "Content-Type": [
          "application/json; charset=utf-8"
        ],
        "Expires": [
          "-1"
        ]
      },
      "ResponseBody": "{\r\n  \"id\": \"/subscriptions/0661b131-4a11-479b-96bf-2f95acca2f73/resourceGroups/ps6500/providers/Microsoft.NetApp/netAppAccounts/ps3235/capacityPools/ps4590/volumes/ps7450/snapshots/ps1249\",\r\n  \"name\": \"ps3235/ps4590/ps7450/ps1249\",\r\n  \"type\": \"Microsoft.NetApp/netAppAccounts/capacityPools/volumes/snapshots\",\r\n  \"location\": \"westcentralus\",\r\n  \"properties\": {\r\n    \"provisioningState\": \"Succeeded\",\r\n    \"snapshotId\": \"1780b09d-7867-c795-8ccb-5aaa6afeeb66\",\r\n    \"fileSystemId\": \"6d249270-13a0-b2f0-f704-d05393e31a65\",\r\n    \"name\": \"ps1249\",\r\n    \"created\": \"2019-07-17T13:14:49Z\"\r\n  }\r\n}",
      "StatusCode": 200
    },
    {
      "RequestUri": "/subscriptions/0661b131-4a11-479b-96bf-2f95acca2f73/resourceGroups/ps6500/providers/Microsoft.NetApp/netAppAccounts/ps3235/capacityPools/ps4590/volumes/ps7450/snapshots?api-version=2019-06-01",
      "EncodedRequestUri": "L3N1YnNjcmlwdGlvbnMvMDY2MWIxMzEtNGExMS00NzliLTk2YmYtMmY5NWFjY2EyZjczL3Jlc291cmNlR3JvdXBzL3BzNjUwMC9wcm92aWRlcnMvTWljcm9zb2Z0Lk5ldEFwcC9uZXRBcHBBY2NvdW50cy9wczMyMzUvY2FwYWNpdHlQb29scy9wczQ1OTAvdm9sdW1lcy9wczc0NTAvc25hcHNob3RzP2FwaS12ZXJzaW9uPTIwMTktMDYtMDE=",
      "RequestMethod": "GET",
      "RequestBody": "",
      "RequestHeaders": {
        "x-ms-client-request-id": [
          "3233ba3b-8ed3-48b6-a6f1-71f13d85378a"
        ],
        "Accept-Language": [
          "en-US"
        ],
        "User-Agent": [
          "FxVersion/4.6.27019.06",
          "OSName/Windows",
          "OSVersion/Microsoft.Windows.10.0.17134.",
          "Microsoft.Azure.Management.NetApp.AzureNetAppFilesManagementClient/1.0.0.0"
        ]
      },
      "ResponseHeaders": {
        "Cache-Control": [
          "no-cache"
        ],
        "Pragma": [
          "no-cache"
        ],
        "x-ms-request-id": [
          "e5514dd3-ea31-4526-aaea-627ce0461e92"
        ],
        "Request-Context": [
          "appId=cid-v1:2c4cb680-0a1f-424d-bb8d-8e650ba68d53"
        ],
        "Access-Control-Expose-Headers": [
          "Request-Context"
        ],
        "Server": [
          "Microsoft-IIS/10.0"
        ],
        "X-Powered-By": [
          "ASP.NET"
        ],
        "x-ms-ratelimit-remaining-subscription-reads": [
          "11985"
        ],
        "x-ms-correlation-request-id": [
          "090742a4-fe4d-4ae5-bc1b-71926d3179dc"
        ],
        "x-ms-routing-request-id": [
          "WESTEUROPE:20190717T131521Z:090742a4-fe4d-4ae5-bc1b-71926d3179dc"
        ],
        "Strict-Transport-Security": [
          "max-age=31536000; includeSubDomains"
        ],
        "X-Content-Type-Options": [
          "nosniff"
        ],
        "Date": [
          "Wed, 17 Jul 2019 13:15:20 GMT"
        ],
        "Content-Length": [
          "1059"
        ],
        "Content-Type": [
          "application/json; charset=utf-8"
        ],
        "Expires": [
          "-1"
        ]
      },
      "ResponseBody": "{\r\n  \"value\": [\r\n    {\r\n      \"id\": \"/subscriptions/0661b131-4a11-479b-96bf-2f95acca2f73/resourceGroups/ps6500/providers/Microsoft.NetApp/netAppAccounts/ps3235/capacityPools/ps4590/volumes/ps7450/snapshots/ps1517\",\r\n      \"name\": \"ps3235/ps4590/ps7450/ps1517\",\r\n      \"type\": \"Microsoft.NetApp/netAppAccounts/capacityPools/volumes/snapshots\",\r\n      \"location\": \"westcentralus\",\r\n      \"properties\": {\r\n        \"provisioningState\": \"Succeeded\",\r\n        \"snapshotId\": \"09eb9681-fe3b-27ec-a632-66d989185e1a\",\r\n        \"fileSystemId\": \"6d249270-13a0-b2f0-f704-d05393e31a65\",\r\n        \"name\": \"ps1517\",\r\n        \"created\": \"2019-07-17T13:14:16Z\"\r\n      }\r\n    },\r\n    {\r\n      \"id\": \"/subscriptions/0661b131-4a11-479b-96bf-2f95acca2f73/resourceGroups/ps6500/providers/Microsoft.NetApp/netAppAccounts/ps3235/capacityPools/ps4590/volumes/ps7450/snapshots/ps1249\",\r\n      \"name\": \"ps3235/ps4590/ps7450/ps1249\",\r\n      \"type\": \"Microsoft.NetApp/netAppAccounts/capacityPools/volumes/snapshots\",\r\n      \"location\": \"westcentralus\",\r\n      \"properties\": {\r\n        \"provisioningState\": \"Succeeded\",\r\n        \"snapshotId\": \"1780b09d-7867-c795-8ccb-5aaa6afeeb66\",\r\n        \"fileSystemId\": \"6d249270-13a0-b2f0-f704-d05393e31a65\",\r\n        \"name\": \"ps1249\",\r\n        \"created\": \"2019-07-17T13:14:49Z\"\r\n      }\r\n    }\r\n  ]\r\n}",
      "StatusCode": 200
    },
    {
      "RequestUri": "/subscriptions/0661b131-4a11-479b-96bf-2f95acca2f73/resourceGroups/ps6500/providers/Microsoft.NetApp/netAppAccounts/ps3235/capacityPools/ps4590/volumes/ps7450/snapshots?api-version=2019-06-01",
      "EncodedRequestUri": "L3N1YnNjcmlwdGlvbnMvMDY2MWIxMzEtNGExMS00NzliLTk2YmYtMmY5NWFjY2EyZjczL3Jlc291cmNlR3JvdXBzL3BzNjUwMC9wcm92aWRlcnMvTWljcm9zb2Z0Lk5ldEFwcC9uZXRBcHBBY2NvdW50cy9wczMyMzUvY2FwYWNpdHlQb29scy9wczQ1OTAvdm9sdW1lcy9wczc0NTAvc25hcHNob3RzP2FwaS12ZXJzaW9uPTIwMTktMDYtMDE=",
      "RequestMethod": "GET",
      "RequestBody": "",
      "RequestHeaders": {
        "x-ms-client-request-id": [
          "09400a5c-3f28-4086-8748-ed717c2d75f5"
        ],
        "Accept-Language": [
          "en-US"
        ],
        "User-Agent": [
          "FxVersion/4.6.27019.06",
          "OSName/Windows",
          "OSVersion/Microsoft.Windows.10.0.17134.",
          "Microsoft.Azure.Management.NetApp.AzureNetAppFilesManagementClient/1.0.0.0"
        ]
      },
      "ResponseHeaders": {
        "Cache-Control": [
          "no-cache"
        ],
        "Pragma": [
          "no-cache"
        ],
        "x-ms-request-id": [
          "3134fedf-32d5-408b-8484-35fb53d5420c"
        ],
        "Request-Context": [
          "appId=cid-v1:2c4cb680-0a1f-424d-bb8d-8e650ba68d53"
        ],
        "Access-Control-Expose-Headers": [
          "Request-Context"
        ],
        "Server": [
          "Microsoft-IIS/10.0"
        ],
        "X-Powered-By": [
          "ASP.NET"
        ],
        "x-ms-ratelimit-remaining-subscription-reads": [
          "11978"
        ],
        "x-ms-correlation-request-id": [
          "42aa7747-932c-4cc3-b605-8499b2b59258"
        ],
        "x-ms-routing-request-id": [
          "WESTEUROPE:20190717T131638Z:42aa7747-932c-4cc3-b605-8499b2b59258"
        ],
        "Strict-Transport-Security": [
          "max-age=31536000; includeSubDomains"
        ],
        "X-Content-Type-Options": [
          "nosniff"
        ],
        "Date": [
          "Wed, 17 Jul 2019 13:16:37 GMT"
        ],
        "Content-Length": [
          "12"
        ],
        "Content-Type": [
          "application/json; charset=utf-8"
        ],
        "Expires": [
          "-1"
        ]
      },
      "ResponseBody": "{\r\n  \"value\": []\r\n}",
      "StatusCode": 200
    },
    {
      "RequestUri": "/subscriptions/0661b131-4a11-479b-96bf-2f95acca2f73/resourceGroups/ps6500/providers/Microsoft.NetApp/netAppAccounts/ps3235/capacityPools/ps4590/volumes/ps7450/snapshots/ps1517?api-version=2019-06-01",
      "EncodedRequestUri": "L3N1YnNjcmlwdGlvbnMvMDY2MWIxMzEtNGExMS00NzliLTk2YmYtMmY5NWFjY2EyZjczL3Jlc291cmNlR3JvdXBzL3BzNjUwMC9wcm92aWRlcnMvTWljcm9zb2Z0Lk5ldEFwcC9uZXRBcHBBY2NvdW50cy9wczMyMzUvY2FwYWNpdHlQb29scy9wczQ1OTAvdm9sdW1lcy9wczc0NTAvc25hcHNob3RzL3BzMTUxNz9hcGktdmVyc2lvbj0yMDE5LTA2LTAx",
      "RequestMethod": "DELETE",
      "RequestBody": "",
      "RequestHeaders": {
        "x-ms-client-request-id": [
          "3ed99ba2-f6c7-4e24-a804-89b6c919bb1a"
        ],
        "Accept-Language": [
          "en-US"
        ],
        "User-Agent": [
          "FxVersion/4.6.27019.06",
          "OSName/Windows",
          "OSVersion/Microsoft.Windows.10.0.17134.",
          "Microsoft.Azure.Management.NetApp.AzureNetAppFilesManagementClient/1.0.0.0"
        ]
      },
      "ResponseHeaders": {
        "Cache-Control": [
          "no-cache"
        ],
        "Pragma": [
          "no-cache"
        ],
        "Location": [
          "https://management.azure.com/subscriptions/0661b131-4a11-479b-96bf-2f95acca2f73/providers/Microsoft.NetApp/locations/westcentralus/operationResults/4c5942b3-5a39-4d7f-8936-e6c1d8643b6d?api-version=2019-06-01&operationResultResponseType=Location"
        ],
        "x-ms-request-id": [
          "1ee5b087-d75b-4f47-a6ff-58561927751b"
        ],
        "Azure-AsyncOperation": [
          "https://management.azure.com/subscriptions/0661b131-4a11-479b-96bf-2f95acca2f73/providers/Microsoft.NetApp/locations/westcentralus/operationResults/4c5942b3-5a39-4d7f-8936-e6c1d8643b6d?api-version=2019-06-01"
        ],
        "Request-Context": [
          "appId=cid-v1:2c4cb680-0a1f-424d-bb8d-8e650ba68d53"
        ],
        "Access-Control-Expose-Headers": [
          "Request-Context"
        ],
        "Server": [
          "Microsoft-IIS/10.0"
        ],
        "X-Powered-By": [
          "ASP.NET"
        ],
        "x-ms-ratelimit-remaining-subscription-deletes": [
          "14998"
        ],
        "x-ms-correlation-request-id": [
          "bdf005d6-a1f2-469d-8f4f-8c90d598eb02"
        ],
        "x-ms-routing-request-id": [
          "WESTEUROPE:20190717T131523Z:bdf005d6-a1f2-469d-8f4f-8c90d598eb02"
        ],
        "Strict-Transport-Security": [
          "max-age=31536000; includeSubDomains"
        ],
        "X-Content-Type-Options": [
          "nosniff"
        ],
        "Date": [
          "Wed, 17 Jul 2019 13:15:22 GMT"
        ],
        "Expires": [
          "-1"
        ],
        "Content-Length": [
          "0"
        ]
      },
      "ResponseBody": "",
      "StatusCode": 202
    },
    {
      "RequestUri": "/subscriptions/0661b131-4a11-479b-96bf-2f95acca2f73/providers/Microsoft.NetApp/locations/westcentralus/operationResults/4c5942b3-5a39-4d7f-8936-e6c1d8643b6d?api-version=2019-06-01",
      "EncodedRequestUri": "L3N1YnNjcmlwdGlvbnMvMDY2MWIxMzEtNGExMS00NzliLTk2YmYtMmY5NWFjY2EyZjczL3Byb3ZpZGVycy9NaWNyb3NvZnQuTmV0QXBwL2xvY2F0aW9ucy93ZXN0Y2VudHJhbHVzL29wZXJhdGlvblJlc3VsdHMvNGM1OTQyYjMtNWEzOS00ZDdmLTg5MzYtZTZjMWQ4NjQzYjZkP2FwaS12ZXJzaW9uPTIwMTktMDYtMDE=",
      "RequestMethod": "GET",
      "RequestBody": "",
      "RequestHeaders": {
        "User-Agent": [
          "FxVersion/4.6.27019.06",
          "OSName/Windows",
          "OSVersion/Microsoft.Windows.10.0.17134.",
          "Microsoft.Azure.Management.NetApp.AzureNetAppFilesManagementClient/1.0.0.0"
        ]
      },
      "ResponseHeaders": {
        "Cache-Control": [
          "no-cache"
        ],
        "Pragma": [
          "no-cache"
        ],
        "x-ms-request-id": [
          "969bf933-5292-4d09-af0b-71d19990ae7c"
        ],
        "Request-Context": [
          "appId=cid-v1:2c4cb680-0a1f-424d-bb8d-8e650ba68d53"
        ],
        "Access-Control-Expose-Headers": [
          "Request-Context"
        ],
        "Server": [
          "Microsoft-IIS/10.0"
        ],
        "X-Powered-By": [
          "ASP.NET"
        ],
        "x-ms-ratelimit-remaining-subscription-reads": [
          "11982"
        ],
        "x-ms-correlation-request-id": [
          "36c1f424-73b0-4f06-a772-23c70a12f73f"
        ],
        "x-ms-routing-request-id": [
          "WESTEUROPE:20190717T131554Z:36c1f424-73b0-4f06-a772-23c70a12f73f"
        ],
        "Strict-Transport-Security": [
          "max-age=31536000; includeSubDomains"
        ],
        "X-Content-Type-Options": [
          "nosniff"
        ],
        "Date": [
          "Wed, 17 Jul 2019 13:15:53 GMT"
        ],
        "Content-Length": [
          "548"
        ],
        "Content-Type": [
          "application/json; charset=utf-8"
        ],
        "Expires": [
          "-1"
        ]
      },
      "ResponseBody": "{\r\n  \"id\": \"/subscriptions/0661b131-4a11-479b-96bf-2f95acca2f73/providers/Microsoft.NetApp/locations/westcentralus/operationResults/4c5942b3-5a39-4d7f-8936-e6c1d8643b6d\",\r\n  \"name\": \"4c5942b3-5a39-4d7f-8936-e6c1d8643b6d\",\r\n  \"status\": \"Succeeded\",\r\n  \"startTime\": \"2019-07-17T13:15:23.7512792Z\",\r\n  \"endTime\": \"2019-07-17T13:15:27.4746791Z\",\r\n  \"percentComplete\": 100.0,\r\n  \"properties\": {\r\n    \"resourceName\": \"/subscriptions/0661b131-4a11-479b-96bf-2f95acca2f73/resourceGroups/ps6500/providers/Microsoft.NetApp/netAppAccounts/ps3235/capacityPools/ps4590/volumes/ps7450/snapshots/ps1517\"\r\n  }\r\n}",
      "StatusCode": 200
    },
    {
      "RequestUri": "/subscriptions/0661b131-4a11-479b-96bf-2f95acca2f73/providers/Microsoft.NetApp/locations/westcentralus/operationResults/4c5942b3-5a39-4d7f-8936-e6c1d8643b6d?api-version=2019-06-01&operationResultResponseType=Location",
      "EncodedRequestUri": "L3N1YnNjcmlwdGlvbnMvMDY2MWIxMzEtNGExMS00NzliLTk2YmYtMmY5NWFjY2EyZjczL3Byb3ZpZGVycy9NaWNyb3NvZnQuTmV0QXBwL2xvY2F0aW9ucy93ZXN0Y2VudHJhbHVzL29wZXJhdGlvblJlc3VsdHMvNGM1OTQyYjMtNWEzOS00ZDdmLTg5MzYtZTZjMWQ4NjQzYjZkP2FwaS12ZXJzaW9uPTIwMTktMDYtMDEmb3BlcmF0aW9uUmVzdWx0UmVzcG9uc2VUeXBlPUxvY2F0aW9u",
      "RequestMethod": "GET",
      "RequestBody": "",
      "RequestHeaders": {
        "User-Agent": [
          "FxVersion/4.6.27019.06",
          "OSName/Windows",
          "OSVersion/Microsoft.Windows.10.0.17134.",
          "Microsoft.Azure.Management.NetApp.AzureNetAppFilesManagementClient/1.0.0.0"
        ]
      },
      "ResponseHeaders": {
        "Cache-Control": [
          "no-cache"
        ],
        "Pragma": [
          "no-cache"
        ],
        "x-ms-request-id": [
          "548ce76d-ce29-4d8b-9d25-1dcc98bf7ed5"
        ],
        "Request-Context": [
          "appId=cid-v1:2c4cb680-0a1f-424d-bb8d-8e650ba68d53"
        ],
        "Access-Control-Expose-Headers": [
          "Request-Context"
        ],
        "Server": [
          "Microsoft-IIS/10.0"
        ],
        "X-Powered-By": [
          "ASP.NET"
        ],
        "x-ms-ratelimit-remaining-subscription-reads": [
          "11981"
        ],
        "x-ms-correlation-request-id": [
          "faa818ac-ca34-48ca-920c-bdebadb5a5f2"
        ],
        "x-ms-routing-request-id": [
          "WESTEUROPE:20190717T131554Z:faa818ac-ca34-48ca-920c-bdebadb5a5f2"
        ],
        "Strict-Transport-Security": [
          "max-age=31536000; includeSubDomains"
        ],
        "X-Content-Type-Options": [
          "nosniff"
        ],
        "Date": [
          "Wed, 17 Jul 2019 13:15:54 GMT"
        ],
        "Content-Length": [
          "321"
        ],
        "Content-Type": [
          "application/json; charset=utf-8"
        ],
        "Expires": [
          "-1"
        ]
      },
      "ResponseBody": "{\r\n  \"id\": \"/subscriptions/0661b131-4a11-479b-96bf-2f95acca2f73/resourceGroups/ps6500/providers/Microsoft.NetApp/netAppAccounts/ps3235/capacityPools/ps4590/volumes/ps7450/snapshots/ps1517\",\r\n  \"name\": \"ps3235/ps4590/ps7450/ps1517\",\r\n  \"type\": \"Microsoft.NetApp/netAppAccounts/capacityPools/volumes/snapshots\",\r\n  \"location\": \"westcentralus\"\r\n}",
      "StatusCode": 200
    },
    {
      "RequestUri": "/subscriptions/0661b131-4a11-479b-96bf-2f95acca2f73/resourceGroups/ps6500/providers/Microsoft.NetApp/netAppAccounts/ps3235/capacityPools/ps4590/volumes/ps7450/snapshots/ps1249?api-version=2019-06-01",
      "EncodedRequestUri": "L3N1YnNjcmlwdGlvbnMvMDY2MWIxMzEtNGExMS00NzliLTk2YmYtMmY5NWFjY2EyZjczL3Jlc291cmNlR3JvdXBzL3BzNjUwMC9wcm92aWRlcnMvTWljcm9zb2Z0Lk5ldEFwcC9uZXRBcHBBY2NvdW50cy9wczMyMzUvY2FwYWNpdHlQb29scy9wczQ1OTAvdm9sdW1lcy9wczc0NTAvc25hcHNob3RzL3BzMTI0OT9hcGktdmVyc2lvbj0yMDE5LTA2LTAx",
      "RequestMethod": "DELETE",
      "RequestBody": "",
      "RequestHeaders": {
        "x-ms-client-request-id": [
          "8eac3d6c-24c9-4b01-a0e0-43b39555db55"
        ],
        "Accept-Language": [
          "en-US"
        ],
        "User-Agent": [
          "FxVersion/4.6.27019.06",
          "OSName/Windows",
          "OSVersion/Microsoft.Windows.10.0.17134.",
          "Microsoft.Azure.Management.NetApp.AzureNetAppFilesManagementClient/1.0.0.0"
        ]
      },
      "ResponseHeaders": {
        "Cache-Control": [
          "no-cache"
        ],
        "Pragma": [
          "no-cache"
        ],
        "Location": [
          "https://management.azure.com/subscriptions/0661b131-4a11-479b-96bf-2f95acca2f73/providers/Microsoft.NetApp/locations/westcentralus/operationResults/4976a138-fb29-4a97-9863-057c61858b7e?api-version=2019-06-01&operationResultResponseType=Location"
        ],
        "x-ms-request-id": [
          "6f94611d-1c1b-4d93-8164-dce15ac593de"
        ],
        "Azure-AsyncOperation": [
          "https://management.azure.com/subscriptions/0661b131-4a11-479b-96bf-2f95acca2f73/providers/Microsoft.NetApp/locations/westcentralus/operationResults/4976a138-fb29-4a97-9863-057c61858b7e?api-version=2019-06-01"
        ],
        "Request-Context": [
          "appId=cid-v1:2c4cb680-0a1f-424d-bb8d-8e650ba68d53"
        ],
        "Access-Control-Expose-Headers": [
          "Request-Context"
        ],
        "Server": [
          "Microsoft-IIS/10.0"
        ],
        "X-Powered-By": [
          "ASP.NET"
        ],
        "x-ms-ratelimit-remaining-subscription-deletes": [
          "14997"
        ],
        "x-ms-correlation-request-id": [
          "0fd13995-eb90-4603-9373-50c26cfaff28"
        ],
        "x-ms-routing-request-id": [
          "WESTEUROPE:20190717T131607Z:0fd13995-eb90-4603-9373-50c26cfaff28"
        ],
        "Strict-Transport-Security": [
          "max-age=31536000; includeSubDomains"
        ],
        "X-Content-Type-Options": [
          "nosniff"
        ],
        "Date": [
          "Wed, 17 Jul 2019 13:16:06 GMT"
        ],
        "Expires": [
          "-1"
        ],
        "Content-Length": [
          "0"
        ]
      },
      "ResponseBody": "",
      "StatusCode": 202
    },
    {
      "RequestUri": "/subscriptions/0661b131-4a11-479b-96bf-2f95acca2f73/providers/Microsoft.NetApp/locations/westcentralus/operationResults/4976a138-fb29-4a97-9863-057c61858b7e?api-version=2019-06-01",
      "EncodedRequestUri": "L3N1YnNjcmlwdGlvbnMvMDY2MWIxMzEtNGExMS00NzliLTk2YmYtMmY5NWFjY2EyZjczL3Byb3ZpZGVycy9NaWNyb3NvZnQuTmV0QXBwL2xvY2F0aW9ucy93ZXN0Y2VudHJhbHVzL29wZXJhdGlvblJlc3VsdHMvNDk3NmExMzgtZmIyOS00YTk3LTk4NjMtMDU3YzYxODU4YjdlP2FwaS12ZXJzaW9uPTIwMTktMDYtMDE=",
      "RequestMethod": "GET",
      "RequestBody": "",
      "RequestHeaders": {
        "User-Agent": [
          "FxVersion/4.6.27019.06",
          "OSName/Windows",
          "OSVersion/Microsoft.Windows.10.0.17134.",
          "Microsoft.Azure.Management.NetApp.AzureNetAppFilesManagementClient/1.0.0.0"
        ]
      },
      "ResponseHeaders": {
        "Cache-Control": [
          "no-cache"
        ],
        "Pragma": [
          "no-cache"
        ],
        "x-ms-request-id": [
          "c8c59bcd-68b5-4b37-ac18-f5a2e02803fa"
        ],
        "Request-Context": [
          "appId=cid-v1:2c4cb680-0a1f-424d-bb8d-8e650ba68d53"
        ],
        "Access-Control-Expose-Headers": [
          "Request-Context"
        ],
        "x-ms-ratelimit-remaining-subscription-reads": [
          "11980"
        ],
        "Server": [
          "Microsoft-IIS/10.0"
        ],
        "X-Powered-By": [
          "ASP.NET"
        ],
        "x-ms-correlation-request-id": [
          "a3ffd047-124a-47ac-a9d3-e6c1bee872c3"
        ],
        "x-ms-routing-request-id": [
          "WESTEUROPE:20190717T131637Z:a3ffd047-124a-47ac-a9d3-e6c1bee872c3"
        ],
        "Strict-Transport-Security": [
          "max-age=31536000; includeSubDomains"
        ],
        "X-Content-Type-Options": [
          "nosniff"
        ],
        "Date": [
          "Wed, 17 Jul 2019 13:16:36 GMT"
        ],
        "Content-Length": [
          "547"
        ],
        "Content-Type": [
          "application/json; charset=utf-8"
        ],
        "Expires": [
          "-1"
        ]
      },
      "ResponseBody": "{\r\n  \"id\": \"/subscriptions/0661b131-4a11-479b-96bf-2f95acca2f73/providers/Microsoft.NetApp/locations/westcentralus/operationResults/4976a138-fb29-4a97-9863-057c61858b7e\",\r\n  \"name\": \"4976a138-fb29-4a97-9863-057c61858b7e\",\r\n  \"status\": \"Succeeded\",\r\n  \"startTime\": \"2019-07-17T13:16:07.155253Z\",\r\n  \"endTime\": \"2019-07-17T13:16:11.0771578Z\",\r\n  \"percentComplete\": 100.0,\r\n  \"properties\": {\r\n    \"resourceName\": \"/subscriptions/0661b131-4a11-479b-96bf-2f95acca2f73/resourceGroups/ps6500/providers/Microsoft.NetApp/netAppAccounts/ps3235/capacityPools/ps4590/volumes/ps7450/snapshots/ps1249\"\r\n  }\r\n}",
      "StatusCode": 200
    },
    {
      "RequestUri": "/subscriptions/0661b131-4a11-479b-96bf-2f95acca2f73/providers/Microsoft.NetApp/locations/westcentralus/operationResults/4976a138-fb29-4a97-9863-057c61858b7e?api-version=2019-06-01&operationResultResponseType=Location",
      "EncodedRequestUri": "L3N1YnNjcmlwdGlvbnMvMDY2MWIxMzEtNGExMS00NzliLTk2YmYtMmY5NWFjY2EyZjczL3Byb3ZpZGVycy9NaWNyb3NvZnQuTmV0QXBwL2xvY2F0aW9ucy93ZXN0Y2VudHJhbHVzL29wZXJhdGlvblJlc3VsdHMvNDk3NmExMzgtZmIyOS00YTk3LTk4NjMtMDU3YzYxODU4YjdlP2FwaS12ZXJzaW9uPTIwMTktMDYtMDEmb3BlcmF0aW9uUmVzdWx0UmVzcG9uc2VUeXBlPUxvY2F0aW9u",
      "RequestMethod": "GET",
      "RequestBody": "",
      "RequestHeaders": {
        "User-Agent": [
          "FxVersion/4.6.27019.06",
          "OSName/Windows",
          "OSVersion/Microsoft.Windows.10.0.17134.",
          "Microsoft.Azure.Management.NetApp.AzureNetAppFilesManagementClient/1.0.0.0"
        ]
      },
      "ResponseHeaders": {
        "Cache-Control": [
          "no-cache"
        ],
        "Pragma": [
          "no-cache"
        ],
        "x-ms-request-id": [
          "7799fcac-b4e2-4a47-a2ec-d6ecd0a928a1"
        ],
        "Request-Context": [
          "appId=cid-v1:2c4cb680-0a1f-424d-bb8d-8e650ba68d53"
        ],
        "Access-Control-Expose-Headers": [
          "Request-Context"
        ],
        "Server": [
          "Microsoft-IIS/10.0"
        ],
        "X-Powered-By": [
          "ASP.NET"
        ],
        "x-ms-ratelimit-remaining-subscription-reads": [
          "11979"
        ],
        "x-ms-correlation-request-id": [
          "b74873b2-a43d-4956-8099-2acfaa56c98b"
        ],
        "x-ms-routing-request-id": [
          "WESTEUROPE:20190717T131638Z:b74873b2-a43d-4956-8099-2acfaa56c98b"
        ],
        "Strict-Transport-Security": [
          "max-age=31536000; includeSubDomains"
        ],
        "X-Content-Type-Options": [
          "nosniff"
        ],
        "Date": [
          "Wed, 17 Jul 2019 13:16:37 GMT"
        ],
        "Content-Length": [
          "321"
        ],
        "Content-Type": [
          "application/json; charset=utf-8"
        ],
        "Expires": [
          "-1"
        ]
      },
      "ResponseBody": "{\r\n  \"id\": \"/subscriptions/0661b131-4a11-479b-96bf-2f95acca2f73/resourceGroups/ps6500/providers/Microsoft.NetApp/netAppAccounts/ps3235/capacityPools/ps4590/volumes/ps7450/snapshots/ps1249\",\r\n  \"name\": \"ps3235/ps4590/ps7450/ps1249\",\r\n  \"type\": \"Microsoft.NetApp/netAppAccounts/capacityPools/volumes/snapshots\",\r\n  \"location\": \"westcentralus\"\r\n}",
      "StatusCode": 200
    },
    {
      "RequestUri": "/subscriptions/0661b131-4a11-479b-96bf-2f95acca2f73/resourcegroups/ps6500?api-version=2016-09-01",
      "EncodedRequestUri": "L3N1YnNjcmlwdGlvbnMvMDY2MWIxMzEtNGExMS00NzliLTk2YmYtMmY5NWFjY2EyZjczL3Jlc291cmNlZ3JvdXBzL3BzNjUwMD9hcGktdmVyc2lvbj0yMDE2LTA5LTAx",
      "RequestMethod": "DELETE",
      "RequestBody": "",
      "RequestHeaders": {
        "x-ms-client-request-id": [
          "973316da-1ea5-411d-8039-112014cf38c7"
        ],
        "Accept-Language": [
          "en-US"
        ],
        "User-Agent": [
          "FxVersion/4.6.27019.06",
          "OSName/Windows",
          "OSVersion/Microsoft.Windows.10.0.17134.",
          "Microsoft.Azure.Management.Internal.Resources.ResourceManagementClient/1.3.1"
        ]
      },
      "ResponseHeaders": {
        "Cache-Control": [
          "no-cache"
        ],
        "Pragma": [
          "no-cache"
        ],
        "Location": [
          "https://management.azure.com/subscriptions/0661b131-4a11-479b-96bf-2f95acca2f73/operationresults/eyJqb2JJZCI6IlJFU09VUkNFR1JPVVBERUxFVElPTkpPQi1QUzY1MDAtV0VTVENFTlRSQUxVUyIsImpvYkxvY2F0aW9uIjoid2VzdGNlbnRyYWx1cyJ9?api-version=2016-09-01"
        ],
        "Retry-After": [
          "15"
        ],
        "x-ms-ratelimit-remaining-subscription-deletes": [
          "14999"
        ],
        "x-ms-request-id": [
          "5e675219-e23d-4d6e-8684-3f85dd664860"
        ],
        "x-ms-correlation-request-id": [
          "5e675219-e23d-4d6e-8684-3f85dd664860"
        ],
        "x-ms-routing-request-id": [
          "WESTEUROPE:20190717T131642Z:5e675219-e23d-4d6e-8684-3f85dd664860"
        ],
        "Strict-Transport-Security": [
          "max-age=31536000; includeSubDomains"
        ],
        "X-Content-Type-Options": [
          "nosniff"
        ],
        "Date": [
          "Wed, 17 Jul 2019 13:16:41 GMT"
        ],
        "Expires": [
          "-1"
        ],
        "Content-Length": [
          "0"
        ]
      },
      "ResponseBody": "",
      "StatusCode": 202
    },
    {
      "RequestUri": "/subscriptions/0661b131-4a11-479b-96bf-2f95acca2f73/operationresults/eyJqb2JJZCI6IlJFU09VUkNFR1JPVVBERUxFVElPTkpPQi1QUzY1MDAtV0VTVENFTlRSQUxVUyIsImpvYkxvY2F0aW9uIjoid2VzdGNlbnRyYWx1cyJ9?api-version=2016-09-01",
      "EncodedRequestUri": "L3N1YnNjcmlwdGlvbnMvMDY2MWIxMzEtNGExMS00NzliLTk2YmYtMmY5NWFjY2EyZjczL29wZXJhdGlvbnJlc3VsdHMvZXlKcWIySkpaQ0k2SWxKRlUwOVZVa05GUjFKUFZWQkVSVXhGVkVsUFRrcFBRaTFRVXpZMU1EQXRWMFZUVkVORlRsUlNRVXhWVXlJc0ltcHZZa3h2WTJGMGFXOXVJam9pZDJWemRHTmxiblJ5WVd4MWN5Sjk/YXBpLXZlcnNpb249MjAxNi0wOS0wMQ==",
      "RequestMethod": "GET",
      "RequestBody": "",
      "RequestHeaders": {
        "User-Agent": [
          "FxVersion/4.6.27019.06",
          "OSName/Windows",
          "OSVersion/Microsoft.Windows.10.0.17134.",
          "Microsoft.Azure.Management.Internal.Resources.ResourceManagementClient/1.3.1"
        ]
      },
      "ResponseHeaders": {
        "Cache-Control": [
          "no-cache"
        ],
        "Pragma": [
          "no-cache"
        ],
        "Location": [
          "https://management.azure.com/subscriptions/0661b131-4a11-479b-96bf-2f95acca2f73/operationresults/eyJqb2JJZCI6IlJFU09VUkNFR1JPVVBERUxFVElPTkpPQi1QUzY1MDAtV0VTVENFTlRSQUxVUyIsImpvYkxvY2F0aW9uIjoid2VzdGNlbnRyYWx1cyJ9?api-version=2016-09-01"
        ],
        "Retry-After": [
          "15"
        ],
        "x-ms-ratelimit-remaining-subscription-reads": [
          "11999"
        ],
        "x-ms-request-id": [
          "06ee9bfd-00c7-444d-aa69-0a5f37018ee3"
        ],
        "x-ms-correlation-request-id": [
          "06ee9bfd-00c7-444d-aa69-0a5f37018ee3"
        ],
        "x-ms-routing-request-id": [
          "WESTEUROPE:20190717T131657Z:06ee9bfd-00c7-444d-aa69-0a5f37018ee3"
        ],
        "Strict-Transport-Security": [
          "max-age=31536000; includeSubDomains"
        ],
        "X-Content-Type-Options": [
          "nosniff"
        ],
        "Date": [
          "Wed, 17 Jul 2019 13:16:56 GMT"
        ],
        "Expires": [
          "-1"
        ],
        "Content-Length": [
          "0"
        ]
      },
      "ResponseBody": "",
      "StatusCode": 202
    },
    {
      "RequestUri": "/subscriptions/0661b131-4a11-479b-96bf-2f95acca2f73/operationresults/eyJqb2JJZCI6IlJFU09VUkNFR1JPVVBERUxFVElPTkpPQi1QUzY1MDAtV0VTVENFTlRSQUxVUyIsImpvYkxvY2F0aW9uIjoid2VzdGNlbnRyYWx1cyJ9?api-version=2016-09-01",
      "EncodedRequestUri": "L3N1YnNjcmlwdGlvbnMvMDY2MWIxMzEtNGExMS00NzliLTk2YmYtMmY5NWFjY2EyZjczL29wZXJhdGlvbnJlc3VsdHMvZXlKcWIySkpaQ0k2SWxKRlUwOVZVa05GUjFKUFZWQkVSVXhGVkVsUFRrcFBRaTFRVXpZMU1EQXRWMFZUVkVORlRsUlNRVXhWVXlJc0ltcHZZa3h2WTJGMGFXOXVJam9pZDJWemRHTmxiblJ5WVd4MWN5Sjk/YXBpLXZlcnNpb249MjAxNi0wOS0wMQ==",
      "RequestMethod": "GET",
      "RequestBody": "",
      "RequestHeaders": {
        "User-Agent": [
          "FxVersion/4.6.27019.06",
          "OSName/Windows",
          "OSVersion/Microsoft.Windows.10.0.17134.",
          "Microsoft.Azure.Management.Internal.Resources.ResourceManagementClient/1.3.1"
        ]
      },
      "ResponseHeaders": {
        "Cache-Control": [
          "no-cache"
        ],
        "Pragma": [
          "no-cache"
        ],
        "Location": [
          "https://management.azure.com/subscriptions/0661b131-4a11-479b-96bf-2f95acca2f73/operationresults/eyJqb2JJZCI6IlJFU09VUkNFR1JPVVBERUxFVElPTkpPQi1QUzY1MDAtV0VTVENFTlRSQUxVUyIsImpvYkxvY2F0aW9uIjoid2VzdGNlbnRyYWx1cyJ9?api-version=2016-09-01"
        ],
        "Retry-After": [
          "15"
        ],
        "x-ms-ratelimit-remaining-subscription-reads": [
          "11998"
        ],
        "x-ms-request-id": [
          "515238e9-969a-4471-8f9b-eca0ba04e62c"
        ],
        "x-ms-correlation-request-id": [
          "515238e9-969a-4471-8f9b-eca0ba04e62c"
        ],
        "x-ms-routing-request-id": [
          "WESTEUROPE:20190717T131713Z:515238e9-969a-4471-8f9b-eca0ba04e62c"
        ],
        "Strict-Transport-Security": [
          "max-age=31536000; includeSubDomains"
        ],
        "X-Content-Type-Options": [
          "nosniff"
        ],
        "Date": [
          "Wed, 17 Jul 2019 13:17:12 GMT"
        ],
        "Expires": [
          "-1"
        ],
        "Content-Length": [
          "0"
        ]
      },
      "ResponseBody": "",
      "StatusCode": 202
    },
    {
      "RequestUri": "/subscriptions/0661b131-4a11-479b-96bf-2f95acca2f73/operationresults/eyJqb2JJZCI6IlJFU09VUkNFR1JPVVBERUxFVElPTkpPQi1QUzY1MDAtV0VTVENFTlRSQUxVUyIsImpvYkxvY2F0aW9uIjoid2VzdGNlbnRyYWx1cyJ9?api-version=2016-09-01",
      "EncodedRequestUri": "L3N1YnNjcmlwdGlvbnMvMDY2MWIxMzEtNGExMS00NzliLTk2YmYtMmY5NWFjY2EyZjczL29wZXJhdGlvbnJlc3VsdHMvZXlKcWIySkpaQ0k2SWxKRlUwOVZVa05GUjFKUFZWQkVSVXhGVkVsUFRrcFBRaTFRVXpZMU1EQXRWMFZUVkVORlRsUlNRVXhWVXlJc0ltcHZZa3h2WTJGMGFXOXVJam9pZDJWemRHTmxiblJ5WVd4MWN5Sjk/YXBpLXZlcnNpb249MjAxNi0wOS0wMQ==",
      "RequestMethod": "GET",
      "RequestBody": "",
      "RequestHeaders": {
        "User-Agent": [
          "FxVersion/4.6.27019.06",
          "OSName/Windows",
          "OSVersion/Microsoft.Windows.10.0.17134.",
          "Microsoft.Azure.Management.Internal.Resources.ResourceManagementClient/1.3.1"
        ]
      },
      "ResponseHeaders": {
        "Cache-Control": [
          "no-cache"
        ],
        "Pragma": [
          "no-cache"
        ],
        "Location": [
          "https://management.azure.com/subscriptions/0661b131-4a11-479b-96bf-2f95acca2f73/operationresults/eyJqb2JJZCI6IlJFU09VUkNFR1JPVVBERUxFVElPTkpPQi1QUzY1MDAtV0VTVENFTlRSQUxVUyIsImpvYkxvY2F0aW9uIjoid2VzdGNlbnRyYWx1cyJ9?api-version=2016-09-01"
        ],
        "Retry-After": [
          "15"
        ],
        "x-ms-ratelimit-remaining-subscription-reads": [
          "11997"
        ],
        "x-ms-request-id": [
          "8a492306-6c92-4ec1-a01e-523ae9183612"
        ],
        "x-ms-correlation-request-id": [
          "8a492306-6c92-4ec1-a01e-523ae9183612"
        ],
        "x-ms-routing-request-id": [
          "WESTEUROPE:20190717T131728Z:8a492306-6c92-4ec1-a01e-523ae9183612"
        ],
        "Strict-Transport-Security": [
          "max-age=31536000; includeSubDomains"
        ],
        "X-Content-Type-Options": [
          "nosniff"
        ],
        "Date": [
          "Wed, 17 Jul 2019 13:17:28 GMT"
        ],
        "Expires": [
          "-1"
        ],
        "Content-Length": [
          "0"
        ]
      },
      "ResponseBody": "",
      "StatusCode": 202
    },
    {
      "RequestUri": "/subscriptions/0661b131-4a11-479b-96bf-2f95acca2f73/operationresults/eyJqb2JJZCI6IlJFU09VUkNFR1JPVVBERUxFVElPTkpPQi1QUzY1MDAtV0VTVENFTlRSQUxVUyIsImpvYkxvY2F0aW9uIjoid2VzdGNlbnRyYWx1cyJ9?api-version=2016-09-01",
      "EncodedRequestUri": "L3N1YnNjcmlwdGlvbnMvMDY2MWIxMzEtNGExMS00NzliLTk2YmYtMmY5NWFjY2EyZjczL29wZXJhdGlvbnJlc3VsdHMvZXlKcWIySkpaQ0k2SWxKRlUwOVZVa05GUjFKUFZWQkVSVXhGVkVsUFRrcFBRaTFRVXpZMU1EQXRWMFZUVkVORlRsUlNRVXhWVXlJc0ltcHZZa3h2WTJGMGFXOXVJam9pZDJWemRHTmxiblJ5WVd4MWN5Sjk/YXBpLXZlcnNpb249MjAxNi0wOS0wMQ==",
      "RequestMethod": "GET",
      "RequestBody": "",
      "RequestHeaders": {
        "User-Agent": [
          "FxVersion/4.6.27019.06",
          "OSName/Windows",
          "OSVersion/Microsoft.Windows.10.0.17134.",
          "Microsoft.Azure.Management.Internal.Resources.ResourceManagementClient/1.3.1"
        ]
      },
      "ResponseHeaders": {
        "Cache-Control": [
          "no-cache"
        ],
        "Pragma": [
          "no-cache"
        ],
        "Location": [
          "https://management.azure.com/subscriptions/0661b131-4a11-479b-96bf-2f95acca2f73/operationresults/eyJqb2JJZCI6IlJFU09VUkNFR1JPVVBERUxFVElPTkpPQi1QUzY1MDAtV0VTVENFTlRSQUxVUyIsImpvYkxvY2F0aW9uIjoid2VzdGNlbnRyYWx1cyJ9?api-version=2016-09-01"
        ],
        "Retry-After": [
          "15"
        ],
        "x-ms-ratelimit-remaining-subscription-reads": [
          "11996"
        ],
        "x-ms-request-id": [
          "13367ff5-8944-4415-a14a-6e68bd567e22"
        ],
        "x-ms-correlation-request-id": [
          "13367ff5-8944-4415-a14a-6e68bd567e22"
        ],
        "x-ms-routing-request-id": [
          "WESTEUROPE:20190717T131743Z:13367ff5-8944-4415-a14a-6e68bd567e22"
        ],
        "Strict-Transport-Security": [
          "max-age=31536000; includeSubDomains"
        ],
        "X-Content-Type-Options": [
          "nosniff"
        ],
        "Date": [
          "Wed, 17 Jul 2019 13:17:43 GMT"
        ],
        "Expires": [
          "-1"
        ],
        "Content-Length": [
          "0"
        ]
      },
      "ResponseBody": "",
      "StatusCode": 202
    },
    {
      "RequestUri": "/subscriptions/0661b131-4a11-479b-96bf-2f95acca2f73/operationresults/eyJqb2JJZCI6IlJFU09VUkNFR1JPVVBERUxFVElPTkpPQi1QUzY1MDAtV0VTVENFTlRSQUxVUyIsImpvYkxvY2F0aW9uIjoid2VzdGNlbnRyYWx1cyJ9?api-version=2016-09-01",
      "EncodedRequestUri": "L3N1YnNjcmlwdGlvbnMvMDY2MWIxMzEtNGExMS00NzliLTk2YmYtMmY5NWFjY2EyZjczL29wZXJhdGlvbnJlc3VsdHMvZXlKcWIySkpaQ0k2SWxKRlUwOVZVa05GUjFKUFZWQkVSVXhGVkVsUFRrcFBRaTFRVXpZMU1EQXRWMFZUVkVORlRsUlNRVXhWVXlJc0ltcHZZa3h2WTJGMGFXOXVJam9pZDJWemRHTmxiblJ5WVd4MWN5Sjk/YXBpLXZlcnNpb249MjAxNi0wOS0wMQ==",
      "RequestMethod": "GET",
      "RequestBody": "",
      "RequestHeaders": {
        "User-Agent": [
          "FxVersion/4.6.27019.06",
          "OSName/Windows",
          "OSVersion/Microsoft.Windows.10.0.17134.",
          "Microsoft.Azure.Management.Internal.Resources.ResourceManagementClient/1.3.1"
        ]
      },
      "ResponseHeaders": {
        "Cache-Control": [
          "no-cache"
        ],
        "Pragma": [
          "no-cache"
        ],
        "Location": [
          "https://management.azure.com/subscriptions/0661b131-4a11-479b-96bf-2f95acca2f73/operationresults/eyJqb2JJZCI6IlJFU09VUkNFR1JPVVBERUxFVElPTkpPQi1QUzY1MDAtV0VTVENFTlRSQUxVUyIsImpvYkxvY2F0aW9uIjoid2VzdGNlbnRyYWx1cyJ9?api-version=2016-09-01"
        ],
        "Retry-After": [
          "15"
        ],
        "x-ms-ratelimit-remaining-subscription-reads": [
          "11995"
        ],
        "x-ms-request-id": [
          "732d3ae2-9264-4f8f-9a8a-a188a06bc2ed"
        ],
        "x-ms-correlation-request-id": [
          "732d3ae2-9264-4f8f-9a8a-a188a06bc2ed"
        ],
        "x-ms-routing-request-id": [
          "WESTEUROPE:20190717T131759Z:732d3ae2-9264-4f8f-9a8a-a188a06bc2ed"
        ],
        "Strict-Transport-Security": [
          "max-age=31536000; includeSubDomains"
        ],
        "X-Content-Type-Options": [
          "nosniff"
        ],
        "Date": [
          "Wed, 17 Jul 2019 13:17:58 GMT"
        ],
        "Expires": [
          "-1"
        ],
        "Content-Length": [
          "0"
        ]
      },
      "ResponseBody": "",
      "StatusCode": 202
    },
    {
      "RequestUri": "/subscriptions/0661b131-4a11-479b-96bf-2f95acca2f73/operationresults/eyJqb2JJZCI6IlJFU09VUkNFR1JPVVBERUxFVElPTkpPQi1QUzY1MDAtV0VTVENFTlRSQUxVUyIsImpvYkxvY2F0aW9uIjoid2VzdGNlbnRyYWx1cyJ9?api-version=2016-09-01",
      "EncodedRequestUri": "L3N1YnNjcmlwdGlvbnMvMDY2MWIxMzEtNGExMS00NzliLTk2YmYtMmY5NWFjY2EyZjczL29wZXJhdGlvbnJlc3VsdHMvZXlKcWIySkpaQ0k2SWxKRlUwOVZVa05GUjFKUFZWQkVSVXhGVkVsUFRrcFBRaTFRVXpZMU1EQXRWMFZUVkVORlRsUlNRVXhWVXlJc0ltcHZZa3h2WTJGMGFXOXVJam9pZDJWemRHTmxiblJ5WVd4MWN5Sjk/YXBpLXZlcnNpb249MjAxNi0wOS0wMQ==",
      "RequestMethod": "GET",
      "RequestBody": "",
      "RequestHeaders": {
        "User-Agent": [
          "FxVersion/4.6.27019.06",
          "OSName/Windows",
          "OSVersion/Microsoft.Windows.10.0.17134.",
          "Microsoft.Azure.Management.Internal.Resources.ResourceManagementClient/1.3.1"
        ]
      },
      "ResponseHeaders": {
        "Cache-Control": [
          "no-cache"
        ],
        "Pragma": [
          "no-cache"
        ],
        "Location": [
          "https://management.azure.com/subscriptions/0661b131-4a11-479b-96bf-2f95acca2f73/operationresults/eyJqb2JJZCI6IlJFU09VUkNFR1JPVVBERUxFVElPTkpPQi1QUzY1MDAtV0VTVENFTlRSQUxVUyIsImpvYkxvY2F0aW9uIjoid2VzdGNlbnRyYWx1cyJ9?api-version=2016-09-01"
        ],
        "Retry-After": [
          "15"
        ],
        "x-ms-ratelimit-remaining-subscription-reads": [
          "11994"
        ],
        "x-ms-request-id": [
          "7933af25-e0ce-458b-8dc7-60a10ec12238"
        ],
        "x-ms-correlation-request-id": [
          "7933af25-e0ce-458b-8dc7-60a10ec12238"
        ],
        "x-ms-routing-request-id": [
          "WESTEUROPE:20190717T131814Z:7933af25-e0ce-458b-8dc7-60a10ec12238"
        ],
        "Strict-Transport-Security": [
          "max-age=31536000; includeSubDomains"
        ],
        "X-Content-Type-Options": [
          "nosniff"
        ],
        "Date": [
          "Wed, 17 Jul 2019 13:18:13 GMT"
        ],
        "Expires": [
          "-1"
        ],
        "Content-Length": [
          "0"
        ]
      },
      "ResponseBody": "",
      "StatusCode": 202
    },
    {
      "RequestUri": "/subscriptions/0661b131-4a11-479b-96bf-2f95acca2f73/operationresults/eyJqb2JJZCI6IlJFU09VUkNFR1JPVVBERUxFVElPTkpPQi1QUzY1MDAtV0VTVENFTlRSQUxVUyIsImpvYkxvY2F0aW9uIjoid2VzdGNlbnRyYWx1cyJ9?api-version=2016-09-01",
      "EncodedRequestUri": "L3N1YnNjcmlwdGlvbnMvMDY2MWIxMzEtNGExMS00NzliLTk2YmYtMmY5NWFjY2EyZjczL29wZXJhdGlvbnJlc3VsdHMvZXlKcWIySkpaQ0k2SWxKRlUwOVZVa05GUjFKUFZWQkVSVXhGVkVsUFRrcFBRaTFRVXpZMU1EQXRWMFZUVkVORlRsUlNRVXhWVXlJc0ltcHZZa3h2WTJGMGFXOXVJam9pZDJWemRHTmxiblJ5WVd4MWN5Sjk/YXBpLXZlcnNpb249MjAxNi0wOS0wMQ==",
      "RequestMethod": "GET",
      "RequestBody": "",
      "RequestHeaders": {
        "User-Agent": [
          "FxVersion/4.6.27019.06",
          "OSName/Windows",
          "OSVersion/Microsoft.Windows.10.0.17134.",
          "Microsoft.Azure.Management.Internal.Resources.ResourceManagementClient/1.3.1"
        ]
      },
      "ResponseHeaders": {
        "Cache-Control": [
          "no-cache"
        ],
        "Pragma": [
          "no-cache"
        ],
        "Location": [
          "https://management.azure.com/subscriptions/0661b131-4a11-479b-96bf-2f95acca2f73/operationresults/eyJqb2JJZCI6IlJFU09VUkNFR1JPVVBERUxFVElPTkpPQi1QUzY1MDAtV0VTVENFTlRSQUxVUyIsImpvYkxvY2F0aW9uIjoid2VzdGNlbnRyYWx1cyJ9?api-version=2016-09-01"
        ],
        "Retry-After": [
          "15"
        ],
        "x-ms-ratelimit-remaining-subscription-reads": [
          "11993"
        ],
        "x-ms-request-id": [
          "e7a1682a-76f3-4ec4-886d-213a4fa289ec"
        ],
        "x-ms-correlation-request-id": [
          "e7a1682a-76f3-4ec4-886d-213a4fa289ec"
        ],
        "x-ms-routing-request-id": [
          "WESTEUROPE:20190717T131829Z:e7a1682a-76f3-4ec4-886d-213a4fa289ec"
        ],
        "Strict-Transport-Security": [
          "max-age=31536000; includeSubDomains"
        ],
        "X-Content-Type-Options": [
          "nosniff"
        ],
        "Date": [
          "Wed, 17 Jul 2019 13:18:28 GMT"
        ],
        "Expires": [
          "-1"
        ],
        "Content-Length": [
          "0"
        ]
      },
      "ResponseBody": "",
      "StatusCode": 202
    },
    {
      "RequestUri": "/subscriptions/0661b131-4a11-479b-96bf-2f95acca2f73/operationresults/eyJqb2JJZCI6IlJFU09VUkNFR1JPVVBERUxFVElPTkpPQi1QUzY1MDAtV0VTVENFTlRSQUxVUyIsImpvYkxvY2F0aW9uIjoid2VzdGNlbnRyYWx1cyJ9?api-version=2016-09-01",
      "EncodedRequestUri": "L3N1YnNjcmlwdGlvbnMvMDY2MWIxMzEtNGExMS00NzliLTk2YmYtMmY5NWFjY2EyZjczL29wZXJhdGlvbnJlc3VsdHMvZXlKcWIySkpaQ0k2SWxKRlUwOVZVa05GUjFKUFZWQkVSVXhGVkVsUFRrcFBRaTFRVXpZMU1EQXRWMFZUVkVORlRsUlNRVXhWVXlJc0ltcHZZa3h2WTJGMGFXOXVJam9pZDJWemRHTmxiblJ5WVd4MWN5Sjk/YXBpLXZlcnNpb249MjAxNi0wOS0wMQ==",
      "RequestMethod": "GET",
      "RequestBody": "",
      "RequestHeaders": {
        "User-Agent": [
          "FxVersion/4.6.27019.06",
          "OSName/Windows",
          "OSVersion/Microsoft.Windows.10.0.17134.",
          "Microsoft.Azure.Management.Internal.Resources.ResourceManagementClient/1.3.1"
        ]
      },
      "ResponseHeaders": {
        "Cache-Control": [
          "no-cache"
        ],
        "Pragma": [
          "no-cache"
        ],
        "Location": [
          "https://management.azure.com/subscriptions/0661b131-4a11-479b-96bf-2f95acca2f73/operationresults/eyJqb2JJZCI6IlJFU09VUkNFR1JPVVBERUxFVElPTkpPQi1QUzY1MDAtV0VTVENFTlRSQUxVUyIsImpvYkxvY2F0aW9uIjoid2VzdGNlbnRyYWx1cyJ9?api-version=2016-09-01"
        ],
        "Retry-After": [
          "15"
        ],
        "x-ms-ratelimit-remaining-subscription-reads": [
          "11992"
        ],
        "x-ms-request-id": [
          "36dcfef7-24ad-420b-ab77-789679c5103b"
        ],
        "x-ms-correlation-request-id": [
          "36dcfef7-24ad-420b-ab77-789679c5103b"
        ],
        "x-ms-routing-request-id": [
          "WESTEUROPE:20190717T131844Z:36dcfef7-24ad-420b-ab77-789679c5103b"
        ],
        "Strict-Transport-Security": [
          "max-age=31536000; includeSubDomains"
        ],
        "X-Content-Type-Options": [
          "nosniff"
        ],
        "Date": [
          "Wed, 17 Jul 2019 13:18:44 GMT"
        ],
        "Expires": [
          "-1"
        ],
        "Content-Length": [
          "0"
        ]
      },
      "ResponseBody": "",
      "StatusCode": 202
    },
    {
      "RequestUri": "/subscriptions/0661b131-4a11-479b-96bf-2f95acca2f73/operationresults/eyJqb2JJZCI6IlJFU09VUkNFR1JPVVBERUxFVElPTkpPQi1QUzY1MDAtV0VTVENFTlRSQUxVUyIsImpvYkxvY2F0aW9uIjoid2VzdGNlbnRyYWx1cyJ9?api-version=2016-09-01",
      "EncodedRequestUri": "L3N1YnNjcmlwdGlvbnMvMDY2MWIxMzEtNGExMS00NzliLTk2YmYtMmY5NWFjY2EyZjczL29wZXJhdGlvbnJlc3VsdHMvZXlKcWIySkpaQ0k2SWxKRlUwOVZVa05GUjFKUFZWQkVSVXhGVkVsUFRrcFBRaTFRVXpZMU1EQXRWMFZUVkVORlRsUlNRVXhWVXlJc0ltcHZZa3h2WTJGMGFXOXVJam9pZDJWemRHTmxiblJ5WVd4MWN5Sjk/YXBpLXZlcnNpb249MjAxNi0wOS0wMQ==",
      "RequestMethod": "GET",
      "RequestBody": "",
      "RequestHeaders": {
        "User-Agent": [
          "FxVersion/4.6.27019.06",
          "OSName/Windows",
          "OSVersion/Microsoft.Windows.10.0.17134.",
          "Microsoft.Azure.Management.Internal.Resources.ResourceManagementClient/1.3.1"
        ]
      },
      "ResponseHeaders": {
        "Cache-Control": [
          "no-cache"
        ],
        "Pragma": [
          "no-cache"
        ],
        "Location": [
          "https://management.azure.com/subscriptions/0661b131-4a11-479b-96bf-2f95acca2f73/operationresults/eyJqb2JJZCI6IlJFU09VUkNFR1JPVVBERUxFVElPTkpPQi1QUzY1MDAtV0VTVENFTlRSQUxVUyIsImpvYkxvY2F0aW9uIjoid2VzdGNlbnRyYWx1cyJ9?api-version=2016-09-01"
        ],
        "Retry-After": [
          "15"
        ],
        "x-ms-ratelimit-remaining-subscription-reads": [
          "11991"
        ],
        "x-ms-request-id": [
          "3666444f-7fb1-4d16-bf95-f2e479124f60"
        ],
        "x-ms-correlation-request-id": [
          "3666444f-7fb1-4d16-bf95-f2e479124f60"
        ],
        "x-ms-routing-request-id": [
          "WESTEUROPE:20190717T131900Z:3666444f-7fb1-4d16-bf95-f2e479124f60"
        ],
        "Strict-Transport-Security": [
          "max-age=31536000; includeSubDomains"
        ],
        "X-Content-Type-Options": [
          "nosniff"
        ],
        "Date": [
          "Wed, 17 Jul 2019 13:19:00 GMT"
        ],
        "Expires": [
          "-1"
        ],
        "Content-Length": [
          "0"
        ]
      },
      "ResponseBody": "",
      "StatusCode": 202
    },
    {
      "RequestUri": "/subscriptions/0661b131-4a11-479b-96bf-2f95acca2f73/operationresults/eyJqb2JJZCI6IlJFU09VUkNFR1JPVVBERUxFVElPTkpPQi1QUzY1MDAtV0VTVENFTlRSQUxVUyIsImpvYkxvY2F0aW9uIjoid2VzdGNlbnRyYWx1cyJ9?api-version=2016-09-01",
      "EncodedRequestUri": "L3N1YnNjcmlwdGlvbnMvMDY2MWIxMzEtNGExMS00NzliLTk2YmYtMmY5NWFjY2EyZjczL29wZXJhdGlvbnJlc3VsdHMvZXlKcWIySkpaQ0k2SWxKRlUwOVZVa05GUjFKUFZWQkVSVXhGVkVsUFRrcFBRaTFRVXpZMU1EQXRWMFZUVkVORlRsUlNRVXhWVXlJc0ltcHZZa3h2WTJGMGFXOXVJam9pZDJWemRHTmxiblJ5WVd4MWN5Sjk/YXBpLXZlcnNpb249MjAxNi0wOS0wMQ==",
      "RequestMethod": "GET",
      "RequestBody": "",
      "RequestHeaders": {
        "User-Agent": [
          "FxVersion/4.6.27019.06",
          "OSName/Windows",
          "OSVersion/Microsoft.Windows.10.0.17134.",
          "Microsoft.Azure.Management.Internal.Resources.ResourceManagementClient/1.3.1"
        ]
      },
      "ResponseHeaders": {
        "Cache-Control": [
          "no-cache"
        ],
        "Pragma": [
          "no-cache"
        ],
        "Location": [
          "https://management.azure.com/subscriptions/0661b131-4a11-479b-96bf-2f95acca2f73/operationresults/eyJqb2JJZCI6IlJFU09VUkNFR1JPVVBERUxFVElPTkpPQi1QUzY1MDAtV0VTVENFTlRSQUxVUyIsImpvYkxvY2F0aW9uIjoid2VzdGNlbnRyYWx1cyJ9?api-version=2016-09-01"
        ],
        "Retry-After": [
          "15"
        ],
        "x-ms-ratelimit-remaining-subscription-reads": [
          "11990"
        ],
        "x-ms-request-id": [
          "5c8db409-a05d-46df-9332-7348bb459aca"
        ],
        "x-ms-correlation-request-id": [
          "5c8db409-a05d-46df-9332-7348bb459aca"
        ],
        "x-ms-routing-request-id": [
          "WESTEUROPE:20190717T131915Z:5c8db409-a05d-46df-9332-7348bb459aca"
        ],
        "Strict-Transport-Security": [
          "max-age=31536000; includeSubDomains"
        ],
        "X-Content-Type-Options": [
          "nosniff"
        ],
        "Date": [
          "Wed, 17 Jul 2019 13:19:15 GMT"
        ],
        "Expires": [
          "-1"
        ],
        "Content-Length": [
          "0"
        ]
      },
      "ResponseBody": "",
      "StatusCode": 202
    },
    {
      "RequestUri": "/subscriptions/0661b131-4a11-479b-96bf-2f95acca2f73/operationresults/eyJqb2JJZCI6IlJFU09VUkNFR1JPVVBERUxFVElPTkpPQi1QUzY1MDAtV0VTVENFTlRSQUxVUyIsImpvYkxvY2F0aW9uIjoid2VzdGNlbnRyYWx1cyJ9?api-version=2016-09-01",
      "EncodedRequestUri": "L3N1YnNjcmlwdGlvbnMvMDY2MWIxMzEtNGExMS00NzliLTk2YmYtMmY5NWFjY2EyZjczL29wZXJhdGlvbnJlc3VsdHMvZXlKcWIySkpaQ0k2SWxKRlUwOVZVa05GUjFKUFZWQkVSVXhGVkVsUFRrcFBRaTFRVXpZMU1EQXRWMFZUVkVORlRsUlNRVXhWVXlJc0ltcHZZa3h2WTJGMGFXOXVJam9pZDJWemRHTmxiblJ5WVd4MWN5Sjk/YXBpLXZlcnNpb249MjAxNi0wOS0wMQ==",
      "RequestMethod": "GET",
      "RequestBody": "",
      "RequestHeaders": {
        "User-Agent": [
          "FxVersion/4.6.27019.06",
          "OSName/Windows",
          "OSVersion/Microsoft.Windows.10.0.17134.",
          "Microsoft.Azure.Management.Internal.Resources.ResourceManagementClient/1.3.1"
        ]
      },
      "ResponseHeaders": {
        "Cache-Control": [
          "no-cache"
        ],
        "Pragma": [
          "no-cache"
        ],
        "Location": [
          "https://management.azure.com/subscriptions/0661b131-4a11-479b-96bf-2f95acca2f73/operationresults/eyJqb2JJZCI6IlJFU09VUkNFR1JPVVBERUxFVElPTkpPQi1QUzY1MDAtV0VTVENFTlRSQUxVUyIsImpvYkxvY2F0aW9uIjoid2VzdGNlbnRyYWx1cyJ9?api-version=2016-09-01"
        ],
        "Retry-After": [
          "15"
        ],
        "x-ms-ratelimit-remaining-subscription-reads": [
          "11989"
        ],
        "x-ms-request-id": [
          "1fe82aa6-1f9c-494f-b03e-45063d760553"
        ],
        "x-ms-correlation-request-id": [
          "1fe82aa6-1f9c-494f-b03e-45063d760553"
        ],
        "x-ms-routing-request-id": [
          "WESTEUROPE:20190717T131930Z:1fe82aa6-1f9c-494f-b03e-45063d760553"
        ],
        "Strict-Transport-Security": [
          "max-age=31536000; includeSubDomains"
        ],
        "X-Content-Type-Options": [
          "nosniff"
        ],
        "Date": [
          "Wed, 17 Jul 2019 13:19:30 GMT"
        ],
        "Expires": [
          "-1"
        ],
        "Content-Length": [
          "0"
        ]
      },
      "ResponseBody": "",
      "StatusCode": 202
    },
    {
      "RequestUri": "/subscriptions/0661b131-4a11-479b-96bf-2f95acca2f73/operationresults/eyJqb2JJZCI6IlJFU09VUkNFR1JPVVBERUxFVElPTkpPQi1QUzY1MDAtV0VTVENFTlRSQUxVUyIsImpvYkxvY2F0aW9uIjoid2VzdGNlbnRyYWx1cyJ9?api-version=2016-09-01",
      "EncodedRequestUri": "L3N1YnNjcmlwdGlvbnMvMDY2MWIxMzEtNGExMS00NzliLTk2YmYtMmY5NWFjY2EyZjczL29wZXJhdGlvbnJlc3VsdHMvZXlKcWIySkpaQ0k2SWxKRlUwOVZVa05GUjFKUFZWQkVSVXhGVkVsUFRrcFBRaTFRVXpZMU1EQXRWMFZUVkVORlRsUlNRVXhWVXlJc0ltcHZZa3h2WTJGMGFXOXVJam9pZDJWemRHTmxiblJ5WVd4MWN5Sjk/YXBpLXZlcnNpb249MjAxNi0wOS0wMQ==",
      "RequestMethod": "GET",
      "RequestBody": "",
      "RequestHeaders": {
        "User-Agent": [
          "FxVersion/4.6.27019.06",
          "OSName/Windows",
          "OSVersion/Microsoft.Windows.10.0.17134.",
          "Microsoft.Azure.Management.Internal.Resources.ResourceManagementClient/1.3.1"
        ]
      },
      "ResponseHeaders": {
        "Cache-Control": [
          "no-cache"
        ],
        "Pragma": [
          "no-cache"
        ],
        "Location": [
          "https://management.azure.com/subscriptions/0661b131-4a11-479b-96bf-2f95acca2f73/operationresults/eyJqb2JJZCI6IlJFU09VUkNFR1JPVVBERUxFVElPTkpPQi1QUzY1MDAtV0VTVENFTlRSQUxVUyIsImpvYkxvY2F0aW9uIjoid2VzdGNlbnRyYWx1cyJ9?api-version=2016-09-01"
        ],
        "Retry-After": [
          "15"
        ],
        "x-ms-ratelimit-remaining-subscription-reads": [
          "11988"
        ],
        "x-ms-request-id": [
          "c4aee570-5aa8-47f4-84ff-818d2d07bf4b"
        ],
        "x-ms-correlation-request-id": [
          "c4aee570-5aa8-47f4-84ff-818d2d07bf4b"
        ],
        "x-ms-routing-request-id": [
          "WESTEUROPE:20190717T131946Z:c4aee570-5aa8-47f4-84ff-818d2d07bf4b"
        ],
        "Strict-Transport-Security": [
          "max-age=31536000; includeSubDomains"
        ],
        "X-Content-Type-Options": [
          "nosniff"
        ],
        "Date": [
          "Wed, 17 Jul 2019 13:19:45 GMT"
        ],
        "Expires": [
          "-1"
        ],
        "Content-Length": [
          "0"
        ]
      },
      "ResponseBody": "",
      "StatusCode": 202
    },
    {
      "RequestUri": "/subscriptions/0661b131-4a11-479b-96bf-2f95acca2f73/operationresults/eyJqb2JJZCI6IlJFU09VUkNFR1JPVVBERUxFVElPTkpPQi1QUzY1MDAtV0VTVENFTlRSQUxVUyIsImpvYkxvY2F0aW9uIjoid2VzdGNlbnRyYWx1cyJ9?api-version=2016-09-01",
      "EncodedRequestUri": "L3N1YnNjcmlwdGlvbnMvMDY2MWIxMzEtNGExMS00NzliLTk2YmYtMmY5NWFjY2EyZjczL29wZXJhdGlvbnJlc3VsdHMvZXlKcWIySkpaQ0k2SWxKRlUwOVZVa05GUjFKUFZWQkVSVXhGVkVsUFRrcFBRaTFRVXpZMU1EQXRWMFZUVkVORlRsUlNRVXhWVXlJc0ltcHZZa3h2WTJGMGFXOXVJam9pZDJWemRHTmxiblJ5WVd4MWN5Sjk/YXBpLXZlcnNpb249MjAxNi0wOS0wMQ==",
      "RequestMethod": "GET",
      "RequestBody": "",
      "RequestHeaders": {
        "User-Agent": [
          "FxVersion/4.6.27019.06",
          "OSName/Windows",
          "OSVersion/Microsoft.Windows.10.0.17134.",
          "Microsoft.Azure.Management.Internal.Resources.ResourceManagementClient/1.3.1"
        ]
      },
      "ResponseHeaders": {
        "Cache-Control": [
          "no-cache"
        ],
        "Pragma": [
          "no-cache"
        ],
        "Location": [
          "https://management.azure.com/subscriptions/0661b131-4a11-479b-96bf-2f95acca2f73/operationresults/eyJqb2JJZCI6IlJFU09VUkNFR1JPVVBERUxFVElPTkpPQi1QUzY1MDAtV0VTVENFTlRSQUxVUyIsImpvYkxvY2F0aW9uIjoid2VzdGNlbnRyYWx1cyJ9?api-version=2016-09-01"
        ],
        "Retry-After": [
          "15"
        ],
        "x-ms-ratelimit-remaining-subscription-reads": [
          "11987"
        ],
        "x-ms-request-id": [
          "db7080f6-a4b4-427d-ac6d-d69031a22e78"
        ],
        "x-ms-correlation-request-id": [
          "db7080f6-a4b4-427d-ac6d-d69031a22e78"
        ],
        "x-ms-routing-request-id": [
          "WESTEUROPE:20190717T132001Z:db7080f6-a4b4-427d-ac6d-d69031a22e78"
        ],
        "Strict-Transport-Security": [
          "max-age=31536000; includeSubDomains"
        ],
        "X-Content-Type-Options": [
          "nosniff"
        ],
        "Date": [
          "Wed, 17 Jul 2019 13:20:00 GMT"
        ],
        "Expires": [
          "-1"
        ],
        "Content-Length": [
          "0"
        ]
      },
      "ResponseBody": "",
      "StatusCode": 202
    },
    {
      "RequestUri": "/subscriptions/0661b131-4a11-479b-96bf-2f95acca2f73/operationresults/eyJqb2JJZCI6IlJFU09VUkNFR1JPVVBERUxFVElPTkpPQi1QUzY1MDAtV0VTVENFTlRSQUxVUyIsImpvYkxvY2F0aW9uIjoid2VzdGNlbnRyYWx1cyJ9?api-version=2016-09-01",
      "EncodedRequestUri": "L3N1YnNjcmlwdGlvbnMvMDY2MWIxMzEtNGExMS00NzliLTk2YmYtMmY5NWFjY2EyZjczL29wZXJhdGlvbnJlc3VsdHMvZXlKcWIySkpaQ0k2SWxKRlUwOVZVa05GUjFKUFZWQkVSVXhGVkVsUFRrcFBRaTFRVXpZMU1EQXRWMFZUVkVORlRsUlNRVXhWVXlJc0ltcHZZa3h2WTJGMGFXOXVJam9pZDJWemRHTmxiblJ5WVd4MWN5Sjk/YXBpLXZlcnNpb249MjAxNi0wOS0wMQ==",
      "RequestMethod": "GET",
      "RequestBody": "",
      "RequestHeaders": {
        "User-Agent": [
          "FxVersion/4.6.27019.06",
          "OSName/Windows",
          "OSVersion/Microsoft.Windows.10.0.17134.",
          "Microsoft.Azure.Management.Internal.Resources.ResourceManagementClient/1.3.1"
        ]
      },
      "ResponseHeaders": {
        "Cache-Control": [
          "no-cache"
        ],
        "Pragma": [
          "no-cache"
        ],
        "Location": [
          "https://management.azure.com/subscriptions/0661b131-4a11-479b-96bf-2f95acca2f73/operationresults/eyJqb2JJZCI6IlJFU09VUkNFR1JPVVBERUxFVElPTkpPQi1QUzY1MDAtV0VTVENFTlRSQUxVUyIsImpvYkxvY2F0aW9uIjoid2VzdGNlbnRyYWx1cyJ9?api-version=2016-09-01"
        ],
        "Retry-After": [
          "15"
        ],
        "x-ms-ratelimit-remaining-subscription-reads": [
          "11986"
        ],
        "x-ms-request-id": [
          "87888744-3f74-4bcd-9c56-355c3012ce13"
        ],
        "x-ms-correlation-request-id": [
          "87888744-3f74-4bcd-9c56-355c3012ce13"
        ],
        "x-ms-routing-request-id": [
          "WESTEUROPE:20190717T132029Z:87888744-3f74-4bcd-9c56-355c3012ce13"
        ],
        "Strict-Transport-Security": [
          "max-age=31536000; includeSubDomains"
        ],
        "X-Content-Type-Options": [
          "nosniff"
        ],
        "Date": [
          "Wed, 17 Jul 2019 13:20:29 GMT"
        ],
        "Expires": [
          "-1"
        ],
        "Content-Length": [
          "0"
        ]
      },
      "ResponseBody": "",
      "StatusCode": 202
    },
    {
      "RequestUri": "/subscriptions/0661b131-4a11-479b-96bf-2f95acca2f73/operationresults/eyJqb2JJZCI6IlJFU09VUkNFR1JPVVBERUxFVElPTkpPQi1QUzY1MDAtV0VTVENFTlRSQUxVUyIsImpvYkxvY2F0aW9uIjoid2VzdGNlbnRyYWx1cyJ9?api-version=2016-09-01",
      "EncodedRequestUri": "L3N1YnNjcmlwdGlvbnMvMDY2MWIxMzEtNGExMS00NzliLTk2YmYtMmY5NWFjY2EyZjczL29wZXJhdGlvbnJlc3VsdHMvZXlKcWIySkpaQ0k2SWxKRlUwOVZVa05GUjFKUFZWQkVSVXhGVkVsUFRrcFBRaTFRVXpZMU1EQXRWMFZUVkVORlRsUlNRVXhWVXlJc0ltcHZZa3h2WTJGMGFXOXVJam9pZDJWemRHTmxiblJ5WVd4MWN5Sjk/YXBpLXZlcnNpb249MjAxNi0wOS0wMQ==",
      "RequestMethod": "GET",
      "RequestBody": "",
      "RequestHeaders": {
        "User-Agent": [
          "FxVersion/4.6.27019.06",
          "OSName/Windows",
          "OSVersion/Microsoft.Windows.10.0.17134.",
          "Microsoft.Azure.Management.Internal.Resources.ResourceManagementClient/1.3.1"
        ]
      },
      "ResponseHeaders": {
        "Cache-Control": [
          "no-cache"
        ],
        "Pragma": [
          "no-cache"
        ],
        "Location": [
          "https://management.azure.com/subscriptions/0661b131-4a11-479b-96bf-2f95acca2f73/operationresults/eyJqb2JJZCI6IlJFU09VUkNFR1JPVVBERUxFVElPTkpPQi1QUzY1MDAtV0VTVENFTlRSQUxVUyIsImpvYkxvY2F0aW9uIjoid2VzdGNlbnRyYWx1cyJ9?api-version=2016-09-01"
        ],
        "Retry-After": [
          "15"
        ],
        "x-ms-ratelimit-remaining-subscription-reads": [
          "11985"
        ],
        "x-ms-request-id": [
          "a582d313-bc26-4be4-b002-d695e4d5a17f"
        ],
        "x-ms-correlation-request-id": [
          "a582d313-bc26-4be4-b002-d695e4d5a17f"
        ],
        "x-ms-routing-request-id": [
          "WESTEUROPE:20190717T132045Z:a582d313-bc26-4be4-b002-d695e4d5a17f"
        ],
        "Strict-Transport-Security": [
          "max-age=31536000; includeSubDomains"
        ],
        "X-Content-Type-Options": [
          "nosniff"
        ],
        "Date": [
          "Wed, 17 Jul 2019 13:20:44 GMT"
        ],
        "Expires": [
          "-1"
        ],
        "Content-Length": [
          "0"
        ]
      },
      "ResponseBody": "",
      "StatusCode": 202
    },
    {
      "RequestUri": "/subscriptions/0661b131-4a11-479b-96bf-2f95acca2f73/operationresults/eyJqb2JJZCI6IlJFU09VUkNFR1JPVVBERUxFVElPTkpPQi1QUzY1MDAtV0VTVENFTlRSQUxVUyIsImpvYkxvY2F0aW9uIjoid2VzdGNlbnRyYWx1cyJ9?api-version=2016-09-01",
      "EncodedRequestUri": "L3N1YnNjcmlwdGlvbnMvMDY2MWIxMzEtNGExMS00NzliLTk2YmYtMmY5NWFjY2EyZjczL29wZXJhdGlvbnJlc3VsdHMvZXlKcWIySkpaQ0k2SWxKRlUwOVZVa05GUjFKUFZWQkVSVXhGVkVsUFRrcFBRaTFRVXpZMU1EQXRWMFZUVkVORlRsUlNRVXhWVXlJc0ltcHZZa3h2WTJGMGFXOXVJam9pZDJWemRHTmxiblJ5WVd4MWN5Sjk/YXBpLXZlcnNpb249MjAxNi0wOS0wMQ==",
      "RequestMethod": "GET",
      "RequestBody": "",
      "RequestHeaders": {
        "User-Agent": [
          "FxVersion/4.6.27019.06",
          "OSName/Windows",
          "OSVersion/Microsoft.Windows.10.0.17134.",
          "Microsoft.Azure.Management.Internal.Resources.ResourceManagementClient/1.3.1"
        ]
      },
      "ResponseHeaders": {
        "Cache-Control": [
          "no-cache"
        ],
        "Pragma": [
          "no-cache"
        ],
        "Location": [
          "https://management.azure.com/subscriptions/0661b131-4a11-479b-96bf-2f95acca2f73/operationresults/eyJqb2JJZCI6IlJFU09VUkNFR1JPVVBERUxFVElPTkpPQi1QUzY1MDAtV0VTVENFTlRSQUxVUyIsImpvYkxvY2F0aW9uIjoid2VzdGNlbnRyYWx1cyJ9?api-version=2016-09-01"
        ],
        "Retry-After": [
          "15"
        ],
        "x-ms-ratelimit-remaining-subscription-reads": [
          "11984"
        ],
        "x-ms-request-id": [
          "0591a9eb-42c0-4271-bdde-2eadc1d612b1"
        ],
        "x-ms-correlation-request-id": [
          "0591a9eb-42c0-4271-bdde-2eadc1d612b1"
        ],
        "x-ms-routing-request-id": [
          "WESTEUROPE:20190717T132100Z:0591a9eb-42c0-4271-bdde-2eadc1d612b1"
        ],
        "Strict-Transport-Security": [
          "max-age=31536000; includeSubDomains"
        ],
        "X-Content-Type-Options": [
          "nosniff"
        ],
        "Date": [
          "Wed, 17 Jul 2019 13:20:59 GMT"
        ],
        "Expires": [
          "-1"
        ],
        "Content-Length": [
          "0"
        ]
      },
      "ResponseBody": "",
      "StatusCode": 202
    },
    {
      "RequestUri": "/subscriptions/0661b131-4a11-479b-96bf-2f95acca2f73/operationresults/eyJqb2JJZCI6IlJFU09VUkNFR1JPVVBERUxFVElPTkpPQi1QUzY1MDAtV0VTVENFTlRSQUxVUyIsImpvYkxvY2F0aW9uIjoid2VzdGNlbnRyYWx1cyJ9?api-version=2016-09-01",
      "EncodedRequestUri": "L3N1YnNjcmlwdGlvbnMvMDY2MWIxMzEtNGExMS00NzliLTk2YmYtMmY5NWFjY2EyZjczL29wZXJhdGlvbnJlc3VsdHMvZXlKcWIySkpaQ0k2SWxKRlUwOVZVa05GUjFKUFZWQkVSVXhGVkVsUFRrcFBRaTFRVXpZMU1EQXRWMFZUVkVORlRsUlNRVXhWVXlJc0ltcHZZa3h2WTJGMGFXOXVJam9pZDJWemRHTmxiblJ5WVd4MWN5Sjk/YXBpLXZlcnNpb249MjAxNi0wOS0wMQ==",
      "RequestMethod": "GET",
      "RequestBody": "",
      "RequestHeaders": {
        "User-Agent": [
          "FxVersion/4.6.27019.06",
          "OSName/Windows",
          "OSVersion/Microsoft.Windows.10.0.17134.",
          "Microsoft.Azure.Management.Internal.Resources.ResourceManagementClient/1.3.1"
        ]
      },
      "ResponseHeaders": {
        "Cache-Control": [
          "no-cache"
        ],
        "Pragma": [
          "no-cache"
        ],
        "Location": [
          "https://management.azure.com/subscriptions/0661b131-4a11-479b-96bf-2f95acca2f73/operationresults/eyJqb2JJZCI6IlJFU09VUkNFR1JPVVBERUxFVElPTkpPQi1QUzY1MDAtV0VTVENFTlRSQUxVUyIsImpvYkxvY2F0aW9uIjoid2VzdGNlbnRyYWx1cyJ9?api-version=2016-09-01"
        ],
        "Retry-After": [
          "15"
        ],
        "x-ms-ratelimit-remaining-subscription-reads": [
          "11983"
        ],
        "x-ms-request-id": [
          "ed66824b-eac3-4dd5-8c00-2a10b34f3fb8"
        ],
        "x-ms-correlation-request-id": [
          "ed66824b-eac3-4dd5-8c00-2a10b34f3fb8"
        ],
        "x-ms-routing-request-id": [
          "WESTEUROPE:20190717T132115Z:ed66824b-eac3-4dd5-8c00-2a10b34f3fb8"
        ],
        "Strict-Transport-Security": [
          "max-age=31536000; includeSubDomains"
        ],
        "X-Content-Type-Options": [
          "nosniff"
        ],
        "Date": [
          "Wed, 17 Jul 2019 13:21:14 GMT"
        ],
        "Expires": [
          "-1"
        ],
        "Content-Length": [
          "0"
        ]
      },
      "ResponseBody": "",
      "StatusCode": 202
    },
    {
      "RequestUri": "/subscriptions/0661b131-4a11-479b-96bf-2f95acca2f73/operationresults/eyJqb2JJZCI6IlJFU09VUkNFR1JPVVBERUxFVElPTkpPQi1QUzY1MDAtV0VTVENFTlRSQUxVUyIsImpvYkxvY2F0aW9uIjoid2VzdGNlbnRyYWx1cyJ9?api-version=2016-09-01",
      "EncodedRequestUri": "L3N1YnNjcmlwdGlvbnMvMDY2MWIxMzEtNGExMS00NzliLTk2YmYtMmY5NWFjY2EyZjczL29wZXJhdGlvbnJlc3VsdHMvZXlKcWIySkpaQ0k2SWxKRlUwOVZVa05GUjFKUFZWQkVSVXhGVkVsUFRrcFBRaTFRVXpZMU1EQXRWMFZUVkVORlRsUlNRVXhWVXlJc0ltcHZZa3h2WTJGMGFXOXVJam9pZDJWemRHTmxiblJ5WVd4MWN5Sjk/YXBpLXZlcnNpb249MjAxNi0wOS0wMQ==",
      "RequestMethod": "GET",
      "RequestBody": "",
      "RequestHeaders": {
        "User-Agent": [
          "FxVersion/4.6.27019.06",
          "OSName/Windows",
          "OSVersion/Microsoft.Windows.10.0.17134.",
          "Microsoft.Azure.Management.Internal.Resources.ResourceManagementClient/1.3.1"
        ]
      },
      "ResponseHeaders": {
        "Cache-Control": [
          "no-cache"
        ],
        "Pragma": [
          "no-cache"
        ],
        "Location": [
          "https://management.azure.com/subscriptions/0661b131-4a11-479b-96bf-2f95acca2f73/operationresults/eyJqb2JJZCI6IlJFU09VUkNFR1JPVVBERUxFVElPTkpPQi1QUzY1MDAtV0VTVENFTlRSQUxVUyIsImpvYkxvY2F0aW9uIjoid2VzdGNlbnRyYWx1cyJ9?api-version=2016-09-01"
        ],
        "Retry-After": [
          "15"
        ],
        "x-ms-ratelimit-remaining-subscription-reads": [
          "11982"
        ],
        "x-ms-request-id": [
          "8e985906-3d6d-4e0e-bec7-53ef5f0bd211"
        ],
        "x-ms-correlation-request-id": [
          "8e985906-3d6d-4e0e-bec7-53ef5f0bd211"
        ],
        "x-ms-routing-request-id": [
          "WESTEUROPE:20190717T132131Z:8e985906-3d6d-4e0e-bec7-53ef5f0bd211"
        ],
        "Strict-Transport-Security": [
          "max-age=31536000; includeSubDomains"
        ],
        "X-Content-Type-Options": [
          "nosniff"
        ],
        "Date": [
          "Wed, 17 Jul 2019 13:21:30 GMT"
        ],
        "Expires": [
          "-1"
        ],
        "Content-Length": [
          "0"
        ]
      },
      "ResponseBody": "",
      "StatusCode": 202
    },
    {
      "RequestUri": "/subscriptions/0661b131-4a11-479b-96bf-2f95acca2f73/operationresults/eyJqb2JJZCI6IlJFU09VUkNFR1JPVVBERUxFVElPTkpPQi1QUzY1MDAtV0VTVENFTlRSQUxVUyIsImpvYkxvY2F0aW9uIjoid2VzdGNlbnRyYWx1cyJ9?api-version=2016-09-01",
      "EncodedRequestUri": "L3N1YnNjcmlwdGlvbnMvMDY2MWIxMzEtNGExMS00NzliLTk2YmYtMmY5NWFjY2EyZjczL29wZXJhdGlvbnJlc3VsdHMvZXlKcWIySkpaQ0k2SWxKRlUwOVZVa05GUjFKUFZWQkVSVXhGVkVsUFRrcFBRaTFRVXpZMU1EQXRWMFZUVkVORlRsUlNRVXhWVXlJc0ltcHZZa3h2WTJGMGFXOXVJam9pZDJWemRHTmxiblJ5WVd4MWN5Sjk/YXBpLXZlcnNpb249MjAxNi0wOS0wMQ==",
      "RequestMethod": "GET",
      "RequestBody": "",
      "RequestHeaders": {
        "User-Agent": [
          "FxVersion/4.6.27019.06",
          "OSName/Windows",
          "OSVersion/Microsoft.Windows.10.0.17134.",
          "Microsoft.Azure.Management.Internal.Resources.ResourceManagementClient/1.3.1"
        ]
      },
      "ResponseHeaders": {
        "Cache-Control": [
          "no-cache"
        ],
        "Pragma": [
          "no-cache"
        ],
        "Location": [
          "https://management.azure.com/subscriptions/0661b131-4a11-479b-96bf-2f95acca2f73/operationresults/eyJqb2JJZCI6IlJFU09VUkNFR1JPVVBERUxFVElPTkpPQi1QUzY1MDAtV0VTVENFTlRSQUxVUyIsImpvYkxvY2F0aW9uIjoid2VzdGNlbnRyYWx1cyJ9?api-version=2016-09-01"
        ],
        "Retry-After": [
          "15"
        ],
        "x-ms-ratelimit-remaining-subscription-reads": [
          "11981"
        ],
        "x-ms-request-id": [
          "15087b87-0332-42b3-a1b1-81931a305757"
        ],
        "x-ms-correlation-request-id": [
          "15087b87-0332-42b3-a1b1-81931a305757"
        ],
        "x-ms-routing-request-id": [
          "WESTEUROPE:20190717T132146Z:15087b87-0332-42b3-a1b1-81931a305757"
        ],
        "Strict-Transport-Security": [
          "max-age=31536000; includeSubDomains"
        ],
        "X-Content-Type-Options": [
          "nosniff"
        ],
        "Date": [
          "Wed, 17 Jul 2019 13:21:46 GMT"
        ],
        "Expires": [
          "-1"
        ],
        "Content-Length": [
          "0"
        ]
      },
      "ResponseBody": "",
      "StatusCode": 202
    },
    {
      "RequestUri": "/subscriptions/0661b131-4a11-479b-96bf-2f95acca2f73/operationresults/eyJqb2JJZCI6IlJFU09VUkNFR1JPVVBERUxFVElPTkpPQi1QUzY1MDAtV0VTVENFTlRSQUxVUyIsImpvYkxvY2F0aW9uIjoid2VzdGNlbnRyYWx1cyJ9?api-version=2016-09-01",
      "EncodedRequestUri": "L3N1YnNjcmlwdGlvbnMvMDY2MWIxMzEtNGExMS00NzliLTk2YmYtMmY5NWFjY2EyZjczL29wZXJhdGlvbnJlc3VsdHMvZXlKcWIySkpaQ0k2SWxKRlUwOVZVa05GUjFKUFZWQkVSVXhGVkVsUFRrcFBRaTFRVXpZMU1EQXRWMFZUVkVORlRsUlNRVXhWVXlJc0ltcHZZa3h2WTJGMGFXOXVJam9pZDJWemRHTmxiblJ5WVd4MWN5Sjk/YXBpLXZlcnNpb249MjAxNi0wOS0wMQ==",
      "RequestMethod": "GET",
      "RequestBody": "",
      "RequestHeaders": {
        "User-Agent": [
          "FxVersion/4.6.27019.06",
          "OSName/Windows",
          "OSVersion/Microsoft.Windows.10.0.17134.",
          "Microsoft.Azure.Management.Internal.Resources.ResourceManagementClient/1.3.1"
        ]
      },
      "ResponseHeaders": {
        "Cache-Control": [
          "no-cache"
        ],
        "Pragma": [
          "no-cache"
        ],
        "Location": [
          "https://management.azure.com/subscriptions/0661b131-4a11-479b-96bf-2f95acca2f73/operationresults/eyJqb2JJZCI6IlJFU09VUkNFR1JPVVBERUxFVElPTkpPQi1QUzY1MDAtV0VTVENFTlRSQUxVUyIsImpvYkxvY2F0aW9uIjoid2VzdGNlbnRyYWx1cyJ9?api-version=2016-09-01"
        ],
        "Retry-After": [
          "15"
        ],
        "x-ms-ratelimit-remaining-subscription-reads": [
          "11980"
        ],
        "x-ms-request-id": [
          "6181df34-c7ba-4a7b-aae6-58461bf39a89"
        ],
        "x-ms-correlation-request-id": [
          "6181df34-c7ba-4a7b-aae6-58461bf39a89"
        ],
        "x-ms-routing-request-id": [
          "WESTEUROPE:20190717T132201Z:6181df34-c7ba-4a7b-aae6-58461bf39a89"
        ],
        "Strict-Transport-Security": [
          "max-age=31536000; includeSubDomains"
        ],
        "X-Content-Type-Options": [
          "nosniff"
        ],
        "Date": [
          "Wed, 17 Jul 2019 13:22:01 GMT"
        ],
        "Expires": [
          "-1"
        ],
        "Content-Length": [
          "0"
        ]
      },
      "ResponseBody": "",
      "StatusCode": 202
    },
    {
      "RequestUri": "/subscriptions/0661b131-4a11-479b-96bf-2f95acca2f73/operationresults/eyJqb2JJZCI6IlJFU09VUkNFR1JPVVBERUxFVElPTkpPQi1QUzY1MDAtV0VTVENFTlRSQUxVUyIsImpvYkxvY2F0aW9uIjoid2VzdGNlbnRyYWx1cyJ9?api-version=2016-09-01",
      "EncodedRequestUri": "L3N1YnNjcmlwdGlvbnMvMDY2MWIxMzEtNGExMS00NzliLTk2YmYtMmY5NWFjY2EyZjczL29wZXJhdGlvbnJlc3VsdHMvZXlKcWIySkpaQ0k2SWxKRlUwOVZVa05GUjFKUFZWQkVSVXhGVkVsUFRrcFBRaTFRVXpZMU1EQXRWMFZUVkVORlRsUlNRVXhWVXlJc0ltcHZZa3h2WTJGMGFXOXVJam9pZDJWemRHTmxiblJ5WVd4MWN5Sjk/YXBpLXZlcnNpb249MjAxNi0wOS0wMQ==",
      "RequestMethod": "GET",
      "RequestBody": "",
      "RequestHeaders": {
        "User-Agent": [
          "FxVersion/4.6.27019.06",
          "OSName/Windows",
          "OSVersion/Microsoft.Windows.10.0.17134.",
          "Microsoft.Azure.Management.Internal.Resources.ResourceManagementClient/1.3.1"
        ]
      },
      "ResponseHeaders": {
        "Cache-Control": [
          "no-cache"
        ],
        "Pragma": [
          "no-cache"
        ],
        "Location": [
          "https://management.azure.com/subscriptions/0661b131-4a11-479b-96bf-2f95acca2f73/operationresults/eyJqb2JJZCI6IlJFU09VUkNFR1JPVVBERUxFVElPTkpPQi1QUzY1MDAtV0VTVENFTlRSQUxVUyIsImpvYkxvY2F0aW9uIjoid2VzdGNlbnRyYWx1cyJ9?api-version=2016-09-01"
        ],
        "Retry-After": [
          "15"
        ],
        "x-ms-ratelimit-remaining-subscription-reads": [
          "11979"
        ],
        "x-ms-request-id": [
          "e26d7f46-caa2-46c2-bd4f-d6832466f05c"
        ],
        "x-ms-correlation-request-id": [
          "e26d7f46-caa2-46c2-bd4f-d6832466f05c"
        ],
        "x-ms-routing-request-id": [
          "WESTEUROPE:20190717T132216Z:e26d7f46-caa2-46c2-bd4f-d6832466f05c"
        ],
        "Strict-Transport-Security": [
          "max-age=31536000; includeSubDomains"
        ],
        "X-Content-Type-Options": [
          "nosniff"
        ],
        "Date": [
          "Wed, 17 Jul 2019 13:22:16 GMT"
        ],
        "Expires": [
          "-1"
        ],
        "Content-Length": [
          "0"
        ]
      },
      "ResponseBody": "",
      "StatusCode": 202
    },
    {
      "RequestUri": "/subscriptions/0661b131-4a11-479b-96bf-2f95acca2f73/operationresults/eyJqb2JJZCI6IlJFU09VUkNFR1JPVVBERUxFVElPTkpPQi1QUzY1MDAtV0VTVENFTlRSQUxVUyIsImpvYkxvY2F0aW9uIjoid2VzdGNlbnRyYWx1cyJ9?api-version=2016-09-01",
      "EncodedRequestUri": "L3N1YnNjcmlwdGlvbnMvMDY2MWIxMzEtNGExMS00NzliLTk2YmYtMmY5NWFjY2EyZjczL29wZXJhdGlvbnJlc3VsdHMvZXlKcWIySkpaQ0k2SWxKRlUwOVZVa05GUjFKUFZWQkVSVXhGVkVsUFRrcFBRaTFRVXpZMU1EQXRWMFZUVkVORlRsUlNRVXhWVXlJc0ltcHZZa3h2WTJGMGFXOXVJam9pZDJWemRHTmxiblJ5WVd4MWN5Sjk/YXBpLXZlcnNpb249MjAxNi0wOS0wMQ==",
      "RequestMethod": "GET",
      "RequestBody": "",
      "RequestHeaders": {
        "User-Agent": [
          "FxVersion/4.6.27019.06",
          "OSName/Windows",
          "OSVersion/Microsoft.Windows.10.0.17134.",
          "Microsoft.Azure.Management.Internal.Resources.ResourceManagementClient/1.3.1"
        ]
      },
      "ResponseHeaders": {
        "Cache-Control": [
          "no-cache"
        ],
        "Pragma": [
          "no-cache"
        ],
        "Location": [
          "https://management.azure.com/subscriptions/0661b131-4a11-479b-96bf-2f95acca2f73/operationresults/eyJqb2JJZCI6IlJFU09VUkNFR1JPVVBERUxFVElPTkpPQi1QUzY1MDAtV0VTVENFTlRSQUxVUyIsImpvYkxvY2F0aW9uIjoid2VzdGNlbnRyYWx1cyJ9?api-version=2016-09-01"
        ],
        "Retry-After": [
          "15"
        ],
        "x-ms-ratelimit-remaining-subscription-reads": [
          "11978"
        ],
        "x-ms-request-id": [
          "bdbb681b-0b86-42d9-9ff3-55966c5b70e7"
        ],
        "x-ms-correlation-request-id": [
          "bdbb681b-0b86-42d9-9ff3-55966c5b70e7"
        ],
        "x-ms-routing-request-id": [
          "WESTEUROPE:20190717T132232Z:bdbb681b-0b86-42d9-9ff3-55966c5b70e7"
        ],
        "Strict-Transport-Security": [
          "max-age=31536000; includeSubDomains"
        ],
        "X-Content-Type-Options": [
          "nosniff"
        ],
        "Date": [
          "Wed, 17 Jul 2019 13:22:31 GMT"
        ],
        "Expires": [
          "-1"
        ],
        "Content-Length": [
          "0"
        ]
      },
      "ResponseBody": "",
      "StatusCode": 202
    },
    {
      "RequestUri": "/subscriptions/0661b131-4a11-479b-96bf-2f95acca2f73/operationresults/eyJqb2JJZCI6IlJFU09VUkNFR1JPVVBERUxFVElPTkpPQi1QUzY1MDAtV0VTVENFTlRSQUxVUyIsImpvYkxvY2F0aW9uIjoid2VzdGNlbnRyYWx1cyJ9?api-version=2016-09-01",
      "EncodedRequestUri": "L3N1YnNjcmlwdGlvbnMvMDY2MWIxMzEtNGExMS00NzliLTk2YmYtMmY5NWFjY2EyZjczL29wZXJhdGlvbnJlc3VsdHMvZXlKcWIySkpaQ0k2SWxKRlUwOVZVa05GUjFKUFZWQkVSVXhGVkVsUFRrcFBRaTFRVXpZMU1EQXRWMFZUVkVORlRsUlNRVXhWVXlJc0ltcHZZa3h2WTJGMGFXOXVJam9pZDJWemRHTmxiblJ5WVd4MWN5Sjk/YXBpLXZlcnNpb249MjAxNi0wOS0wMQ==",
      "RequestMethod": "GET",
      "RequestBody": "",
      "RequestHeaders": {
        "User-Agent": [
          "FxVersion/4.6.27019.06",
          "OSName/Windows",
          "OSVersion/Microsoft.Windows.10.0.17134.",
          "Microsoft.Azure.Management.Internal.Resources.ResourceManagementClient/1.3.1"
        ]
      },
      "ResponseHeaders": {
        "Cache-Control": [
          "no-cache"
        ],
        "Pragma": [
          "no-cache"
        ],
        "Location": [
          "https://management.azure.com/subscriptions/0661b131-4a11-479b-96bf-2f95acca2f73/operationresults/eyJqb2JJZCI6IlJFU09VUkNFR1JPVVBERUxFVElPTkpPQi1QUzY1MDAtV0VTVENFTlRSQUxVUyIsImpvYkxvY2F0aW9uIjoid2VzdGNlbnRyYWx1cyJ9?api-version=2016-09-01"
        ],
        "Retry-After": [
          "15"
        ],
        "x-ms-ratelimit-remaining-subscription-reads": [
          "11977"
        ],
        "x-ms-request-id": [
          "44f8b96c-cbf4-47aa-8270-18202dba5160"
        ],
        "x-ms-correlation-request-id": [
          "44f8b96c-cbf4-47aa-8270-18202dba5160"
        ],
        "x-ms-routing-request-id": [
          "WESTEUROPE:20190717T132247Z:44f8b96c-cbf4-47aa-8270-18202dba5160"
        ],
        "Strict-Transport-Security": [
          "max-age=31536000; includeSubDomains"
        ],
        "X-Content-Type-Options": [
          "nosniff"
        ],
        "Date": [
          "Wed, 17 Jul 2019 13:22:46 GMT"
        ],
        "Expires": [
          "-1"
        ],
        "Content-Length": [
          "0"
        ]
      },
      "ResponseBody": "",
      "StatusCode": 202
    },
    {
      "RequestUri": "/subscriptions/0661b131-4a11-479b-96bf-2f95acca2f73/operationresults/eyJqb2JJZCI6IlJFU09VUkNFR1JPVVBERUxFVElPTkpPQi1QUzY1MDAtV0VTVENFTlRSQUxVUyIsImpvYkxvY2F0aW9uIjoid2VzdGNlbnRyYWx1cyJ9?api-version=2016-09-01",
      "EncodedRequestUri": "L3N1YnNjcmlwdGlvbnMvMDY2MWIxMzEtNGExMS00NzliLTk2YmYtMmY5NWFjY2EyZjczL29wZXJhdGlvbnJlc3VsdHMvZXlKcWIySkpaQ0k2SWxKRlUwOVZVa05GUjFKUFZWQkVSVXhGVkVsUFRrcFBRaTFRVXpZMU1EQXRWMFZUVkVORlRsUlNRVXhWVXlJc0ltcHZZa3h2WTJGMGFXOXVJam9pZDJWemRHTmxiblJ5WVd4MWN5Sjk/YXBpLXZlcnNpb249MjAxNi0wOS0wMQ==",
      "RequestMethod": "GET",
      "RequestBody": "",
      "RequestHeaders": {
        "User-Agent": [
          "FxVersion/4.6.27019.06",
          "OSName/Windows",
          "OSVersion/Microsoft.Windows.10.0.17134.",
          "Microsoft.Azure.Management.Internal.Resources.ResourceManagementClient/1.3.1"
        ]
      },
      "ResponseHeaders": {
        "Cache-Control": [
          "no-cache"
        ],
        "Pragma": [
          "no-cache"
        ],
        "Location": [
          "https://management.azure.com/subscriptions/0661b131-4a11-479b-96bf-2f95acca2f73/operationresults/eyJqb2JJZCI6IlJFU09VUkNFR1JPVVBERUxFVElPTkpPQi1QUzY1MDAtV0VTVENFTlRSQUxVUyIsImpvYkxvY2F0aW9uIjoid2VzdGNlbnRyYWx1cyJ9?api-version=2016-09-01"
        ],
        "Retry-After": [
          "15"
        ],
        "x-ms-ratelimit-remaining-subscription-reads": [
          "11976"
        ],
        "x-ms-request-id": [
          "5097e226-5d62-4989-ac5e-b24d5ded50f4"
        ],
        "x-ms-correlation-request-id": [
          "5097e226-5d62-4989-ac5e-b24d5ded50f4"
        ],
        "x-ms-routing-request-id": [
          "WESTEUROPE:20190717T132303Z:5097e226-5d62-4989-ac5e-b24d5ded50f4"
        ],
        "Strict-Transport-Security": [
          "max-age=31536000; includeSubDomains"
        ],
        "X-Content-Type-Options": [
          "nosniff"
        ],
        "Date": [
          "Wed, 17 Jul 2019 13:23:02 GMT"
        ],
        "Expires": [
          "-1"
        ],
        "Content-Length": [
          "0"
        ]
      },
      "ResponseBody": "",
      "StatusCode": 202
    },
    {
      "RequestUri": "/subscriptions/0661b131-4a11-479b-96bf-2f95acca2f73/operationresults/eyJqb2JJZCI6IlJFU09VUkNFR1JPVVBERUxFVElPTkpPQi1QUzY1MDAtV0VTVENFTlRSQUxVUyIsImpvYkxvY2F0aW9uIjoid2VzdGNlbnRyYWx1cyJ9?api-version=2016-09-01",
      "EncodedRequestUri": "L3N1YnNjcmlwdGlvbnMvMDY2MWIxMzEtNGExMS00NzliLTk2YmYtMmY5NWFjY2EyZjczL29wZXJhdGlvbnJlc3VsdHMvZXlKcWIySkpaQ0k2SWxKRlUwOVZVa05GUjFKUFZWQkVSVXhGVkVsUFRrcFBRaTFRVXpZMU1EQXRWMFZUVkVORlRsUlNRVXhWVXlJc0ltcHZZa3h2WTJGMGFXOXVJam9pZDJWemRHTmxiblJ5WVd4MWN5Sjk/YXBpLXZlcnNpb249MjAxNi0wOS0wMQ==",
      "RequestMethod": "GET",
      "RequestBody": "",
      "RequestHeaders": {
        "User-Agent": [
          "FxVersion/4.6.27019.06",
          "OSName/Windows",
          "OSVersion/Microsoft.Windows.10.0.17134.",
          "Microsoft.Azure.Management.Internal.Resources.ResourceManagementClient/1.3.1"
        ]
      },
      "ResponseHeaders": {
        "Cache-Control": [
          "no-cache"
        ],
        "Pragma": [
          "no-cache"
        ],
        "x-ms-ratelimit-remaining-subscription-reads": [
          "11975"
        ],
        "x-ms-request-id": [
          "a81b7774-e3fe-455d-92d4-1c52e93a940c"
        ],
        "x-ms-correlation-request-id": [
          "a81b7774-e3fe-455d-92d4-1c52e93a940c"
        ],
        "x-ms-routing-request-id": [
          "WESTEUROPE:20190717T132318Z:a81b7774-e3fe-455d-92d4-1c52e93a940c"
        ],
        "Strict-Transport-Security": [
          "max-age=31536000; includeSubDomains"
        ],
        "X-Content-Type-Options": [
          "nosniff"
        ],
        "Date": [
          "Wed, 17 Jul 2019 13:23:17 GMT"
        ],
        "Expires": [
          "-1"
        ],
        "Content-Length": [
          "0"
        ]
      },
      "ResponseBody": "",
      "StatusCode": 200
    },
    {
      "RequestUri": "/subscriptions/0661b131-4a11-479b-96bf-2f95acca2f73/operationresults/eyJqb2JJZCI6IlJFU09VUkNFR1JPVVBERUxFVElPTkpPQi1QUzY1MDAtV0VTVENFTlRSQUxVUyIsImpvYkxvY2F0aW9uIjoid2VzdGNlbnRyYWx1cyJ9?api-version=2016-09-01",
      "EncodedRequestUri": "L3N1YnNjcmlwdGlvbnMvMDY2MWIxMzEtNGExMS00NzliLTk2YmYtMmY5NWFjY2EyZjczL29wZXJhdGlvbnJlc3VsdHMvZXlKcWIySkpaQ0k2SWxKRlUwOVZVa05GUjFKUFZWQkVSVXhGVkVsUFRrcFBRaTFRVXpZMU1EQXRWMFZUVkVORlRsUlNRVXhWVXlJc0ltcHZZa3h2WTJGMGFXOXVJam9pZDJWemRHTmxiblJ5WVd4MWN5Sjk/YXBpLXZlcnNpb249MjAxNi0wOS0wMQ==",
      "RequestMethod": "GET",
      "RequestBody": "",
      "RequestHeaders": {
        "User-Agent": [
          "FxVersion/4.6.27019.06",
          "OSName/Windows",
          "OSVersion/Microsoft.Windows.10.0.17134.",
          "Microsoft.Azure.Management.Internal.Resources.ResourceManagementClient/1.3.1"
        ]
      },
      "ResponseHeaders": {
        "Cache-Control": [
          "no-cache"
        ],
        "Pragma": [
          "no-cache"
        ],
        "x-ms-ratelimit-remaining-subscription-reads": [
          "11974"
        ],
        "x-ms-request-id": [
          "a96cea46-37f2-4102-916d-6f2f91a9bd3f"
        ],
        "x-ms-correlation-request-id": [
          "a96cea46-37f2-4102-916d-6f2f91a9bd3f"
        ],
        "x-ms-routing-request-id": [
          "WESTEUROPE:20190717T132318Z:a96cea46-37f2-4102-916d-6f2f91a9bd3f"
        ],
        "Strict-Transport-Security": [
          "max-age=31536000; includeSubDomains"
        ],
        "X-Content-Type-Options": [
          "nosniff"
        ],
        "Date": [
          "Wed, 17 Jul 2019 13:23:17 GMT"
        ],
        "Expires": [
          "-1"
        ],
        "Content-Length": [
          "0"
        ]
      },
      "ResponseBody": "",
      "StatusCode": 200
    }
  ],
  "Names": {
    "Test-SnapshotCrud": [
      "ps6500",
      "ps3235",
      "ps4590",
      "ps7450",
      "ps1517",
      "ps1249"
    ]
  },
  "Variables": {
    "SubscriptionId": "0661b131-4a11-479b-96bf-2f95acca2f73"
  }
}